Component: ARM Compiler 5.06 update 3 (build 300) Tool: armlink [4d35c9]

==============================================================================

Section Cross References

    main.o(.text) refers to os_cpu_c.o(.text) for OS_CPU_SysTickInit
    main.o(.text) refers to os_core.o(.text) for OSStatInit
    main.o(.text) refers to task.o(.text) for App_Task
    main.o(.text) refers to os_time.o(.text) for OSTimeDlyHMSM
    main.o(.text) refers to os_cpu_a.o(.text) for CPU_IntDis
    main.o(.text) refers to os_task.o(.text) for OSTaskCreateExt
    main.o(.text) refers to system_stm32f4xx.o(.data) for SystemCoreClock
    main.o(.text) refers to main.o(.bss) for App_TaskStartStk
    task.o(.text) refers to os_sem.o(.text) for OSSemSet
    task.o(.text) refers to customer.o(.text) for AT_CMD_Handle
    task.o(.text) refers to usart.o(.text) for processReport
    task.o(.text) refers to adc.o(.text) for Get_Adc_Average
    task.o(.text) refers to can.o(.text) for MotionCardCMDSend
    task.o(.text) refers to process.o(.text) for FightForBall1
    task.o(.text) refers to timer.o(.text) for Delay_ms
    task.o(.text) refers to shoot.o(.text) for PrepareGetBall
    task.o(.text) refers to elmo.o(.text) for ElmoInit
    task.o(.text) refers to gpio.o(.text) for PhotoelectricityInit
    task.o(.text) refers to steer.o(.text) for Enable_ROBS
    task.o(.text) refers to misc.o(.text) for NVIC_PriorityGroupConfig
    task.o(.text) refers to f2d.o(x$fpl$f2d) for __aeabi_f2d
    task.o(.text) refers to os_task.o(.text) for OSTaskSuspend
    task.o(.text) refers to os_mutex.o(.text) for OSMutexCreate
    task.o(.text) refers to task.o(.data) for PeriodSem
    task.o(.text) refers to task.o(.bss) for gRobot
    stm32f4xx_it.o(.text) refers to os_cpu_a.o(.text) for OS_CPU_SR_Save
    stm32f4xx_it.o(.text) refers to can.o(.text) for CAN_RxMsg
    stm32f4xx_it.o(.text) refers to usart.o(.text) for USART_OUT
    stm32f4xx_it.o(.text) refers to stm32f4xx_can.o(.text) for CAN_ClearFlag
    stm32f4xx_it.o(.text) refers to os_core.o(.text) for OSIntExit
    stm32f4xx_it.o(.text) refers to stm32f4xx_tim.o(.text) for TIM_GetITStatus
    stm32f4xx_it.o(.text) refers to os_sem.o(.text) for OSSemPost
    stm32f4xx_it.o(.text) refers to rt_memcpy_w.o(.text) for __aeabi_memcpy4
    stm32f4xx_it.o(.text) refers to os_core.o(.data) for OSIntNesting
    stm32f4xx_it.o(.text) refers to stm32f4xx_it.o(.data) for msg
    stm32f4xx_it.o(.text) refers to task.o(.bss) for gRobot
    stm32f4xx_it.o(.text) refers to task.o(.data) for PeriodSem
    stm32f4xx_it.o(.text) refers to timer.o(.text) for Delay_ms
    customer.o(.text) refers to strncmp.o(.text) for strncmp
    customer.o(.text) refers to os_cpu_a.o(.text) for OS_CPU_SR_Save
    customer.o(.text) refers to stm32f4xx_usart.o(.text) for USART_GetITStatus
    customer.o(.text) refers to usart.o(.text) for USART_OUT
    customer.o(.text) refers to os_core.o(.text) for OSIntExit
    customer.o(.text) refers to gasvalvecontrol.o(.text) for GasValveControl
    customer.o(.text) refers to atof.o(i.__hardfp_atof) for __hardfp_atof
    customer.o(.text) refers to d2f.o(x$fpl$d2f) for __aeabi_d2f
    customer.o(.text) refers to shoot.o(.text) for PitchAngleMotion
    customer.o(.text) refers to steer.o(.text) for ROBS_PosCrl
    customer.o(.text) refers to customer.o(.data) for bufferI
    customer.o(.text) refers to customer.o(.bss) for buffer
    customer.o(.text) refers to os_core.o(.data) for OSIntNesting
    customer.o(.text) refers to task.o(.bss) for gRobot
    customer.o(.text) refers to can.o(.text) for CAN_TxMsg
    process.o(.text) refers to stm32f4xx_gpio.o(.text) for GPIO_ReadInputDataBit
    process.o(.text) refers to timer.o(.text) for Delay_ms
    process.o(.text) refers to can.o(.text) for MotionCardCMDSend
    process.o(.text) refers to shoot.o(.text) for PrepareShootBall
    process.o(.text) refers to task.o(.bss) for gRobot
    shoot.o(.text) refers to elmo.o(.text) for PosCrl
    shoot.o(.text) refers to gasvalvecontrol.o(.text) for GasValveControl
    shoot.o(.text) refers to timer.o(.text) for Delay_ms
    shoot.o(.text) refers to steer.o(.text) for ROBS_PosCrl
    shoot.o(.text) refers to usart.o(.text) for USART_OUT
    shoot.o(.text) refers to task.o(.bss) for gRobot
    gasvalvecontrol.o(.text) refers to can.o(.text) for OSCANSendCmd
    steer.o(.text) refers to usart.o(.text) for USART_OUT
    steer.o(.text) refers to f2d.o(x$fpl$f2d) for __aeabi_f2d
    steer.o(.text) refers to daddsub_clz.o(x$fpl$dsub) for __aeabi_dsub
    steer.o(.text) refers to ddiv.o(x$fpl$ddiv) for __aeabi_ddiv
    steer.o(.text) refers to dmul.o(x$fpl$dmul) for __aeabi_dmul
    steer.o(.text) refers to daddsub_clz.o(x$fpl$dadd) for __aeabi_dadd
    steer.o(.text) refers to d2f.o(x$fpl$d2f) for __aeabi_d2f
    steer.o(.text) refers to basic.o(x$fpl$basic) for __aeabi_dneg
    steer.o(.text) refers to timer.o(.text) for Delay_ms
    steer.o(.text) refers to customer.o(.text) for SetMotionFlag
[...]
    OTG_HS_IRQHandler                        0x08004bad   Thumb Code     0  startup_stm32f4xx.o(.text)
    OTG_HS_WKUP_IRQHandler                   0x08004bad   Thumb Code     0  startup_stm32f4xx.o(.text)
    PVD_IRQHandler                           0x08004bad   Thumb Code     0  startup_stm32f4xx.o(.text)
    RCC_IRQHandler                           0x08004bad   Thumb Code     0  startup_stm32f4xx.o(.text)
    RTC_Alarm_IRQHandler                     0x08004bad   Thumb Code     0  startup_stm32f4xx.o(.text)
    RTC_WKUP_IRQHandler                      0x08004bad   Thumb Code     0  startup_stm32f4xx.o(.text)
    SDIO_IRQHandler                          0x08004bad   Thumb Code     0  startup_stm32f4xx.o(.text)
    SPI1_IRQHandler                          0x08004bad   Thumb Code     0  startup_stm32f4xx.o(.text)
    SPI2_IRQHandler                          0x08004bad   Thumb Code     0  startup_stm32f4xx.o(.text)
    SPI3_IRQHandler                          0x08004bad   Thumb Code     0  startup_stm32f4xx.o(.text)
    TAMP_STAMP_IRQHandler                    0x08004bad   Thumb Code     0  startup_stm32f4xx.o(.text)
    TIM1_BRK_TIM9_IRQHandler                 0x08004bad   Thumb Code     0  startup_stm32f4xx.o(.text)
    TIM1_CC_IRQHandler                       0x08004bad   Thumb Code     0  startup_stm32f4xx.o(.text)
    TIM1_TRG_COM_TIM11_IRQHandler            0x08004bad   Thumb Code     0  startup_stm32f4xx.o(.text)
    TIM6_DAC_IRQHandler                      0x08004bad   Thumb Code     0  startup_stm32f4xx.o(.text)
    TIM7_IRQHandler                          0x08004bad   Thumb Code     0  startup_stm32f4xx.o(.text)
    TIM8_BRK_TIM12_IRQHandler                0x08004bad   Thumb Code     0  startup_stm32f4xx.o(.text)
    TIM8_CC_IRQHandler                       0x08004bad   Thumb Code     0  startup_stm32f4xx.o(.text)
    TIM8_TRG_COM_TIM14_IRQHandler            0x08004bad   Thumb Code     0  startup_stm32f4xx.o(.text)
    UART4_IRQHandler                         0x08004bad   Thumb Code     0  startup_stm32f4xx.o(.text)
    USART6_IRQHandler                        0x08004bad   Thumb Code     0  startup_stm32f4xx.o(.text)
    WWDG_IRQHandler                          0x08004bad   Thumb Code     0  startup_stm32f4xx.o(.text)
    __user_initial_stackheap                 0x08004bb1   Thumb Code     0  startup_stm32f4xx.o(.text)
    OSInitHookBegin                          0x08004bd9   Thumb Code    40  os_cpu_c.o(.text)
    OSInitHookEnd                            0x08004c01   Thumb Code     2  os_cpu_c.o(.text)
    OSTaskCreateHook                         0x08004c03   Thumb Code    12  os_cpu_c.o(.text)
    OSTaskDelHook                            0x08004c0f   Thumb Code    12  os_cpu_c.o(.text)
    OSTaskIdleHook                           0x08004c1b   Thumb Code     8  os_cpu_c.o(.text)
    OSTaskStatHook                           0x08004c23   Thumb Code     8  os_cpu_c.o(.text)
    OSTaskStkInit                            0x08004c2b   Thumb Code   486  os_cpu_c.o(.text)
    OSTaskSwHook                             0x08004e11   Thumb Code     8  os_cpu_c.o(.text)
    OSTCBInitHook                            0x08004e19   Thumb Code    12  os_cpu_c.o(.text)
    OSTimeTickHook                           0x08004e25   Thumb Code    34  os_cpu_c.o(.text)
    SysTick_Handler                          0x08004e47   Thumb Code    34  os_cpu_c.o(.text)
    OS_CPU_SysTickInit                       0x08004e69   Thumb Code    28  os_cpu_c.o(.text)
    OS_CPU_SR_Save                           0x08004ea1   Thumb Code     0  os_cpu_a.o(.text)
    OS_CPU_SR_Restore                        0x08004ea9   Thumb Code     0  os_cpu_a.o(.text)
    OSStartHighRdy                           0x08004eaf   Thumb Code     0  os_cpu_a.o(.text)
    OSCtxSw                                  0x08004ecf   Thumb Code     0  os_cpu_a.o(.text)
    OSIntCtxSw                               0x08004ed9   Thumb Code     0  os_cpu_a.o(.text)
    PendSV_Handler                           0x08004ee3   Thumb Code     0  os_cpu_a.o(.text)
    CPU_IntDis                               0x08004f31   Thumb Code     0  os_cpu_a.o(.text)
    CPU_IntEn                                0x08004f35   Thumb Code     0  os_cpu_a.o(.text)
    OSDebugInit                              0x08004f59   Thumb Code   118  os_dbg.o(.text)
    OS_StrLen                                0x080050b5   Thumb Code    20  os_core.o(.text)
    OSEventNameGet                           0x080050c9   Thumb Code   118  os_core.o(.text)
    OSEventNameSet                           0x0800513f   Thumb Code   100  os_core.o(.text)
    OS_EventTaskRemoveMulti                  0x080051a3   Thumb Code    58  os_core.o(.text)
    OS_Sched                                 0x080051f7   Thumb Code    88  os_core.o(.text)
    OS_EventTaskWaitMulti                    0x0800524f   Thumb Code   136  os_core.o(.text)
    OSEventPendMulti                         0x080052d7   Thumb Code   760  os_core.o(.text)
    OS_TaskStatStkChk                        0x080055cf   Thumb Code    54  os_core.o(.text)
    OS_TaskStat                              0x08005605   Thumb Code   116  os_core.o(.text)
    OS_TaskIdle                              0x080056ad   Thumb Code    34  os_core.o(.text)
    OS_MemClr                                0x08005703   Thumb Code    18  os_core.o(.text)
    OSInit                                   0x0800582b   Thumb Code    56  os_core.o(.text)
    OSIntEnter                               0x08005863   Thumb Code    28  os_core.o(.text)
    OSIntExit                                0x0800587f   Thumb Code   258  os_core.o(.text)
    OSSchedLock                              0x08005981   Thumb Code    50  os_core.o(.text)
    OSSchedUnlock                            0x080059b3   Thumb Code    82  os_core.o(.text)
    OSStart                                  0x08005a05   Thumb Code    48  os_core.o(.text)
    OSStatInit                               0x08005a35   Thumb Code    62  os_core.o(.text)
    OSTimeTick                               0x08005a73   Thumb Code   210  os_core.o(.text)
    OSVersion                                0x08005b45   Thumb Code     6  os_core.o(.text)
    OS_Dummy                                 0x08005b4b   Thumb Code     2  os_core.o(.text)
    OS_EventTaskRemove                       0x08005b4d   Thumb Code    42  os_core.o(.text)
    OS_EventTaskRdy                          0x08005b77   Thumb Code   128  os_core.o(.text)
    OS_EventTaskWait                         0x08005bf7   Thumb Code   112  os_core.o(.text)
    OS_EventWaitListInit                     0x08005c67   Thumb Code    28  os_core.o(.text)
    OS_MemCopy                               0x08005c83   Thumb Code    20  os_core.o(.text)
    OS_TCBInit                               0x08005c97   Thumb Code   358  os_core.o(.text)
    OSFlagAccept                             0x08005e05   Thumb Code   262  os_flag.o(.text)
    OSFlagCreate                             0x08005f0b   Thumb Code    86  os_flag.o(.text)
    OS_FlagUnlink                            0x08005f61   Thumb Code    36  os_flag.o(.text)
    OSFlagDel                                0x08005fd7   Thumb Code   224  os_flag.o(.text)
    OSFlagNameGet                            0x080060b7   Thumb Code   100  os_flag.o(.text)
    OSFlagNameSet                            0x0800611b   Thumb Code    82  os_flag.o(.text)
    OSFlagPend                               0x08006205   Thumb Code   626  os_flag.o(.text)
    OSFlagPendGetFlagsRdy                    0x08006477   Thumb Code    26  os_flag.o(.text)
    OSFlagPost                               0x08006491   Thumb Code   322  os_flag.o(.text)
    OSFlagQuery                              0x080065d3   Thumb Code    58  os_flag.o(.text)
    OS_FlagInit                              0x0800660d   Thumb Code    78  os_flag.o(.text)
    OSMemCreate                              0x08006669   Thumb Code   164  os_mem.o(.text)
    OSMemGet                                 0x0800670d   Thumb Code    72  os_mem.o(.text)
    OSMemNameGet                             0x08006755   Thumb Code    80  os_mem.o(.text)
    OSMemNameSet                             0x080067a5   Thumb Code    64  os_mem.o(.text)
    OSMemPut                                 0x080067e5   Thumb Code    66  os_mem.o(.text)
    OSMemQuery                               0x08006827   Thumb Code    64  os_mem.o(.text)
    OS_MemInit                               0x08006867   Thumb Code    74  os_mem.o(.text)
    OSMutexAccept                            0x080068c1   Thumb Code   146  os_mutex.o(.text)
    OSMutexCreate                            0x08006953   Thumb Code   150  os_mutex.o(.text)
    OSMutexDel                               0x08006a5b   Thumb Code   284  os_mutex.o(.text)
    OSMutexPend                              0x08006b77   Thumb Code   594  os_mutex.o(.text)
    OSMutexPost                              0x08006dc9   Thumb Code   192  os_mutex.o(.text)
    OSMutexQuery                             0x08006e89   Thumb Code   118  os_mutex.o(.text)
    OSQAccept                                0x08006f0d   Thumb Code    98  os_q.o(.text)
    OSQCreate                                0x08006f6f   Thumb Code   144  os_q.o(.text)
    OSQDel                                   0x08006fff   Thumb Code   254  os_q.o(.text)
    OSQFlush                                 0x080070fd   Thumb Code    52  os_q.o(.text)
    OSQPend                                  0x08007131   Thumb Code   288  os_q.o(.text)
    OSQPendAbort                             0x08007251   Thumb Code   138  os_q.o(.text)
    OSQPost                                  0x080072db   Thumb Code   120  os_q.o(.text)
    OSQPostFront                             0x08007353   Thumb Code   146  os_q.o(.text)
    OSQPostOpt                               0x080073e5   Thumb Code   188  os_q.o(.text)
    OSQQuery                                 0x080074a1   Thumb Code   110  os_q.o(.text)
    OS_QInit                                 0x0800750f   Thumb Code    72  os_q.o(.text)
    OSSemAccept                              0x08007561   Thumb Code    48  os_sem.o(.text)
    OSSemCreate                              0x08007591   Thumb Code    72  os_sem.o(.text)
    OSSemDel                                 0x080075d9   Thumb Code   220  os_sem.o(.text)
    OSSemPend                                0x080076b5   Thumb Code   236  os_sem.o(.text)
    OSSemPendAbort                           0x080077a1   Thumb Code   138  os_sem.o(.text)
    OSSemPost                                0x0800782b   Thumb Code    94  os_sem.o(.text)
    OSSemQuery                               0x08007889   Thumb Code    88  os_sem.o(.text)
    OSSemSet                                 0x080078e1   Thumb Code    74  os_sem.o(.text)
    OSTaskChangePrio                         0x08007941   Thumb Code   418  os_task.o(.text)
    OSTaskCreate                             0x08007ae3   Thumb Code   156  os_task.o(.text)
    OS_TaskStkClr                            0x08007b7f   Thumb Code    26  os_task.o(.text)
    OSTaskCreateExt                          0x08007b99   Thumb Code   178  os_task.o(.text)
    OSTaskDel                                0x08007c4b   Thumb Code   354  os_task.o(.text)
    OSTaskDelReq                             0x08007dad   Thumb Code   112  os_task.o(.text)
    OSTaskNameGet                            0x08007e1d   Thumb Code   140  os_task.o(.text)
    OSTaskNameSet                            0x08007ea9   Thumb Code   120  os_task.o(.text)
    OSTaskResume                             0x08007f21   Thumb Code   162  os_task.o(.text)
    OSTaskStkChk                             0x08007fc3   Thumb Code   150  os_task.o(.text)
    OSTaskSuspend                            0x08008059   Thumb Code   172  os_task.o(.text)
    OSTaskQuery                              0x08008105   Thumb Code   132  os_task.o(.text)
    OSTaskRegGet                             0x08008189   Thumb Code    86  os_task.o(.text)
    OSTaskRegSet                             0x080081df   Thumb Code    84  os_task.o(.text)
    OS_TaskReturn                            0x08008233   Thumb Code    18  os_task.o(.text)
    OSTimeDly                                0x0800824d   Thumb Code   100  os_time.o(.text)
    OSTimeDlyHMSM                            0x080082b1   Thumb Code   124  os_time.o(.text)
    OSTimeDlyResume                          0x0800832d   Thumb Code   168  os_time.o(.text)
    OSTimeGet                                0x080083d5   Thumb Code    24  os_time.o(.text)
    OSTimeSet                                0x080083ed   Thumb Code    24  os_time.o(.text)
    OSTmrCreate                              0x08008453   Thumb Code   142  os_tmr.o(.text)
    OSTmrDel                                 0x08008559   Thumb Code   134  os_tmr.o(.text)
    OSTmrNameGet                             0x080085df   Thumb Code   134  os_tmr.o(.text)
    OSTmrRemainGet                           0x08008665   Thumb Code   172  os_tmr.o(.text)
    OSTmrStateGet                            0x08008711   Thumb Code    96  os_tmr.o(.text)
    OSTmrStart                               0x080087d5   Thumb Code   166  os_tmr.o(.text)
    OSTmrStop                                0x0800887b   Thumb Code   190  os_tmr.o(.text)
    OSTmrSignal                              0x08008939   Thumb Code    16  os_tmr.o(.text)
    OSTmr_Init                               0x080089ed   Thumb Code   172  os_tmr.o(.text)
    OSTaskReturnHook                         0x08008b01   Thumb Code     2  os_apphooks.o(.text)
    App_TaskCreateHook                       0x08008b03   Thumb Code     2  os_apphooks.o(.text)
    App_TaskDelHook                          0x08008b05   Thumb Code     2  os_apphooks.o(.text)
    App_TaskIdleHook                         0x08008b07   Thumb Code     2  os_apphooks.o(.text)
    App_TaskReturnHook                       0x08008b09   Thumb Code     2  os_apphooks.o(.text)
    App_TaskStatHook                         0x08008b0b   Thumb Code     2  os_apphooks.o(.text)
    App_TaskSwHook                           0x08008b0d   Thumb Code     2  os_apphooks.o(.text)
    App_TCBInitHook                          0x08008b0f   Thumb Code     2  os_apphooks.o(.text)
    App_TimeTickHook                         0x08008b11   Thumb Code     2  os_apphooks.o(.text)
    GPIO_DeInit                              0x08008b15   Thumb Code   220  stm32f4xx_gpio.o(.text)
    GPIO_Init                                0x08008bf1   Thumb Code   144  stm32f4xx_gpio.o(.text)
    GPIO_StructInit                          0x08008c81   Thumb Code    18  stm32f4xx_gpio.o(.text)
    GPIO_PinLockConfig                       0x08008c93   Thumb Code    34  stm32f4xx_gpio.o(.text)
    GPIO_ReadInputDataBit                    0x08008cb5   Thumb Code    18  stm32f4xx_gpio.o(.text)
    GPIO_ReadInputData                       0x08008cc7   Thumb Code     8  stm32f4xx_gpio.o(.text)
    GPIO_ReadOutputDataBit                   0x08008ccf   Thumb Code    18  stm32f4xx_gpio.o(.text)
    GPIO_ReadOutputData                      0x08008ce1   Thumb Code     8  stm32f4xx_gpio.o(.text)
    GPIO_SetBits                             0x08008ce9   Thumb Code     4  stm32f4xx_gpio.o(.text)
    GPIO_ResetBits                           0x08008ced   Thumb Code     4  stm32f4xx_gpio.o(.text)
    GPIO_WriteBit                            0x08008cf1   Thumb Code    10  stm32f4xx_gpio.o(.text)
    GPIO_Write                               0x08008cfb   Thumb Code     4  stm32f4xx_gpio.o(.text)
    GPIO_ToggleBits                          0x08008cff   Thumb Code     8  stm32f4xx_gpio.o(.text)
    GPIO_PinAFConfig                         0x08008d07   Thumb Code    70  stm32f4xx_gpio.o(.text)
    RCC_DeInit                               0x08008d71   Thumb Code    60  stm32f4xx_rcc.o(.text)
    RCC_HSEConfig                            0x08008dad   Thumb Code    14  stm32f4xx_rcc.o(.text)
    RCC_GetFlagStatus                        0x08008dbb   Thumb Code    60  stm32f4xx_rcc.o(.text)
    RCC_WaitForHSEStartUp                    0x08008df7   Thumb Code    56  stm32f4xx_rcc.o(.text)
    RCC_AdjustHSICalibrationValue            0x08008e2f   Thumb Code    20  stm32f4xx_rcc.o(.text)
    RCC_HSICmd                               0x08008e43   Thumb Code     6  stm32f4xx_rcc.o(.text)
    RCC_LSEConfig                            0x08008e49   Thumb Code    46  stm32f4xx_rcc.o(.text)
    RCC_LSICmd                               0x08008e77   Thumb Code     6  stm32f4xx_rcc.o(.text)
    RCC_PLLConfig                            0x08008e7d   Thumb Code    32  stm32f4xx_rcc.o(.text)
    RCC_PLLCmd                               0x08008e9d   Thumb Code     6  stm32f4xx_rcc.o(.text)
    RCC_PLLI2SConfig                         0x08008ea3   Thumb Code    14  stm32f4xx_rcc.o(.text)
    RCC_PLLI2SCmd                            0x08008eb1   Thumb Code     6  stm32f4xx_rcc.o(.text)
    RCC_ClockSecuritySystemCmd               0x08008eb7   Thumb Code     6  stm32f4xx_rcc.o(.text)
    RCC_MCO1Config                           0x08008ebd   Thumb Code    28  stm32f4xx_rcc.o(.text)
    RCC_MCO2Config                           0x08008ed9   Thumb Code    28  stm32f4xx_rcc.o(.text)
    RCC_SYSCLKConfig                         0x08008ef5   Thumb Code    20  stm32f4xx_rcc.o(.text)
    RCC_GetSYSCLKSource                      0x08008f09   Thumb Code    12  stm32f4xx_rcc.o(.text)
    RCC_HCLKConfig                           0x08008f15   Thumb Code    20  stm32f4xx_rcc.o(.text)
    RCC_PCLK1Config                          0x08008f29   Thumb Code    20  stm32f4xx_rcc.o(.text)
    RCC_PCLK2Config                          0x08008f3d   Thumb Code    22  stm32f4xx_rcc.o(.text)
    RCC_GetClocksFreq                        0x08008f53   Thumb Code   222  stm32f4xx_rcc.o(.text)
    RCC_RTCCLKConfig                         0x08009031   Thumb Code    54  stm32f4xx_rcc.o(.text)
    RCC_RTCCLKCmd                            0x08009067   Thumb Code     8  stm32f4xx_rcc.o(.text)
    RCC_BackupResetCmd                       0x0800906f   Thumb Code     8  stm32f4xx_rcc.o(.text)
    RCC_I2SCLKConfig                         0x08009077   Thumb Code     6  stm32f4xx_rcc.o(.text)
    RCC_AHB1PeriphClockCmd                   0x0800907d   Thumb Code    34  stm32f4xx_rcc.o(.text)
    RCC_AHB2PeriphClockCmd                   0x0800909f   Thumb Code    34  stm32f4xx_rcc.o(.text)
    RCC_AHB3PeriphClockCmd                   0x080090c1   Thumb Code    34  stm32f4xx_rcc.o(.text)
    RCC_APB1PeriphClockCmd                   0x080090e3   Thumb Code    34  stm32f4xx_rcc.o(.text)
    RCC_APB2PeriphClockCmd                   0x08009105   Thumb Code    34  stm32f4xx_rcc.o(.text)
    RCC_AHB1PeriphResetCmd                   0x08009127   Thumb Code    34  stm32f4xx_rcc.o(.text)
    RCC_AHB2PeriphResetCmd                   0x08009149   Thumb Code    72  stm32f4xx_rcc.o(.text)
    RCC_AHB3PeriphResetCmd                   0x08009191   Thumb Code    34  stm32f4xx_rcc.o(.text)
    RCC_APB1PeriphResetCmd                   0x080091b3   Thumb Code    34  stm32f4xx_rcc.o(.text)
    RCC_APB2PeriphResetCmd                   0x080091d5   Thumb Code    34  stm32f4xx_rcc.o(.text)
    RCC_AHB1PeriphClockLPModeCmd             0x080091f7   Thumb Code    34  stm32f4xx_rcc.o(.text)
    RCC_AHB2PeriphClockLPModeCmd             0x08009219   Thumb Code    34  stm32f4xx_rcc.o(.text)
    RCC_AHB3PeriphClockLPModeCmd             0x0800923b   Thumb Code    34  stm32f4xx_rcc.o(.text)
    RCC_APB1PeriphClockLPModeCmd             0x0800925d   Thumb Code    34  stm32f4xx_rcc.o(.text)
    RCC_APB2PeriphClockLPModeCmd             0x0800927f   Thumb Code    34  stm32f4xx_rcc.o(.text)
    RCC_ITConfig                             0x080092a1   Thumb Code    34  stm32f4xx_rcc.o(.text)
    RCC_ClearFlag                            0x080092c3   Thumb Code    18  stm32f4xx_rcc.o(.text)
    RCC_GetITStatus                          0x080092d5   Thumb Code    22  stm32f4xx_rcc.o(.text)
    RCC_ClearITPendingBit                    0x080092eb   Thumb Code     8  stm32f4xx_rcc.o(.text)
    NVIC_PriorityGroupConfig                 0x080092f9   Thumb Code    10  misc.o(.text)
    NVIC_Init                                0x08009303   Thumb Code   106  misc.o(.text)
    NVIC_SetVectorTable                      0x0800936d   Thumb Code    14  misc.o(.text)
    NVIC_SystemLPConfig                      0x0800937b   Thumb Code    34  misc.o(.text)
    SysTick_CLKSourceConfig                  0x0800939d   Thumb Code    40  misc.o(.text)
    TIM_DeInit                               0x080093d9   Thumb Code   346  stm32f4xx_tim.o(.text)
    TIM_TimeBaseInit                         0x08009533   Thumb Code   104  stm32f4xx_tim.o(.text)
    TIM_TimeBaseStructInit                   0x0800959b   Thumb Code    18  stm32f4xx_tim.o(.text)
    TIM_PrescalerConfig                      0x080095ad   Thumb Code     6  stm32f4xx_tim.o(.text)
    TIM_CounterModeConfig                    0x080095b3   Thumb Code    18  stm32f4xx_tim.o(.text)
    TIM_SetCounter                           0x080095c5   Thumb Code     4  stm32f4xx_tim.o(.text)
    TIM_SetAutoreload                        0x080095c9   Thumb Code     4  stm32f4xx_tim.o(.text)
    TIM_GetCounter                           0x080095cd   Thumb Code     6  stm32f4xx_tim.o(.text)
    TIM_GetPrescaler                         0x080095d3   Thumb Code     6  stm32f4xx_tim.o(.text)
    TIM_UpdateDisableConfig                  0x080095d9   Thumb Code    24  stm32f4xx_tim.o(.text)
    TIM_UpdateRequestConfig                  0x080095f1   Thumb Code    24  stm32f4xx_tim.o(.text)
    TIM_ARRPreloadConfig                     0x08009609   Thumb Code    24  stm32f4xx_tim.o(.text)
    TIM_SelectOnePulseMode                   0x08009621   Thumb Code    18  stm32f4xx_tim.o(.text)
    TIM_SetClockDivision                     0x08009633   Thumb Code    18  stm32f4xx_tim.o(.text)
    TIM_Cmd                                  0x08009645   Thumb Code    24  stm32f4xx_tim.o(.text)
    TIM_OC1Init                              0x0800965d   Thumb Code   114  stm32f4xx_tim.o(.text)
    TIM_OC2Init                              0x080096cf   Thumb Code   154  stm32f4xx_tim.o(.text)
    TIM_OC3Init                              0x08009769   Thumb Code   204  stm32f4xx_tim.o(.text)
    TIM_OC4Init                              0x08009835   Thumb Code   112  stm32f4xx_tim.o(.text)
    TIM_OCStructInit                         0x080098a5   Thumb Code    20  stm32f4xx_tim.o(.text)
    TIM_SelectOCxM                           0x080098b9   Thumb Code    86  stm32f4xx_tim.o(.text)
    TIM_SetCompare1                          0x0800990f   Thumb Code     4  stm32f4xx_tim.o(.text)
    TIM_SetCompare2                          0x08009913   Thumb Code     4  stm32f4xx_tim.o(.text)
    TIM_SetCompare3                          0x08009917   Thumb Code     4  stm32f4xx_tim.o(.text)
    TIM_SetCompare4                          0x0800991b   Thumb Code     4  stm32f4xx_tim.o(.text)
    TIM_ForcedOC1Config                      0x0800991f   Thumb Code    18  stm32f4xx_tim.o(.text)
    TIM_ForcedOC2Config                      0x08009931   Thumb Code    26  stm32f4xx_tim.o(.text)
    TIM_ForcedOC3Config                      0x0800994b   Thumb Code    18  stm32f4xx_tim.o(.text)
    TIM_ForcedOC4Config                      0x0800995d   Thumb Code    26  stm32f4xx_tim.o(.text)
    TIM_OC1PreloadConfig                     0x08009977   Thumb Code    18  stm32f4xx_tim.o(.text)
    TIM_OC2PreloadConfig                     0x08009989   Thumb Code    26  stm32f4xx_tim.o(.text)
    TIM_OC3PreloadConfig                     0x080099a3   Thumb Code    18  stm32f4xx_tim.o(.text)
    TIM_OC4PreloadConfig                     0x080099b5   Thumb Code    26  stm32f4xx_tim.o(.text)
    TIM_OC1FastConfig                        0x080099cf   Thumb Code    18  stm32f4xx_tim.o(.text)
    TIM_OC2FastConfig                        0x080099e1   Thumb Code    26  stm32f4xx_tim.o(.text)
    TIM_OC3FastConfig                        0x080099fb   Thumb Code    18  stm32f4xx_tim.o(.text)
    TIM_OC4FastConfig                        0x08009a0d   Thumb Code    26  stm32f4xx_tim.o(.text)
    TIM_ClearOC1Ref                          0x08009a27   Thumb Code    18  stm32f4xx_tim.o(.text)
    TIM_ClearOC2Ref                          0x08009a39   Thumb Code    24  stm32f4xx_tim.o(.text)
    TIM_ClearOC3Ref                          0x08009a51   Thumb Code    18  stm32f4xx_tim.o(.text)
    TIM_ClearOC4Ref                          0x08009a63   Thumb Code    24  stm32f4xx_tim.o(.text)
    TIM_OC1PolarityConfig                    0x08009a7b   Thumb Code    18  stm32f4xx_tim.o(.text)
    TIM_OC1NPolarityConfig                   0x08009a8d   Thumb Code    18  stm32f4xx_tim.o(.text)
    TIM_OC2PolarityConfig                    0x08009a9f   Thumb Code    26  stm32f4xx_tim.o(.text)
    TIM_OC2NPolarityConfig                   0x08009ab9   Thumb Code    26  stm32f4xx_tim.o(.text)
    TIM_OC3PolarityConfig                    0x08009ad3   Thumb Code    26  stm32f4xx_tim.o(.text)
    TIM_OC3NPolarityConfig                   0x08009aed   Thumb Code    26  stm32f4xx_tim.o(.text)
    TIM_OC4PolarityConfig                    0x08009b07   Thumb Code    26  stm32f4xx_tim.o(.text)
    TIM_CCxCmd                               0x08009b21   Thumb Code    30  stm32f4xx_tim.o(.text)
    TIM_CCxNCmd                              0x08009b3f   Thumb Code    30  stm32f4xx_tim.o(.text)
    TIM_SetIC4Prescaler                      0x08009b5d   Thumb Code    26  stm32f4xx_tim.o(.text)
    TIM_SetIC3Prescaler                      0x08009bc7   Thumb Code    18  stm32f4xx_tim.o(.text)
    TIM_SetIC2Prescaler                      0x08009c21   Thumb Code    26  stm32f4xx_tim.o(.text)
    TIM_SetIC1Prescaler                      0x08009c95   Thumb Code    18  stm32f4xx_tim.o(.text)
    TIM_ICInit                               0x08009ce1   Thumb Code   110  stm32f4xx_tim.o(.text)
    TIM_ICStructInit                         0x08009d4f   Thumb Code    18  stm32f4xx_tim.o(.text)
    TIM_PWMIConfig                           0x08009d61   Thumb Code   124  stm32f4xx_tim.o(.text)
    TIM_GetCapture1                          0x08009ddd   Thumb Code     6  stm32f4xx_tim.o(.text)
    TIM_GetCapture2                          0x08009de3   Thumb Code     6  stm32f4xx_tim.o(.text)
    TIM_GetCapture3                          0x08009de9   Thumb Code     6  stm32f4xx_tim.o(.text)
    TIM_GetCapture4                          0x08009def   Thumb Code     6  stm32f4xx_tim.o(.text)
    TIM_BDTRConfig                           0x08009df5   Thumb Code    32  stm32f4xx_tim.o(.text)
    TIM_BDTRStructInit                       0x08009e15   Thumb Code    18  stm32f4xx_tim.o(.text)
    TIM_CtrlPWMOutputs                       0x08009e27   Thumb Code    30  stm32f4xx_tim.o(.text)
    TIM_SelectCOM                            0x08009e45   Thumb Code    24  stm32f4xx_tim.o(.text)
    TIM_CCPreloadControl                     0x08009e5d   Thumb Code    24  stm32f4xx_tim.o(.text)
    TIM_ITConfig                             0x08009e75   Thumb Code    18  stm32f4xx_tim.o(.text)
    TIM_GenerateEvent                        0x08009e87   Thumb Code     4  stm32f4xx_tim.o(.text)
    TIM_GetFlagStatus                        0x08009e8b   Thumb Code    18  stm32f4xx_tim.o(.text)
    TIM_ClearFlag                            0x08009e9d   Thumb Code     6  stm32f4xx_tim.o(.text)
    TIM_GetITStatus                          0x08009ea3   Thumb Code    34  stm32f4xx_tim.o(.text)
    TIM_ClearITPendingBit                    0x08009ec5   Thumb Code     6  stm32f4xx_tim.o(.text)
    TIM_DMAConfig                            0x08009ecb   Thumb Code    10  stm32f4xx_tim.o(.text)
    TIM_DMACmd                               0x08009ed5   Thumb Code    18  stm32f4xx_tim.o(.text)
    TIM_SelectCCDMA                          0x08009ee7   Thumb Code    24  stm32f4xx_tim.o(.text)
    TIM_InternalClockConfig                  0x08009eff   Thumb Code    12  stm32f4xx_tim.o(.text)
    TIM_SelectInputTrigger                   0x08009f0b   Thumb Code    18  stm32f4xx_tim.o(.text)
    TIM_ITRxExternalClockConfig              0x08009f1d   Thumb Code    24  stm32f4xx_tim.o(.text)
    TIM_TIxExternalClockConfig               0x08009f35   Thumb Code    62  stm32f4xx_tim.o(.text)
    TIM_ETRConfig                            0x08009f73   Thumb Code    28  stm32f4xx_tim.o(.text)
    TIM_ETRClockMode1Config                  0x08009f8f   Thumb Code    54  stm32f4xx_tim.o(.text)
    TIM_ETRClockMode2Config                  0x08009fc5   Thumb Code    32  stm32f4xx_tim.o(.text)
    TIM_SelectOutputTrigger                  0x08009fe5   Thumb Code    18  stm32f4xx_tim.o(.text)
    TIM_SelectSlaveMode                      0x08009ff7   Thumb Code    18  stm32f4xx_tim.o(.text)
    TIM_SelectMasterSlaveMode                0x0800a009   Thumb Code    18  stm32f4xx_tim.o(.text)
    TIM_EncoderInterfaceConfig               0x0800a01b   Thumb Code    66  stm32f4xx_tim.o(.text)
    TIM_SelectHallSensor                     0x0800a05d   Thumb Code    24  stm32f4xx_tim.o(.text)
    TIM_RemapConfig                          0x0800a075   Thumb Code     6  stm32f4xx_tim.o(.text)
    USART_DeInit                             0x0800a07d   Thumb Code   156  stm32f4xx_usart.o(.text)
    USART_Init                               0x0800a119   Thumb Code   204  stm32f4xx_usart.o(.text)
    USART_StructInit                         0x0800a1e5   Thumb Code    24  stm32f4xx_usart.o(.text)
    USART_ClockInit                          0x0800a1fd   Thumb Code    32  stm32f4xx_usart.o(.text)
    USART_ClockStructInit                    0x0800a21d   Thumb Code    12  stm32f4xx_usart.o(.text)
    USART_Cmd                                0x0800a229   Thumb Code    24  stm32f4xx_usart.o(.text)
    USART_SetPrescaler                       0x0800a241   Thumb Code    16  stm32f4xx_usart.o(.text)
    USART_OverSampling8Cmd                   0x0800a251   Thumb Code    22  stm32f4xx_usart.o(.text)
    USART_OneBitMethodCmd                    0x0800a267   Thumb Code    24  stm32f4xx_usart.o(.text)
    USART_ClearFlag                          0x0800a27f   Thumb Code    18  stm32f4xx_usart.o(.text)
    USART_GetFlagStatus                      0x0800a291   Thumb Code    26  stm32f4xx_usart.o(.text)
    USART_SendData                           0x0800a2ab   Thumb Code    44  stm32f4xx_usart.o(.text)
    USART_ReceiveData                        0x0800a2d7   Thumb Code    10  stm32f4xx_usart.o(.text)
    USART_SetAddress                         0x0800a2e1   Thumb Code    18  stm32f4xx_usart.o(.text)
    USART_ReceiverWakeUpCmd                  0x0800a2f3   Thumb Code    24  stm32f4xx_usart.o(.text)
    USART_WakeUpConfig                       0x0800a30b   Thumb Code    18  stm32f4xx_usart.o(.text)
    USART_LINBreakDetectLengthConfig         0x0800a31d   Thumb Code    18  stm32f4xx_usart.o(.text)
    USART_LINCmd                             0x0800a32f   Thumb Code    24  stm32f4xx_usart.o(.text)
    USART_SendBreak                          0x0800a347   Thumb Code    10  stm32f4xx_usart.o(.text)
    USART_HalfDuplexCmd                      0x0800a351   Thumb Code    24  stm32f4xx_usart.o(.text)
    USART_SetGuardTime                       0x0800a369   Thumb Code    16  stm32f4xx_usart.o(.text)
    USART_SmartCardCmd                       0x0800a379   Thumb Code    24  stm32f4xx_usart.o(.text)
    USART_SmartCardNACKCmd                   0x0800a391   Thumb Code    24  stm32f4xx_usart.o(.text)
    USART_IrDAConfig                         0x0800a3a9   Thumb Code    18  stm32f4xx_usart.o(.text)
    USART_IrDACmd                            0x0800a3bb   Thumb Code    24  stm32f4xx_usart.o(.text)
    USART_DMACmd                             0x0800a3d3   Thumb Code    18  stm32f4xx_usart.o(.text)
    USART_ITConfig                           0x0800a3e5   Thumb Code    74  stm32f4xx_usart.o(.text)
    USART_GetITStatus                        0x0800a42f   Thumb Code   110  stm32f4xx_usart.o(.text)
    USART_ClearITPendingBit                  0x0800a49d   Thumb Code    30  stm32f4xx_usart.o(.text)
    CAN_DeInit                               0x0800a4bd   Thumb Code    50  stm32f4xx_can.o(.text)
    CAN_Init                                 0x0800a4ef   Thumb Code   276  stm32f4xx_can.o(.text)
    CAN_FilterInit                           0x0800a603   Thumb Code   258  stm32f4xx_can.o(.text)
    CAN_StructInit                           0x0800a705   Thumb Code    32  stm32f4xx_can.o(.text)
    CAN_SlaveStartBank                       0x0800a725   Thumb Code    48  stm32f4xx_can.o(.text)
    CAN_DBGFreeze                            0x0800a755   Thumb Code    22  stm32f4xx_can.o(.text)
    CAN_TTComModeCmd                         0x0800a76b   Thumb Code   118  stm32f4xx_can.o(.text)
    CAN_Transmit                             0x0800a7e1   Thumb Code   304  stm32f4xx_can.o(.text)
    CAN_TransmitStatus                       0x0800a911   Thumb Code   138  stm32f4xx_can.o(.text)
    CAN_CancelTransmit                       0x0800a99b   Thumb Code    48  stm32f4xx_can.o(.text)
    CAN_Receive                              0x0800a9cb   Thumb Code   240  stm32f4xx_can.o(.text)
    CAN_FIFORelease                          0x0800aabb   Thumb Code    22  stm32f4xx_can.o(.text)
    CAN_MessagePending                       0x0800aad1   Thumb Code    30  stm32f4xx_can.o(.text)
    CAN_OperatingModeRequest                 0x0800aaef   Thumb Code   162  stm32f4xx_can.o(.text)
    CAN_Sleep                                0x0800ab91   Thumb Code    30  stm32f4xx_can.o(.text)
    CAN_WakeUp                               0x0800abaf   Thumb Code    48  stm32f4xx_can.o(.text)
    CAN_GetLastErrorCode                     0x0800abdf   Thumb Code    12  stm32f4xx_can.o(.text)
    CAN_GetReceiveErrorCounter               0x0800abeb   Thumb Code    10  stm32f4xx_can.o(.text)
    CAN_GetLSBTransmitErrorCounter           0x0800abf5   Thumb Code    12  stm32f4xx_can.o(.text)
    CAN_ITConfig                             0x0800ac01   Thumb Code    18  stm32f4xx_can.o(.text)
    CAN_GetFlagStatus                        0x0800ac13   Thumb Code   120  stm32f4xx_can.o(.text)
    CAN_ClearFlag                            0x0800ac8b   Thumb Code    52  stm32f4xx_can.o(.text)
    CAN_GetITStatus                          0x0800acd1   Thumb Code   310  stm32f4xx_can.o(.text)
    CAN_ClearITPendingBit                    0x0800ae07   Thumb Code   162  stm32f4xx_can.o(.text)
    DMA_DeInit                               0x0800aead   Thumb Code   324  stm32f4xx_dma.o(.text)
    DMA_Init                                 0x0800aff1   Thumb Code    82  stm32f4xx_dma.o(.text)
    DMA_StructInit                           0x0800b043   Thumb Code    34  stm32f4xx_dma.o(.text)
    DMA_Cmd                                  0x0800b065   Thumb Code    22  stm32f4xx_dma.o(.text)
    DMA_PeriphIncOffsetSizeConfig            0x0800b07b   Thumb Code    22  stm32f4xx_dma.o(.text)
    DMA_FlowControllerConfig                 0x0800b091   Thumb Code    22  stm32f4xx_dma.o(.text)
    DMA_SetCurrDataCounter                   0x0800b0a7   Thumb Code     4  stm32f4xx_dma.o(.text)
    DMA_GetCurrDataCounter                   0x0800b0ab   Thumb Code     8  stm32f4xx_dma.o(.text)
    DMA_DoubleBufferModeConfig               0x0800b0b3   Thumb Code    24  stm32f4xx_dma.o(.text)
    DMA_DoubleBufferModeCmd                  0x0800b0cb   Thumb Code    22  stm32f4xx_dma.o(.text)
    DMA_MemoryTargetConfig                   0x0800b0e1   Thumb Code    10  stm32f4xx_dma.o(.text)
    DMA_GetCurrentMemoryTarget               0x0800b0eb   Thumb Code    20  stm32f4xx_dma.o(.text)
    DMA_GetCmdStatus                         0x0800b0ff   Thumb Code    20  stm32f4xx_dma.o(.text)
    DMA_GetFIFOStatus                        0x0800b113   Thumb Code    12  stm32f4xx_dma.o(.text)
    DMA_GetFlagStatus                        0x0800b11f   Thumb Code    56  stm32f4xx_dma.o(.text)
    DMA_ClearFlag                            0x0800b157   Thumb Code    40  stm32f4xx_dma.o(.text)
    DMA_ITConfig                             0x0800b17f   Thumb Code    58  stm32f4xx_dma.o(.text)
    DMA_GetITStatus                          0x0800b1b9   Thumb Code    84  stm32f4xx_dma.o(.text)
    DMA_ClearITPendingBit                    0x0800b20d   Thumb Code    40  stm32f4xx_dma.o(.text)
    ADC_DeInit                               0x0800b255   Thumb Code    22  stm32f4xx_adc.o(.text)
    ADC_Init                                 0x0800b26b   Thumb Code    74  stm32f4xx_adc.o(.text)
    ADC_StructInit                           0x0800b2b5   Thumb Code    20  stm32f4xx_adc.o(.text)
    ADC_CommonInit                           0x0800b2c9   Thumb Code    34  stm32f4xx_adc.o(.text)
    ADC_CommonStructInit                     0x0800b2eb   Thumb Code    12  stm32f4xx_adc.o(.text)
    ADC_Cmd                                  0x0800b2f7   Thumb Code    22  stm32f4xx_adc.o(.text)
    ADC_AnalogWatchdogCmd                    0x0800b30d   Thumb Code    16  stm32f4xx_adc.o(.text)
    ADC_AnalogWatchdogThresholdsConfig       0x0800b31d   Thumb Code     6  stm32f4xx_adc.o(.text)
    ADC_AnalogWatchdogSingleChannelConfig    0x0800b323   Thumb Code    16  stm32f4xx_adc.o(.text)
    ADC_TempSensorVrefintCmd                 0x0800b333   Thumb Code    34  stm32f4xx_adc.o(.text)
    ADC_VBATCmd                              0x0800b355   Thumb Code    34  stm32f4xx_adc.o(.text)
    ADC_RegularChannelConfig                 0x0800b377   Thumb Code   184  stm32f4xx_adc.o(.text)
    ADC_SoftwareStartConv                    0x0800b42f   Thumb Code    10  stm32f4xx_adc.o(.text)
    ADC_GetSoftwareStartConvStatus           0x0800b439   Thumb Code    20  stm32f4xx_adc.o(.text)
    ADC_EOCOnEachRegularChannelCmd           0x0800b44d   Thumb Code    22  stm32f4xx_adc.o(.text)
    ADC_ContinuousModeCmd                    0x0800b463   Thumb Code    22  stm32f4xx_adc.o(.text)
    ADC_DiscModeChannelCountConfig           0x0800b479   Thumb Code    24  stm32f4xx_adc.o(.text)
    ADC_DiscModeCmd                          0x0800b491   Thumb Code    22  stm32f4xx_adc.o(.text)
    ADC_GetConversionValue                   0x0800b4a7   Thumb Code     8  stm32f4xx_adc.o(.text)
    ADC_GetMultiModeConversionValue          0x0800b4af   Thumb Code     8  stm32f4xx_adc.o(.text)
    ADC_DMACmd                               0x0800b4b7   Thumb Code    22  stm32f4xx_adc.o(.text)
    ADC_DMARequestAfterLastTransferCmd       0x0800b4cd   Thumb Code    22  stm32f4xx_adc.o(.text)
    ADC_MultiModeDMARequestAfterLastTransferCmd 0x0800b4e3   Thumb Code    34  stm32f4xx_adc.o(.text)
    ADC_InjectedChannelConfig                0x0800b505   Thumb Code   130  stm32f4xx_adc.o(.text)
    ADC_InjectedSequencerLengthConfig        0x0800b587   Thumb Code    24  stm32f4xx_adc.o(.text)
    ADC_SetInjectedOffset                    0x0800b59f   Thumb Code    20  stm32f4xx_adc.o(.text)
    ADC_ExternalTrigInjectedConvConfig       0x0800b5b3   Thumb Code    16  stm32f4xx_adc.o(.text)
    ADC_ExternalTrigInjectedConvEdgeConfig   0x0800b5c3   Thumb Code    16  stm32f4xx_adc.o(.text)
    ADC_SoftwareStartInjectedConv            0x0800b5d3   Thumb Code    10  stm32f4xx_adc.o(.text)
    ADC_GetSoftwareStartInjectedConvCmdStatus 0x0800b5dd   Thumb Code    20  stm32f4xx_adc.o(.text)
    ADC_AutoInjectedConvCmd                  0x0800b5f1   Thumb Code    22  stm32f4xx_adc.o(.text)
    ADC_InjectedDiscModeCmd                  0x0800b607   Thumb Code    22  stm32f4xx_adc.o(.text)
    ADC_GetInjectedConversionValue           0x0800b61d   Thumb Code    28  stm32f4xx_adc.o(.text)
    ADC_ITConfig                             0x0800b639   Thumb Code    56  stm32f4xx_adc.o(.text)
    ADC_GetFlagStatus                        0x0800b671   Thumb Code    18  stm32f4xx_adc.o(.text)
    ADC_ClearFlag                            0x0800b683   Thumb Code     6  stm32f4xx_adc.o(.text)
    ADC_GetITStatus                          0x0800b689   Thumb Code    38  stm32f4xx_adc.o(.text)
    ADC_ClearITPendingBit                    0x0800b6af   Thumb Code    10  stm32f4xx_adc.o(.text)
    __2sprintf                               0x0800b6b9   Thumb Code    34  noretval__2sprintf.o(.text)
    _printf_pre_padding                      0x0800b6e1   Thumb Code    44  _printf_pad.o(.text)
    _printf_post_padding                     0x0800b70d   Thumb Code    34  _printf_pad.o(.text)
    _printf_int_dec                          0x0800b731   Thumb Code   104  _printf_dec.o(.text)
    __printf                                 0x0800b7a9   Thumb Code   308  __printf_flags_wp.o(.text)
    strcpy                                   0x0800b8e1   Thumb Code    72  strcpy.o(.text)
    strlen                                   0x0800b929   Thumb Code    62  strlen.o(.text)
    strncmp                                  0x0800b967   Thumb Code   150  strncmp.o(.text)
    __aeabi_memcpy                           0x0800b9fd   Thumb Code     0  rt_memcpy_v6.o(.text)
    __rt_memcpy                              0x0800b9fd   Thumb Code   138  rt_memcpy_v6.o(.text)
    _memcpy_lastbytes                        0x0800ba63   Thumb Code     0  rt_memcpy_v6.o(.text)
    __aeabi_memcpy4                          0x0800ba87   Thumb Code     0  rt_memcpy_w.o(.text)
    __aeabi_memcpy8                          0x0800ba87   Thumb Code     0  rt_memcpy_w.o(.text)
    __rt_memcpy_w                            0x0800ba87   Thumb Code   100  rt_memcpy_w.o(.text)
    _memcpy_lastbytes_aligned                0x0800bacf   Thumb Code     0  rt_memcpy_w.o(.text)
    strcmp                                   0x0800baed   Thumb Code   128  strcmpv7m.o(.text)
    __use_two_region_memory                  0x0800bb6d   Thumb Code     2  heapauxi.o(.text)
    __rt_heap_escrow$2region                 0x0800bb6f   Thumb Code     2  heapauxi.o(.text)
    __rt_heap_expand$2region                 0x0800bb71   Thumb Code     2  heapauxi.o(.text)
    __read_errno                             0x0800bb73   Thumb Code    10  _rserrno.o(.text)
    __set_errno                              0x0800bb7d   Thumb Code    12  _rserrno.o(.text)
    _printf_int_common                       0x0800bb89   Thumb Code   178  _printf_intcommon.o(.text)
    _printf_char_common                      0x0800bc47   Thumb Code    32  _printf_char_common.o(.text)
    _sputc                                   0x0800bc6d   Thumb Code    10  _sputc.o(.text)
    __strtod_int                             0x0800bcb5   Thumb Code    90  strtod.o(.text)
    __aeabi_errno_addr                       0x0800bd1d   Thumb Code     8  rt_errno_addr_intlibspace.o(.text)
    __errno$intlibspace                      0x0800bd1d   Thumb Code     0  rt_errno_addr_intlibspace.o(.text)
    __rt_errno_addr$intlibspace              0x0800bd1d   Thumb Code     0  rt_errno_addr_intlibspace.o(.text)
    isspace                                  0x0800bd25   Thumb Code    18  isspace.o(.text)
    _sgetc                                   0x0800bd37   Thumb Code    30  _sgetc.o(.text)
    _sbackspace                              0x0800bd55   Thumb Code    34  _sgetc.o(.text)
    __user_libspace                          0x0800bd79   Thumb Code     8  libspace.o(.text)
    __user_perproc_libspace                  0x0800bd79   Thumb Code     0  libspace.o(.text)
    __user_perthread_libspace                0x0800bd79   Thumb Code     0  libspace.o(.text)
    __user_setup_stackheap                   0x0800bd81   Thumb Code    74  sys_stackheap_outer.o(.text)
    __rt_ctype_table                         0x0800bdcd   Thumb Code    16  rt_ctype_table.o(.text)
    _scanf_really_real                       0x0800bfd9   Thumb Code   668  scanf_fp.o(.text)
    exit                                     0x0800c281   Thumb Code    18  exit.o(.text)
    __rt_locale                              0x0800c295   Thumb Code     8  rt_locale_intlibspace.o(.text)
    _btod_etento                             0x0800c29d   Thumb Code   216  bigflt0.o(.text)
    _scanf_really_hex_real                   0x0800c379   Thumb Code   786  scanf_hexfp.o(.text)
    _scanf_really_infnan                     0x0800c699   Thumb Code   292  scanf_infnan.o(.text)
    _sys_exit                                0x0800c7cd   Thumb Code     8  sys_exit.o(.text)
    __aeabi_llsl                             0x0800c7d9   Thumb Code     0  llshl.o(.text)
    _ll_shift_l                              0x0800c7d9   Thumb Code    38  llshl.o(.text)
    _chval                                   0x0800c7ff   Thumb Code    28  _chval.o(.text)
    __I$use$semihosting                      0x0800c81b   Thumb Code     0  use_no_semi.o(.text)
    __use_no_semihosting_swi                 0x0800c81b   Thumb Code     2  use_no_semi.o(.text)
    __btod_div_common                        0x0800c81d   Thumb Code   696  btod.o(CL$$btod_div_common)
    __semihosting_library_function           0x0800c81d   Thumb Code     0  indicate_semi.o(.text)
    _e2d                                     0x0800cb55   Thumb Code    80  btod.o(CL$$btod_e2d)
    _e2e                                     0x0800cba9   Thumb Code   198  btod.o(CL$$btod_e2e)
    _btod_ediv                               0x0800cc6f   Thumb Code    40  btod.o(CL$$btod_ediv)
    _btod_edivd                              0x0800cc97   Thumb Code    40  btod.o(CL$$btod_edivd)
    _btod_emul                               0x0800ccbf   Thumb Code    40  btod.o(CL$$btod_emul)
    _btod_emuld                              0x0800cce7   Thumb Code    40  btod.o(CL$$btod_emuld)
    __btod_mult_common                       0x0800cd0f   Thumb Code   580  btod.o(CL$$btod_mult_common)
    __hardfp_atof                            0x0800cf59   Thumb Code    44  atof.o(i.__hardfp_atof)
    __hardfp_fabs                            0x0800cf91   Thumb Code    20  fabs.o(i.__hardfp_fabs)
    __hardfp_ldexp                           0x0800cfa9   Thumb Code   200  ldexp.o(i.__hardfp_ldexp)
    __mathlib_dbl_overflow                   0x0800d079   Thumb Code    24  dunder.o(i.__mathlib_dbl_overflow)
    __mathlib_dbl_underflow                  0x0800d099   Thumb Code    24  dunder.o(i.__mathlib_dbl_underflow)
    __mathlib_narrow                         0x0800d0b9   Thumb Code   166  narrow.o(i.__mathlib_narrow)
    __support_ldexp                          0x0800d171   Thumb Code    20  ldexp.o(i.__support_ldexp)
    _is_digit                                0x0800d185   Thumb Code    14  __printf_wp.o(i._is_digit)
    frexp                                    0x0800d199   Thumb Code   118  frexp.o(i.frexp)
    _get_lc_numeric                          0x0800d225   Thumb Code    44  lc_numeric_c.o(locale$$code)
    _get_lc_ctype                            0x0800d251   Thumb Code    44  lc_ctype_c.o(locale$$code)
    __aeabi_dneg                             0x0800d27d   Thumb Code     0  basic.o(x$fpl$basic)
    _dneg                                    0x0800d27d   Thumb Code     6  basic.o(x$fpl$basic)
    __aeabi_fneg                             0x0800d283   Thumb Code     0  basic.o(x$fpl$basic)
    _fneg                                    0x0800d283   Thumb Code     6  basic.o(x$fpl$basic)
    _dabs                                    0x0800d289   Thumb Code     6  basic.o(x$fpl$basic)
    _fabs                                    0x0800d28f   Thumb Code     6  basic.o(x$fpl$basic)
    __aeabi_d2f                              0x0800d295   Thumb Code     0  d2f.o(x$fpl$d2f)
    _d2f                                     0x0800d295   Thumb Code    98  d2f.o(x$fpl$d2f)
    __aeabi_dadd                             0x0800d2f9   Thumb Code     0  daddsub_clz.o(x$fpl$dadd)
    _dadd                                    0x0800d2f9   Thumb Code   332  daddsub_clz.o(x$fpl$dadd)
    __fpl_dcheck_NaN1                        0x0800d449   Thumb Code    10  dcheck1.o(x$fpl$dcheck1)
    __fpl_dcmp_Inf                           0x0800d459   Thumb Code    24  dcmpi.o(x$fpl$dcmpinf)
    __aeabi_ddiv                             0x0800d471   Thumb Code     0  ddiv.o(x$fpl$ddiv)
    _ddiv                                    0x0800d471   Thumb Code   552  ddiv.o(x$fpl$ddiv)
    __aeabi_cdcmpeq                          0x0800d721   Thumb Code     0  deqf.o(x$fpl$deqf)
    _dcmpeq                                  0x0800d721   Thumb Code   120  deqf.o(x$fpl$deqf)
    __aeabi_d2uiz                            0x0800d799   Thumb Code     0  dfixu.o(x$fpl$dfixu)
    _dfixu                                   0x0800d799   Thumb Code    90  dfixu.o(x$fpl$dfixu)
    __aeabi_i2d                              0x0800d7f3   Thumb Code     0  dflt_clz.o(x$fpl$dflt)
    _dflt                                    0x0800d7f3   Thumb Code    46  dflt_clz.o(x$fpl$dflt)
    __aeabi_cdcmple                          0x0800d821   Thumb Code     0  dleqf.o(x$fpl$dleqf)
    _dcmple                                  0x0800d821   Thumb Code   120  dleqf.o(x$fpl$dleqf)
    __fpl_dcmple_InfNaN                      0x0800d883   Thumb Code     0  dleqf.o(x$fpl$dleqf)
    __aeabi_dmul                             0x0800d899   Thumb Code     0  dmul.o(x$fpl$dmul)
    _dmul                                    0x0800d899   Thumb Code   332  dmul.o(x$fpl$dmul)
    __fpl_dnaninf                            0x0800d9ed   Thumb Code   156  dnaninf.o(x$fpl$dnaninf)
    __fpl_dretinf                            0x0800da89   Thumb Code    12  dretinf.o(x$fpl$dretinf)
    __aeabi_cdrcmple                         0x0800da95   Thumb Code     0  drleqf.o(x$fpl$drleqf)
    _drcmple                                 0x0800da95   Thumb Code   108  drleqf.o(x$fpl$drleqf)
    __aeabi_dsub                             0x0800db01   Thumb Code     0  daddsub_clz.o(x$fpl$dsub)
    _dsub                                    0x0800db01   Thumb Code   464  daddsub_clz.o(x$fpl$dsub)
    __aeabi_f2d                              0x0800dcd5   Thumb Code     0  f2d.o(x$fpl$f2d)
    _f2d                                     0x0800dcd5   Thumb Code    86  f2d.o(x$fpl$f2d)
    __fpl_fnaninf                            0x0800dd2b   Thumb Code   140  fnaninf.o(x$fpl$fnaninf)
    _fp_init                                 0x0800ddb7   Thumb Code    10  fpinit.o(x$fpl$fpinit)
    __fplib_config_fpu_vfp                   0x0800ddbf   Thumb Code     0  fpinit.o(x$fpl$fpinit)
    __fplib_config_pureend_doubles           0x0800ddbf   Thumb Code     0  fpinit.o(x$fpl$fpinit)
    __fpl_fretinf                            0x0800ddc1   Thumb Code    10  fretinf.o(x$fpl$fretinf)
    __fpl_return_NaN                         0x0800ddcb   Thumb Code   100  retnan.o(x$fpl$retnan)
    __ARM_scalbn                             0x0800de2f   Thumb Code    92  scalbn.o(x$fpl$scalbn)
    _scanf_real                              0x0800de8b   Thumb Code     4  scanf1.o(x$fpl$scanf1)
    _scanf_hex_real                          0x0800de8f   Thumb Code     4  scanf2.o(x$fpl$scanf2)
    _scanf_infnan                            0x0800de93   Thumb Code     4  scanf2.o(x$fpl$scanf2)
    __fpl_cmpreturn                          0x0800de97   Thumb Code    48  trapv.o(x$fpl$trapveneer)
    __I$use$fp                               0x0800dec6   Number         0  usenofp.o(x$fpl$usenofp)
    OSDebugEn                                0x0800dfa8   Data           2  os_dbg.o(.constdata)
    OSEndiannessTest                         0x0800dfac   Data           4  os_dbg.o(.constdata)
    OSEventEn                                0x0800dfb0   Data           2  os_dbg.o(.constdata)
    OSEventMax                               0x0800dfb2   Data           2  os_dbg.o(.constdata)
    OSEventNameEn                            0x0800dfb4   Data           2  os_dbg.o(.constdata)
    OSEventSize                              0x0800dfb6   Data           2  os_dbg.o(.constdata)
    OSEventTblSize                           0x0800dfb8   Data           2  os_dbg.o(.constdata)
    OSEventMultiEn                           0x0800dfba   Data           2  os_dbg.o(.constdata)
    OSFlagEn                                 0x0800dfbc   Data           2  os_dbg.o(.constdata)
    OSFlagGrpSize                            0x0800dfbe   Data           2  os_dbg.o(.constdata)
    OSFlagNodeSize                           0x0800dfc0   Data           2  os_dbg.o(.constdata)
    OSFlagWidth                              0x0800dfc2   Data           2  os_dbg.o(.constdata)
    OSFlagMax                                0x0800dfc4   Data           2  os_dbg.o(.constdata)
    OSFlagNameEn                             0x0800dfc6   Data           2  os_dbg.o(.constdata)
    OSLowestPrio                             0x0800dfc8   Data           2  os_dbg.o(.constdata)
    OSMboxEn                                 0x0800dfca   Data           2  os_dbg.o(.constdata)
    OSMemEn                                  0x0800dfcc   Data           2  os_dbg.o(.constdata)
    OSMemMax                                 0x0800dfce   Data           2  os_dbg.o(.constdata)
    OSMemNameEn                              0x0800dfd0   Data           2  os_dbg.o(.constdata)
    OSMemSize                                0x0800dfd2   Data           2  os_dbg.o(.constdata)
    OSMemTblSize                             0x0800dfd4   Data           2  os_dbg.o(.constdata)
    OSMutexEn                                0x0800dfd6   Data           2  os_dbg.o(.constdata)
    OSPtrSize                                0x0800dfd8   Data           2  os_dbg.o(.constdata)
    OSQEn                                    0x0800dfda   Data           2  os_dbg.o(.constdata)
    OSQMax                                   0x0800dfdc   Data           2  os_dbg.o(.constdata)
    OSQSize                                  0x0800dfde   Data           2  os_dbg.o(.constdata)
    OSRdyTblSize                             0x0800dfe0   Data           2  os_dbg.o(.constdata)
    OSSemEn                                  0x0800dfe2   Data           2  os_dbg.o(.constdata)
    OSStkWidth                               0x0800dfe4   Data           2  os_dbg.o(.constdata)
    OSTaskCreateEn                           0x0800dfe6   Data           2  os_dbg.o(.constdata)
    OSTaskCreateExtEn                        0x0800dfe8   Data           2  os_dbg.o(.constdata)
    OSTaskDelEn                              0x0800dfea   Data           2  os_dbg.o(.constdata)
    OSTaskIdleStkSize                        0x0800dfec   Data           2  os_dbg.o(.constdata)
    OSTaskProfileEn                          0x0800dfee   Data           2  os_dbg.o(.constdata)
    OSTaskMax                                0x0800dff0   Data           2  os_dbg.o(.constdata)
    OSTaskNameEn                             0x0800dff2   Data           2  os_dbg.o(.constdata)
    OSTaskStatEn                             0x0800dff4   Data           2  os_dbg.o(.constdata)
    OSTaskStatStkSize                        0x0800dff6   Data           2  os_dbg.o(.constdata)
    OSTaskStatStkChkEn                       0x0800dff8   Data           2  os_dbg.o(.constdata)
    OSTaskSwHookEn                           0x0800dffa   Data           2  os_dbg.o(.constdata)
    OSTaskRegTblSize                         0x0800dffc   Data           2  os_dbg.o(.constdata)
    OSTCBPrioTblMax                          0x0800dffe   Data           2  os_dbg.o(.constdata)
    OSTCBSize                                0x0800e000   Data           2  os_dbg.o(.constdata)
    OSTicksPerSec                            0x0800e002   Data           2  os_dbg.o(.constdata)
    OSTimeTickHookEn                         0x0800e004   Data           2  os_dbg.o(.constdata)
    OSVersionNbr                             0x0800e006   Data           2  os_dbg.o(.constdata)
    OSTmrEn                                  0x0800e008   Data           2  os_dbg.o(.constdata)
    OSTmrCfgMax                              0x0800e00a   Data           2  os_dbg.o(.constdata)
    OSTmrCfgNameEn                           0x0800e00c   Data           2  os_dbg.o(.constdata)
    OSTmrCfgWheelSize                        0x0800e00e   Data           2  os_dbg.o(.constdata)
    OSTmrCfgTicksPerSec                      0x0800e010   Data           2  os_dbg.o(.constdata)
    OSTmrSize                                0x0800e012   Data           2  os_dbg.o(.constdata)
    OSTmrTblSize                             0x0800e014   Data           2  os_dbg.o(.constdata)
    OSTmrWheelSize                           0x0800e016   Data           2  os_dbg.o(.constdata)
    OSTmrWheelTblSize                        0x0800e018   Data           2  os_dbg.o(.constdata)
    OSDataSize                               0x0800e01a   Data           2  os_dbg.o(.constdata)
    OSUnMapTbl                               0x0800e01c   Data         256  os_core.o(.constdata)
    Region$$Table$$Base                      0x0800e1c4   Number         0  anon$$obj.o(Region$$Table)
    Region$$Table$$Limit                     0x0800e1e4   Number         0  anon$$obj.o(Region$$Table)
    __aeabi_HUGE_VAL                         0x0800e1e4   Data           0  fpconst.o(c$$dinf)
    __aeabi_HUGE_VALL                        0x0800e1e4   Data           0  fpconst.o(c$$dinf)
    __aeabi_INFINITY                         0x0800e1e4   Data           0  fpconst.o(c$$dinf)
    __dInf                                   0x0800e1e4   Data           0  fpconst.o(c$$dinf)
    __huge_val                               0x0800e1e4   Data           0  fpconst.o(c$$dinf)
    __ctype                                  0x0800e215   Data           0  lc_ctype_c.o(locale$$data)
    PeriodSem                                0x20000000   Data           4  task.o(.data)
    CANSendMutex                             0x20000004   Data           4  task.o(.data)
    msg                                      0x20000008   Data           8  stm32f4xx_it.o(.data)
    msg4                                     0x20000010   Data           4  stm32f4xx_it.o(.data)
    gunTimCnt                                0x20000034   Data           4  timer.o(.data)
    SystemCoreClock                          0x20000044   Data           4  system_stm32f4xx.o(.data)
    AHBPrescTable                            0x20000048   Data          16  system_stm32f4xx.o(.data)
    OS_CPU_ExceptStkBase                     0x20000058   Data           4  os_cpu_c.o(.data)
    OSCtxSwCtr                               0x20000060   Data           4  os_core.o(.data)
    OSEventFreeList                          0x20000064   Data           4  os_core.o(.data)
    OSFlagFreeList                           0x20000068   Data           4  os_core.o(.data)
    OSCPUUsage                               0x2000006c   Data           1  os_core.o(.data)
    OSIdleCtrMax                             0x20000070   Data           4  os_core.o(.data)
    OSIdleCtrRun                             0x20000074   Data           4  os_core.o(.data)
    OSStatRdy                                0x20000078   Data           1  os_core.o(.data)
    OSIntNesting                             0x20000079   Data           1  os_core.o(.data)
    OSLockNesting                            0x2000007a   Data           1  os_core.o(.data)
    OSPrioCur                                0x2000007b   Data           1  os_core.o(.data)
    OSPrioHighRdy                            0x2000007c   Data           1  os_core.o(.data)
    OSRdyGrp                                 0x2000007d   Data           1  os_core.o(.data)
    OSRdyTbl                                 0x2000007e   Data           8  os_core.o(.data)
    OSRunning                                0x20000086   Data           1  os_core.o(.data)
    OSTaskCtr                                0x20000087   Data           1  os_core.o(.data)
    OSIdleCtr                                0x20000088   Data           4  os_core.o(.data)
    OSTCBCur                                 0x2000008c   Data           4  os_core.o(.data)
    OSTCBFreeList                            0x20000090   Data           4  os_core.o(.data)
    OSTCBHighRdy                             0x20000094   Data           4  os_core.o(.data)
    OSTCBList                                0x20000098   Data           4  os_core.o(.data)
    OSTickStepState                          0x2000009c   Data           1  os_core.o(.data)
    OSMemFreeList                            0x200000a0   Data           4  os_core.o(.data)
    OSQFreeList                              0x200000a4   Data           4  os_core.o(.data)
    OSTime                                   0x200000a8   Data           4  os_core.o(.data)
    OSTmrFree                                0x200000ac   Data           2  os_core.o(.data)
    OSTmrUsed                                0x200000ae   Data           2  os_core.o(.data)
    OSTmrTime                                0x200000b0   Data           4  os_core.o(.data)
    OSTmrSem                                 0x200000b4   Data           4  os_core.o(.data)
    OSTmrSemSignal                           0x200000b8   Data           4  os_core.o(.data)
    OSTmrFreeList                            0x200000bc   Data           4  os_core.o(.data)
    gRobot                                   0x200018d0   Data         132  task.o(.bss)
    OS_CPU_ExceptStk                         0x20002078   Data         512  os_cpu_c.o(.bss)
    OSEventTbl                               0x20002278   Data        1440  os_core.o(.bss)
    OSFlagTbl                                0x20002818   Data          80  os_core.o(.bss)
    OSTaskStatStk                            0x20002868   Data         512  os_core.o(.bss)
    OSTaskIdleStk                            0x20002a68   Data         512  os_core.o(.bss)
    OSTCBPrioTbl                             0x20002c68   Data         256  os_core.o(.bss)
    OSTCBTbl                                 0x20002d68   Data        2816  os_core.o(.bss)
    OSMemTbl                                 0x20003868   Data         120  os_core.o(.bss)
    OSQTbl                                   0x200038e0   Data          96  os_core.o(.bss)
    OSTmrTbl                                 0x20003940   Data         640  os_core.o(.bss)
    OSTmrTaskStk                             0x20003bc0   Data         512  os_core.o(.bss)
    OSTmrWheelTbl                            0x20003dc0   Data          64  os_core.o(.bss)
    __libspace_start                         0x20003e00   Data          96  libspace.o(.bss)
    __temporary_stack_top$libspace           0x20003e60   Data           0  libspace.o(.bss)



==============================================================================

Memory Map of the image

  Image Entry point : 0x08000189

  Load Region LR_IROM1 (Base: 0x08000000, Size: 0x0000e3e8, Max: 0x00080000, ABSOLUTE)

    Execution Region ER_IROM1 (Base: 0x08000000, Size: 0x0000e318, Max: 0x00080000, ABSOLUTE)

    Base Addr    Size         Type   Attr      Idx    E Section Name        Object

    0x08000000   0x00000188   Data   RO          642    RESET               startup_stm32f4xx.o
    0x08000188   0x00000008   Code   RO         1202  * !!!main             c_w.l(__main.o)
    0x08000190   0x00000034   Code   RO         1552    !!!scatter          c_w.l(__scatter.o)
    0x080001c4   0x0000001a   Code   RO         1554    !!handler_copy      c_w.l(__scatter_copy.o)
    0x080001de   0x00000002   PAD
    0x080001e0   0x0000001c   Code   RO         1556    !!handler_zi        c_w.l(__scatter_zi.o)
    0x080001fc   0x00000000   Code   RO         1187    .ARM.Collect$$_printf_percent$$00000000  c_w.l(_printf_percent.o)
    0x080001fc   0x00000006   Code   RO         1186    .ARM.Collect$$_printf_percent$$00000009  c_w.l(_printf_d.o)
    0x08000202   0x00000004   Code   RO         1253    .ARM.Collect$$_printf_percent$$00000017  c_w.l(_printf_percent_end.o)
    0x08000206   0x00000002   Code   RO         1312    .ARM.Collect$$libinit$$00000000  c_w.l(libinit.o)
    0x08000208   0x00000004   Code   RO         1313    .ARM.Collect$$libinit$$00000001  c_w.l(libinit2.o)
    0x0800020c   0x00000000   Code   RO         1316    .ARM.Collect$$libinit$$00000004  c_w.l(libinit2.o)
    0x0800020c   0x00000000   Code   RO         1319    .ARM.Collect$$libinit$$0000000A  c_w.l(libinit2.o)
    0x0800020c   0x00000000   Code   RO         1321    .ARM.Collect$$libinit$$0000000C  c_w.l(libinit2.o)
    0x0800020c   0x00000000   Code   RO         1323    .ARM.Collect$$libinit$$0000000E  c_w.l(libinit2.o)
    0x0800020c   0x00000006   Code   RO         1324    .ARM.Collect$$libinit$$0000000F  c_w.l(libinit2.o)
    0x08000212   0x00000000   Code   RO         1326    .ARM.Collect$$libinit$$00000011  c_w.l(libinit2.o)
    0x08000212   0x0000000c   Code   RO         1327    .ARM.Collect$$libinit$$00000012  c_w.l(libinit2.o)
    0x0800021e   0x00000000   Code   RO         1328    .ARM.Collect$$libinit$$00000013  c_w.l(libinit2.o)
    0x0800021e   0x00000000   Code   RO         1330    .ARM.Collect$$libinit$$00000015  c_w.l(libinit2.o)
    0x0800021e   0x0000000a   Code   RO         1331    .ARM.Collect$$libinit$$00000016  c_w.l(libinit2.o)
    0x08000228   0x00000000   Code   RO         1332    .ARM.Collect$$libinit$$00000017  c_w.l(libinit2.o)
    0x08000228   0x00000000   Code   RO         1334    .ARM.Collect$$libinit$$00000019  c_w.l(libinit2.o)
    0x08000228   0x00000000   Code   RO         1336    .ARM.Collect$$libinit$$0000001B  c_w.l(libinit2.o)
    0x08000228   0x00000000   Code   RO         1338    .ARM.Collect$$libinit$$0000001D  c_w.l(libinit2.o)
    0x08000228   0x00000000   Code   RO         1340    .ARM.Collect$$libinit$$0000001F  c_w.l(libinit2.o)
    0x08000228   0x00000000   Code   RO         1342    .ARM.Collect$$libinit$$00000021  c_w.l(libinit2.o)
    0x08000228   0x00000000   Code   RO         1344    .ARM.Collect$$libinit$$00000023  c_w.l(libinit2.o)
    0x08000228   0x00000000   Code   RO         1346    .ARM.Collect$$libinit$$00000025  c_w.l(libinit2.o)
    0x08000228   0x00000000   Code   RO         1350    .ARM.Collect$$libinit$$0000002C  c_w.l(libinit2.o)
    0x08000228   0x00000000   Code   RO         1352    .ARM.Collect$$libinit$$0000002E  c_w.l(libinit2.o)
    0x08000228   0x00000000   Code   RO         1354    .ARM.Collect$$libinit$$00000030  c_w.l(libinit2.o)
    0x08000228   0x00000000   Code   RO         1356    .ARM.Collect$$libinit$$00000032  c_w.l(libinit2.o)
    0x08000228   0x00000002   Code   RO         1357    .ARM.Collect$$libinit$$00000033  c_w.l(libinit2.o)
    0x0800022a   0x00000002   Code   RO         1457    .ARM.Collect$$libshutdown$$00000000  c_w.l(libshutdown.o)
    0x0800022c   0x00000000   Code   RO         1488    .ARM.Collect$$libshutdown$$00000002  c_w.l(libshutdown2.o)
    0x0800022c   0x00000000   Code   RO         1490    .ARM.Collect$$libshutdown$$00000004  c_w.l(libshutdown2.o)
    0x0800022c   0x00000000   Code   RO         1493    .ARM.Collect$$libshutdown$$00000007  c_w.l(libshutdown2.o)
    0x0800022c   0x00000000   Code   RO         1496    .ARM.Collect$$libshutdown$$0000000A  c_w.l(libshutdown2.o)
    0x0800022c   0x00000000   Code   RO         1498    .ARM.Collect$$libshutdown$$0000000C  c_w.l(libshutdown2.o)
    0x0800022c   0x00000000   Code   RO         1501    .ARM.Collect$$libshutdown$$0000000F  c_w.l(libshutdown2.o)
    0x0800022c   0x00000002   Code   RO         1502    .ARM.Collect$$libshutdown$$00000010  c_w.l(libshutdown2.o)
    0x0800022e   0x00000000   Code   RO         1244    .ARM.Collect$$rtentry$$00000000  c_w.l(__rtentry.o)
    0x0800022e   0x00000000   Code   RO         1266    .ARM.Collect$$rtentry$$00000002  c_w.l(__rtentry2.o)
    0x0800022e   0x00000006   Code   RO         1278    .ARM.Collect$$rtentry$$00000004  c_w.l(__rtentry4.o)
    0x08000234   0x00000000   Code   RO         1268    .ARM.Collect$$rtentry$$00000009  c_w.l(__rtentry2.o)
    0x08000234   0x00000004   Code   RO         1269    .ARM.Collect$$rtentry$$0000000A  c_w.l(__rtentry2.o)
    0x08000238   0x00000000   Code   RO         1271    .ARM.Collect$$rtentry$$0000000C  c_w.l(__rtentry2.o)
    0x08000238   0x00000008   Code   RO         1272    .ARM.Collect$$rtentry$$0000000D  c_w.l(__rtentry2.o)
    0x08000240   0x00000002   Code   RO         1358    .ARM.Collect$$rtexit$$00000000  c_w.l(rtexit.o)
    0x08000242   0x00000000   Code   RO         1417    .ARM.Collect$$rtexit$$00000002  c_w.l(rtexit2.o)
    0x08000242   0x00000004   Code   RO         1418    .ARM.Collect$$rtexit$$00000003  c_w.l(rtexit2.o)
    0x08000246   0x00000006   Code   RO         1419    .ARM.Collect$$rtexit$$00000004  c_w.l(rtexit2.o)
    0x0800024c   0x00000074   Code   RO            4    .text               main.o
    0x080002c0   0x000002a0   Code   RO          102    .text               task.o
    0x08000560   0x000006f8   Code   RO          200    .text               stm32f4xx_it.o
    0x08000c58   0x0000051c   Code   RO          241    .text               customer.o
    0x08001174   0x00000178   Code   RO          276    .text               process.o
    0x080012ec   0x0000044c   Code   RO          301    .text               shoot.o
    0x08001738   0x00000040   Code   RO          329    .text               gasvalvecontrol.o
    0x08001778   0x00000548   Code   RO          357    .text               steer.o
    0x08001cc0   0x00000568   Code   RO          396    .text               can.o
    0x08002228   0x00000344   Code   RO          428    .text               dma.o
    0x0800256c   0x00000fb0   Code   RO          458    .text               elmo.o
    0x0800351c   0x00000148   Code   RO          483    .text               gpio.o
    0x08003664   0x000008e8   Code   RO          507    .text               timer.o
    0x08003f4c   0x00000950   Code   RO          539    .text               usart.o
    0x0800489c   0x000000dc   Code   RO          576    .text               adc.o
    0x08004978   0x00000210   Code   RO          613    .text               system_stm32f4xx.o
    0x08004b88   0x00000050   Code   RO          643    .text               startup_stm32f4xx.o
    0x08004bd8   0x000002c8   Code   RO          650    .text               os_cpu_c.o
    0x08004ea0   0x000000b8   Code   RO          682    .text               os_cpu_a.o
    0x08004f58   0x0000015c   Code   RO          685    .text               os_dbg.o
    0x080050b4   0x00000d50   Code   RO          700    .text               os_core.o
    0x08005e04   0x00000864   Code   RO          720    .text               os_flag.o
    0x08006668   0x00000258   Code   RO          744    .text               os_mem.o
    0x080068c0   0x0000064c   Code   RO          756    .text               os_mutex.o
    0x08006f0c   0x00000654   Code   RO          768    .text               os_q.o
    0x08007560   0x000003e0   Code   RO          780    .text               os_sem.o
    0x08007940   0x0000090c   Code   RO          792    .text               os_task.o
    0x0800824c   0x000001d4   Code   RO          804    .text               os_time.o
    0x08008420   0x000006e0   Code   RO          816    .text               os_tmr.o
    0x08008b00   0x00000012   Code   RO          831    .text               os_apphooks.o
    0x08008b12   0x00000002   PAD
    0x08008b14   0x0000025c   Code   RO          855    .text               stm32f4xx_gpio.o
    0x08008d70   0x00000588   Code   RO          879    .text               stm32f4xx_rcc.o
    0x080092f8   0x000000e0   Code   RO          905    .text               misc.o
    0x080093d8   0x00000ca2   Code   RO          929    .text               stm32f4xx_tim.o
    0x0800a07a   0x00000002   PAD
    0x0800a07c   0x0000043e   Code   RO          953    .text               stm32f4xx_usart.o
    0x0800a4ba   0x00000002   PAD
    0x0800a4bc   0x000009f0   Code   RO          977    .text               stm32f4xx_can.o
    0x0800aeac   0x000003a8   Code   RO         1001    .text               stm32f4xx_dma.o
    0x0800b254   0x00000464   Code   RO         1079    .text               stm32f4xx_adc.o
    0x0800b6b8   0x00000028   Code   RO         1158    .text               c_w.l(noretval__2sprintf.o)
    0x0800b6e0   0x0000004e   Code   RO         1162    .text               c_w.l(_printf_pad.o)
    0x0800b72e   0x00000002   PAD
    0x0800b730   0x00000078   Code   RO         1164    .text               c_w.l(_printf_dec.o)
    0x0800b7a8   0x00000138   Code   RO         1178    .text               c_w.l(__printf_flags_wp.o)
    0x0800b8e0   0x00000048   Code   RO         1188    .text               c_w.l(strcpy.o)
    0x0800b928   0x0000003e   Code   RO         1190    .text               c_w.l(strlen.o)
    0x0800b966   0x00000096   Code   RO         1192    .text               c_w.l(strncmp.o)
    0x0800b9fc   0x0000008a   Code   RO         1194    .text               c_w.l(rt_memcpy_v6.o)
    0x0800ba86   0x00000064   Code   RO         1196    .text               c_w.l(rt_memcpy_w.o)
    0x0800baea   0x00000002   PAD
    0x0800baec   0x00000080   Code   RO         1198    .text               c_w.l(strcmpv7m.o)
    0x0800bb6c   0x00000006   Code   RO         1200    .text               c_w.l(heapauxi.o)
    0x0800bb72   0x00000016   Code   RO         1245    .text               c_w.l(_rserrno.o)
    0x0800bb88   0x000000b2   Code   RO         1247    .text               c_w.l(_printf_intcommon.o)
    0x0800bc3a   0x00000002   PAD
    0x0800bc3c   0x00000030   Code   RO         1249    .text               c_w.l(_printf_char_common.o)
    0x0800bc6c   0x0000000a   Code   RO         1251    .text               c_w.l(_sputc.o)
    0x0800bc76   0x00000002   PAD
    0x0800bc78   0x000000a4   Code   RO         1254    .text               c_w.l(strtod.o)
    0x0800bd1c   0x00000008   Code   RO         1283    .text               c_w.l(rt_errno_addr_intlibspace.o)
    0x0800bd24   0x00000012   Code   RO         1285    .text               c_w.l(isspace.o)
    0x0800bd36   0x00000040   Code   RO         1289    .text               c_w.l(_sgetc.o)
    0x0800bd76   0x00000002   PAD
    0x0800bd78   0x00000008   Code   RO         1296    .text               c_w.l(libspace.o)
    0x0800bd80   0x0000004a   Code   RO         1299    .text               c_w.l(sys_stackheap_outer.o)
    0x0800bdca   0x00000002   PAD
    0x0800bdcc   0x00000010   Code   RO         1301    .text               c_w.l(rt_ctype_table.o)
    0x0800bddc   0x000004a4   Code   RO         1303    .text               c_w.l(scanf_fp.o)
    0x0800c280   0x00000012   Code   RO         1305    .text               c_w.l(exit.o)
    0x0800c292   0x00000002   PAD
    0x0800c294   0x00000008   Code   RO         1363    .text               c_w.l(rt_locale_intlibspace.o)
    0x0800c29c   0x000000dc   Code   RO         1365    .text               c_w.l(bigflt0.o)
    0x0800c378   0x00000320   Code   RO         1423    .text               c_w.l(scanf_hexfp.o)
    0x0800c698   0x00000134   Code   RO         1425    .text               c_w.l(scanf_infnan.o)
    0x0800c7cc   0x0000000c   Code   RO         1443    .text               c_w.l(sys_exit.o)
    0x0800c7d8   0x00000026   Code   RO         1447    .text               c_w.l(llshl.o)
    0x0800c7fe   0x0000001c   Code   RO         1449    .text               c_w.l(_chval.o)
    0x0800c81a   0x00000002   Code   RO         1478    .text               c_w.l(use_no_semi.o)
    0x0800c81c   0x00000000   Code   RO         1480    .text               c_w.l(indicate_semi.o)
    0x0800c81c   0x00000338   Code   RO         1378    CL$$btod_div_common  c_w.l(btod.o)
    0x0800cb54   0x00000054   Code   RO         1376    CL$$btod_e2d        c_w.l(btod.o)
    0x0800cba8   0x000000c6   Code   RO         1375    CL$$btod_e2e        c_w.l(btod.o)
    0x0800cc6e   0x00000028   Code   RO         1372    CL$$btod_ediv       c_w.l(btod.o)
    0x0800cc96   0x00000028   Code   RO         1374    CL$$btod_edivd      c_w.l(btod.o)
    0x0800ccbe   0x00000028   Code   RO         1371    CL$$btod_emul       c_w.l(btod.o)
    0x0800cce6   0x00000028   Code   RO         1373    CL$$btod_emuld      c_w.l(btod.o)
    0x0800cd0e   0x00000244   Code   RO         1377    CL$$btod_mult_common  c_w.l(btod.o)
    0x0800cf52   0x00000006   PAD
    0x0800cf58   0x00000038   Code   RO         1232    i.__hardfp_atof     m_wm.l(atof.o)
    0x0800cf90   0x00000014   Code   RO         1238    i.__hardfp_fabs     m_wm.l(fabs.o)
    0x0800cfa4   0x00000004   PAD
    0x0800cfa8   0x000000d0   Code   RO         1462    i.__hardfp_ldexp    m_wm.l(ldexp.o)
    0x0800d078   0x00000020   Code   RO         1509    i.__mathlib_dbl_overflow  m_wm.l(dunder.o)
    0x0800d098   0x00000020   Code   RO         1511    i.__mathlib_dbl_underflow  m_wm.l(dunder.o)
    0x0800d0b8   0x000000b8   Code   RO         1409    i.__mathlib_narrow  m_wm.l(narrow.o)
    0x0800d170   0x00000014   Code   RO         1464    i.__support_ldexp   m_wm.l(ldexp.o)
    0x0800d184   0x0000000e   Code   RO         1176    i._is_digit         c_w.l(__printf_wp.o)
    0x0800d192   0x00000006   PAD
    0x0800d198   0x0000008c   Code   RO         1437    i.frexp             m_wm.l(frexp.o)
    0x0800d224   0x0000002c   Code   RO         1292    locale$$code        c_w.l(lc_numeric_c.o)
    0x0800d250   0x0000002c   Code   RO         1391    locale$$code        c_w.l(lc_ctype_c.o)
    0x0800d27c   0x00000018   Code   RO         1204    x$fpl$basic         fz_wm.l(basic.o)
    0x0800d294   0x00000062   Code   RO         1206    x$fpl$d2f           fz_wm.l(d2f.o)
    0x0800d2f6   0x00000002   PAD
    0x0800d2f8   0x00000150   Code   RO         1208    x$fpl$dadd          fz_wm.l(daddsub_clz.o)
    0x0800d448   0x00000010   Code   RO         1524    x$fpl$dcheck1       fz_wm.l(dcheck1.o)
    0x0800d458   0x00000018   Code   RO         1458    x$fpl$dcmpinf       fz_wm.l(dcmpi.o)
    0x0800d470   0x000002b0   Code   RO         1215    x$fpl$ddiv          fz_wm.l(ddiv.o)
    0x0800d720   0x00000078   Code   RO         1431    x$fpl$deqf          fz_wm.l(deqf.o)
    0x0800d798   0x0000005a   Code   RO         1218    x$fpl$dfixu         fz_wm.l(dfixu.o)
    0x0800d7f2   0x0000002e   Code   RO         1223    x$fpl$dflt          fz_wm.l(dflt_clz.o)
    0x0800d820   0x00000078   Code   RO         1460    x$fpl$dleqf         fz_wm.l(dleqf.o)
    0x0800d898   0x00000154   Code   RO         1228    x$fpl$dmul          fz_wm.l(dmul.o)
    0x0800d9ec   0x0000009c   Code   RO         1256    x$fpl$dnaninf       fz_wm.l(dnaninf.o)
    0x0800da88   0x0000000c   Code   RO         1258    x$fpl$dretinf       fz_wm.l(dretinf.o)
    0x0800da94   0x0000006c   Code   RO         1433    x$fpl$drleqf        fz_wm.l(drleqf.o)
    0x0800db00   0x000001d4   Code   RO         1210    x$fpl$dsub          fz_wm.l(daddsub_clz.o)
    0x0800dcd4   0x00000056   Code   RO         1230    x$fpl$f2d           fz_wm.l(f2d.o)
    0x0800dd2a   0x0000008c   Code   RO         1260    x$fpl$fnaninf       fz_wm.l(fnaninf.o)
    0x0800ddb6   0x0000000a   Code   RO         1398    x$fpl$fpinit        fz_wm.l(fpinit.o)
    0x0800ddc0   0x0000000a   Code   RO         1262    x$fpl$fretinf       fz_wm.l(fretinf.o)
    0x0800ddca   0x00000064   Code   RO         1530    x$fpl$retnan        fz_wm.l(retnan.o)
    0x0800de2e   0x0000005c   Code   RO         1503    x$fpl$scalbn        fz_wm.l(scalbn.o)
    0x0800de8a   0x00000004   Code   RO         1294    x$fpl$scanf1        fz_wm.l(scanf1.o)
    0x0800de8e   0x00000008   Code   RO         1402    x$fpl$scanf2        fz_wm.l(scanf2.o)
    0x0800de96   0x00000030   Code   RO         1548    x$fpl$trapveneer    fz_wm.l(trapv.o)
    0x0800dec6   0x00000000   Code   RO         1264    x$fpl$usenofp       fz_wm.l(usenofp.o)
    0x0800dec6   0x00000002   PAD
    0x0800dec8   0x000000e0   Data   RO          459    .constdata          elmo.o
    0x0800dfa8   0x00000074   Data   RO          686    .constdata          os_dbg.o
    0x0800e01c   0x00000100   Data   RO          702    .constdata          os_core.o
    0x0800e11c   0x00000011   Data   RO         1179    .constdata          c_w.l(__printf_flags_wp.o)
    0x0800e12d   0x00000003   PAD
    0x0800e130   0x00000094   Data   RO         1366    .constdata          c_w.l(bigflt0.o)
    0x0800e1c4   0x00000020   Data   RO         1550    Region$$Table       anon$$obj.o
    0x0800e1e4   0x00000008   Data   RO         1395    c$$dinf             fz_wm.l(fpconst.o)
    0x0800e1ec   0x0000001c   Data   RO         1291    locale$$data        c_w.l(lc_numeric_c.o)
    0x0800e208   0x00000110   Data   RO         1390    locale$$data        c_w.l(lc_ctype_c.o)


    Execution Region RW_IRAM1 (Base: 0x20000000, Size: 0x0000a260, Max: 0x00020000, ABSOLUTE)

    Base Addr    Size         Type   Attr      Idx    E Section Name        Object

    0x20000000   0x00000008   Data   RW          104    .data               task.o
    0x20000008   0x00000014   Data   RW          201    .data               stm32f4xx_it.o
    0x2000001c   0x00000008   Data   RW          243    .data               customer.o
    0x20000024   0x0000000c   Data   RW          358    .data               steer.o
    0x20000030   0x00000001   Data   RW          397    .data               can.o
    0x20000031   0x00000001   PAD
    0x20000032   0x00000002   Data   RW          430    .data               dma.o
    0x20000034   0x00000004   Data   RW          509    .data               timer.o
    0x20000038   0x00000009   Data   RW          541    .data               usart.o
    0x20000041   0x00000003   PAD
    0x20000044   0x00000014   Data   RW          614    .data               system_stm32f4xx.o
    0x20000058   0x00000006   Data   RW          652    .data               os_cpu_c.o
    0x2000005e   0x00000002   PAD
    0x20000060   0x00000060   Data   RW          703    .data               os_core.o
    0x200000c0   0x00000010   Data   RW          880    .data               stm32f4xx_rcc.o
    0x200000d0   0x00000400   Zero   RW            5    .bss                main.o
    0x200004d0   0x00001484   Zero   RW          103    .bss                task.o
    0x20001954   0x00000014   Zero   RW          242    .bss                customer.o
    0x20001968   0x00000320   Zero   RW          429    .bss                dma.o
    0x20001c88   0x000000d0   Zero   RW          508    .bss                timer.o
    0x20001d58   0x00000320   Zero   RW          540    .bss                usart.o
    0x20002078   0x00000200   Zero   RW          651    .bss                os_cpu_c.o
    0x20002278   0x00001b88   Zero   RW          701    .bss                os_core.o
    0x20003e00   0x00000060   Zero   RW         1297    .bss                c_w.l(libspace.o)
    0x20003e60   0x00006000   Zero   RW          641    HEAP                startup_stm32f4xx.o
    0x20009e60   0x00000400   Zero   RW          640    STACK               startup_stm32f4xx.o


==============================================================================

Image component sizes


      Code (inc. data)   RO Data    RW Data    ZI Data      Debug   Object Name

       220         10          0          0          0       1181   adc.o
      1384         88          0          1          0       3807   can.o
      1308        144          0          8         20       3135   customer.o
       836         26          0          2        800      14750   dma.o
      4016         18        224          0          0      13413   elmo.o
        64          4          0          0          0        762   gasvalvecontrol.o
       328         20          0          0          0       1626   gpio.o
       116         18          0          0       1024     229922   main.o
       224         20          0          0          0       1949   misc.o
        18          0          0          0          0       1515   os_apphooks.o
      3408        290        256         96       7048      19395   os_core.o
       184         32          0          0          0        308   os_cpu_a.o
       712         28          0          6        512      12359   os_cpu_c.o
       348        230        116          0          0       3366   os_dbg.o
      2148         44          0          0          0       7320   os_flag.o
       600         16          0          0          0       3488   os_mem.o
      1612         50          0          0          0       4690   os_mutex.o
      1620         34          0          0          0       5997   os_q.o
       992         22          0          0          0       4150   os_sem.o
      2316         76          0          0          0       8469   os_task.o
       468         28          0          0          0       1926   os_time.o
      1760        132          0          0          0       5869   os_tmr.o
       376          8          0          0          0        967   process.o
      1100        130          0          0          0       1892   shoot.o
        80         32        392          0      25600        868   startup_stm32f4xx.o
      1352        296          0         12          0       2714   steer.o
      1124         24          0          0          0      10818   stm32f4xx_adc.o
      2544         38          0          0          0       8272   stm32f4xx_can.o
       936         32          0          0          0       6525   stm32f4xx_dma.o
       604         36          0          0          0       4253   stm32f4xx_gpio.o
      1784        324          0         20          0       9694   stm32f4xx_it.o
      1416         48          0         16          0      11187   stm32f4xx_rcc.o
      3234         60          0          0          0      23140   stm32f4xx_tim.o
      1086         26          0          0          0       8052   stm32f4xx_usart.o
       528         46          0         20          0       1843   system_stm32f4xx.o
       672         80          0          8       5252      73754   task.o
      2280         68          0          4        208       6533   timer.o
      2384        338          0          9        800       8050   usart.o

    ----------------------------------------------------------------------
     46188       2916       1020        208      41264     527959   Object Totals
         0          0         32          0          0          0   (incl. Generated)
         6          0          0          6          0          0   (incl. Padding)

    ----------------------------------------------------------------------

      Code (inc. data)   RO Data    RW Data    ZI Data      Debug   Library Member Name

         8          0          0          0          0         68   __main.o
       312          4         17          0          0         92   __printf_flags_wp.o
        14          0          0          0          0         68   __printf_wp.o
         0          0          0          0          0          0   __rtentry.o
        12          0          0          0          0          0   __rtentry2.o
         6          0          0          0          0          0   __rtentry4.o
        52          8          0          0          0          0   __scatter.o
        26          0          0          0          0          0   __scatter_copy.o
        28          0          0          0          0          0   __scatter_zi.o
        28          0          0          0          0         68   _chval.o
        48          6          0          0          0         96   _printf_char_common.o
         6          0          0          0          0          0   _printf_d.o
       120         16          0          0          0         92   _printf_dec.o
       178          0          0          0          0         88   _printf_intcommon.o
        78          0          0          0          0        108   _printf_pad.o
         0          0          0          0          0          0   _printf_percent.o
         4          0          0          0          0          0   _printf_percent_end.o
        22          0          0          0          0        100   _rserrno.o
        64          0          0          0          0         84   _sgetc.o
        10          0          0          0          0         68   _sputc.o
       220          4        148          0          0         96   bigflt0.o
      1846        132          0          0          0        736   btod.o
        18          0          0          0          0         80   exit.o
         6          0          0          0          0        152   heapauxi.o
         0          0          0          0          0          0   indicate_semi.o
        18          0          0          0          0         76   isspace.o
        44         10        272          0          0         76   lc_ctype_c.o
        44         10         28          0          0         76   lc_numeric_c.o
         2          0          0          0          0          0   libinit.o
        34          0          0          0          0          0   libinit2.o
         2          0          0          0          0          0   libshutdown.o
         2          0          0          0          0          0   libshutdown2.o
         8          4          0          0         96         68   libspace.o
        38          0          0          0          0         68   llshl.o
        40          6          0          0          0         84   noretval__2sprintf.o
        16          4          0          0          0         76   rt_ctype_table.o
         8          4          0          0          0         68   rt_errno_addr_intlibspace.o
         8          4          0          0          0         68   rt_locale_intlibspace.o
       138          0          0          0          0         68   rt_memcpy_v6.o
       100          0          0          0          0         80   rt_memcpy_w.o
         2          0          0          0          0          0   rtexit.o
        10          0          0          0          0          0   rtexit2.o
      1188         12          0          0          0        148   scanf_fp.o
       800         14          0          0          0        100   scanf_hexfp.o
       308         16          0          0          0        100   scanf_infnan.o
       128          0          0          0          0         68   strcmpv7m.o
        72          0          0          0          0         80   strcpy.o
        62          0          0          0          0         76   strlen.o
       150          0          0          0          0         80   strncmp.o
       164         14          0          0          0        120   strtod.o
        12          4          0          0          0         68   sys_exit.o
        74          0          0          0          0         80   sys_stackheap_outer.o
         2          0          0          0          0         68   use_no_semi.o
        24          0          0          0          0        164   basic.o
        98          4          0          0          0        140   d2f.o
       804         16          0          0          0        368   daddsub_clz.o
        16          4          0          0          0        116   dcheck1.o
        24          0          0          0          0        116   dcmpi.o
       688        140          0          0          0        256   ddiv.o
       120          4          0          0          0        140   deqf.o
        90          4          0          0          0        140   dfixu.o
        46          0          0          0          0        116   dflt_clz.o
       120          4          0          0          0        140   dleqf.o
       340         12          0          0          0        152   dmul.o
       156          4          0          0          0        140   dnaninf.o
        12          0          0          0          0        116   dretinf.o
       108          0          0          0          0        128   drleqf.o
        86          4          0          0          0        132   f2d.o
       140          4          0          0          0        132   fnaninf.o
         0          0          8          0          0          0   fpconst.o
        10          0          0          0          0        116   fpinit.o
        10          0          0          0          0        116   fretinf.o
       100          0          0          0          0        116   retnan.o
        92          0          0          0          0        116   scalbn.o
         4          0          0          0          0        116   scanf1.o
         8          0          0          0          0        132   scanf2.o
        48          0          0          0          0        116   trapv.o
         0          0          0          0          0          0   usenofp.o
        56         12          0          0          0        132   atof.o
        64         16          0          0          0        248   dunder.o
        20          0          0          0          0        124   fabs.o
       140         22          0          0          0        132   frexp.o
       228          8          0          0          0        308   ldexp.o
       184         18          0          0          0        152   narrow.o

    ----------------------------------------------------------------------
     10452        548        476          0         96       8212   Library Totals
        36          0          3          0          0          0   (incl. Padding)

    ----------------------------------------------------------------------

      Code (inc. data)   RO Data    RW Data    ZI Data      Debug   Library Name

      6580        272        465          0         96       3792   c_w.l
      3144        200          8          0          0       3324   fz_wm.l
       692         76          0          0          0       1096   m_wm.l

    ----------------------------------------------------------------------
     10452        548        476          0         96       8212   Library Totals

    ----------------------------------------------------------------------

==============================================================================


      Code (inc. data)   RO Data    RW Data    ZI Data      Debug   

     56640       3464       1496        208      41360     523791   Grand Totals
     56640       3464       1496        208      41360     523791   ELF Image Totals
     56640       3464       1496        208          0          0   ROM Totals

==============================================================================

    Total RO  Size (Code + RO Data)                58136 (  56.77kB)
    Total RW  Size (RW Data + ZI Data)             41568 (  40.59kB)
    Total ROM Size (Code + RO Data + RW Data)      58344 (  56.98kB)

==============================================================================

