Component: ARM Compiler 5.06 update 3 (build 300) Tool: armlink [4d35c9]

==============================================================================

Section Cross References

    main.o(.text) refers to os_cpu_c.o(.text) for OS_CPU_SysTickInit
    main.o(.text) refers to os_core.o(.text) for OSStatInit
    main.o(.text) refers to task.o(.text) for App_Task
    main.o(.text) refers to os_time.o(.text) for OSTimeDlyHMSM
    main.o(.text) refers to os_cpu_a.o(.text) for CPU_IntDis
    main.o(.text) refers to os_task.o(.text) for OSTaskCreateExt
    main.o(.text) refers to system_stm32f4xx.o(.data) for SystemCoreClock
    main.o(.text) refers to main.o(.bss) for App_TaskStartStk
    task.o(.text) refers to os_sem.o(.text) for OSSemSet
    task.o(.text) refers to customer.o(.text) for AT_CMD_Handle
    task.o(.text) refers to usart.o(.text) for processReport
    task.o(.text) refers to process.o(.text) for DelayTaskRun
    task.o(.text) refers to adc.o(.text) for Get_Adc_Average
    task.o(.text) refers to elmo.o(.text) for PosLoopCfg
    task.o(.text) refers to can.o(.text) for MotionCardCMDSend
    task.o(.text) refers to timer.o(.text) for Delay_ms
    task.o(.text) refers to shoot.o(.text) for PrepareGetBall
    task.o(.text) refers to gpio.o(.text) for PhotoelectricityInit
    task.o(.text) refers to steer.o(.text) for Enable_ROBS
    task.o(.text) refers to misc.o(.text) for NVIC_PriorityGroupConfig
    task.o(.text) refers to os_task.o(.text) for OSTaskSuspend
    task.o(.text) refers to os_mutex.o(.text) for OSMutexCreate
    task.o(.text) refers to task.o(.data) for PeriodSem
    task.o(.text) refers to task.o(.bss) for gRobot
    stm32f4xx_it.o(.text) refers to os_cpu_a.o(.text) for OS_CPU_SR_Save
    stm32f4xx_it.o(.text) refers to can.o(.text) for CAN_RxMsg
    stm32f4xx_it.o(.text) refers to usart.o(.text) for USART_OUT
    stm32f4xx_it.o(.text) refers to stm32f4xx_can.o(.text) for CAN_ClearFlag
    stm32f4xx_it.o(.text) refers to os_core.o(.text) for OSIntExit
    stm32f4xx_it.o(.text) refers to stm32f4xx_gpio.o(.text) for GPIO_SetBits
    stm32f4xx_it.o(.text) refers to stm32f4xx_tim.o(.text) for TIM_GetITStatus
    stm32f4xx_it.o(.text) refers to os_sem.o(.text) for OSSemPost
    stm32f4xx_it.o(.text) refers to os_core.o(.data) for OSIntNesting
    stm32f4xx_it.o(.text) refers to stm32f4xx_it.o(.data) for msg
    stm32f4xx_it.o(.text) refers to task.o(.bss) for gRobot
    stm32f4xx_it.o(.text) refers to task.o(.data) for PeriodSem
    stm32f4xx_it.o(.text) refers to rt_memcpy_w.o(.text) for __aeabi_memcpy4
    stm32f4xx_it.o(.text) refers to timer.o(.text) for Delay_ms
    customer.o(.text) refers to strncmp.o(.text) for strncmp
    customer.o(.text) refers to os_cpu_a.o(.text) for OS_CPU_SR_Save
    customer.o(.text) refers to stm32f4xx_usart.o(.text) for USART_GetITStatus
    customer.o(.text) refers to usart.o(.text) for USART_OUT
    customer.o(.text) refers to os_core.o(.text) for OSIntExit
    customer.o(.text) refers to gasvalvecontrol.o(.text) for GasValveControl
    customer.o(.text) refers to atof.o(i.__hardfp_atof) for __hardfp_atof
    customer.o(.text) refers to d2f.o(x$fpl$d2f) for __aeabi_d2f
    customer.o(.text) refers to shoot.o(.text) for PitchAngleMotion
    customer.o(.text) refers to customer.o(.data) for bufferI
    customer.o(.text) refers to customer.o(.bss) for buffer
    customer.o(.text) refers to os_core.o(.data) for OSIntNesting
    customer.o(.text) refers to task.o(.bss) for gRobot
    customer.o(.text) refers to steer.o(.text) for ROBS_PosCrl
    customer.o(.text) refers to can.o(.text) for CAN_TxMsg
    customer.o(.text) refers to process.o(.text) for StatusReport
    customer.o(.text) refers to stm32f4xx_gpio.o(.text) for GPIO_ReadInputDataBit
    customer.o(.text) refers to gpio.o(.text) for PhotoelectricityInit
    process.o(.text) refers to stm32f4xx_gpio.o(.text) for GPIO_ReadInputDataBit
    process.o(.text) refers to timer.o(.text) for Delay_ms
    process.o(.text) refers to can.o(.text) for MotionCardCMDSend
    process.o(.text) refers to shoot.o(.text) for PrepareShootBall
    process.o(.text) refers to stm32f4xx_can.o(.text) for CAN_GetLastErrorCode
    process.o(.text) refers to steer.o(.text) for ReadSteer1Pos
    process.o(.text) refers to usart.o(.text) for USART_OUT
    process.o(.text) refers to elmo.o(.text) for ReadActualPos
    process.o(.text) refers to task.o(.bss) for gRobot
    process.o(.text) refers to process.o(.data) for delayMs
    shoot.o(.text) refers to elmo.o(.text) for PosCrl
    shoot.o(.text) refers to can.o(.text) for CAN_TxMsg
    shoot.o(.text) refers to gasvalvecontrol.o(.text) for GasValveControl
    shoot.o(.text) refers to timer.o(.text) for Delay_ms
    shoot.o(.text) refers to steer.o(.text) for ROBS_PosCrl
    shoot.o(.text) refers to usart.o(.text) for USART_OUT
    shoot.o(.text) refers to task.o(.bss) for gRobot
    gasvalvecontrol.o(.text) refers to can.o(.text) for OSCANSendCmd
[...]
    OS_CPU_SysTickInit                       0x08006339   Thumb Code    28  os_cpu_c.o(.text)
    OS_CPU_SR_Save                           0x08006371   Thumb Code     0  os_cpu_a.o(.text)
    OS_CPU_SR_Restore                        0x08006379   Thumb Code     0  os_cpu_a.o(.text)
    OSStartHighRdy                           0x0800637f   Thumb Code     0  os_cpu_a.o(.text)
    OSCtxSw                                  0x0800639f   Thumb Code     0  os_cpu_a.o(.text)
    OSIntCtxSw                               0x080063a9   Thumb Code     0  os_cpu_a.o(.text)
    PendSV_Handler                           0x080063b3   Thumb Code     0  os_cpu_a.o(.text)
    CPU_IntDis                               0x08006401   Thumb Code     0  os_cpu_a.o(.text)
    CPU_IntEn                                0x08006405   Thumb Code     0  os_cpu_a.o(.text)
    OSDebugInit                              0x08006429   Thumb Code   118  os_dbg.o(.text)
    OS_StrLen                                0x08006585   Thumb Code    20  os_core.o(.text)
    OSEventNameGet                           0x08006599   Thumb Code   118  os_core.o(.text)
    OSEventNameSet                           0x0800660f   Thumb Code   100  os_core.o(.text)
    OS_EventTaskRemoveMulti                  0x08006673   Thumb Code    58  os_core.o(.text)
    OS_Sched                                 0x080066c7   Thumb Code    88  os_core.o(.text)
    OS_EventTaskWaitMulti                    0x0800671f   Thumb Code   136  os_core.o(.text)
    OSEventPendMulti                         0x080067a7   Thumb Code   760  os_core.o(.text)
    OS_TaskStatStkChk                        0x08006a9f   Thumb Code    54  os_core.o(.text)
    OS_TaskStat                              0x08006ad5   Thumb Code   116  os_core.o(.text)
    OS_TaskIdle                              0x08006b7d   Thumb Code    34  os_core.o(.text)
    OS_MemClr                                0x08006bd3   Thumb Code    18  os_core.o(.text)
    OSInit                                   0x08006cfb   Thumb Code    56  os_core.o(.text)
    OSIntEnter                               0x08006d33   Thumb Code    28  os_core.o(.text)
    OSIntExit                                0x08006d4f   Thumb Code   258  os_core.o(.text)
    OSSchedLock                              0x08006e51   Thumb Code    50  os_core.o(.text)
    OSSchedUnlock                            0x08006e83   Thumb Code    82  os_core.o(.text)
    OSStart                                  0x08006ed5   Thumb Code    48  os_core.o(.text)
    OSStatInit                               0x08006f05   Thumb Code    62  os_core.o(.text)
    OSTimeTick                               0x08006f43   Thumb Code   210  os_core.o(.text)
    OSVersion                                0x08007015   Thumb Code     6  os_core.o(.text)
    OS_Dummy                                 0x0800701b   Thumb Code     2  os_core.o(.text)
    OS_EventTaskRemove                       0x0800701d   Thumb Code    42  os_core.o(.text)
    OS_EventTaskRdy                          0x08007047   Thumb Code   128  os_core.o(.text)
    OS_EventTaskWait                         0x080070c7   Thumb Code   112  os_core.o(.text)
    OS_EventWaitListInit                     0x08007137   Thumb Code    28  os_core.o(.text)
    OS_MemCopy                               0x08007153   Thumb Code    20  os_core.o(.text)
    OS_TCBInit                               0x08007167   Thumb Code   358  os_core.o(.text)
    OSFlagAccept                             0x080072d5   Thumb Code   262  os_flag.o(.text)
    OSFlagCreate                             0x080073db   Thumb Code    86  os_flag.o(.text)
    OS_FlagUnlink                            0x08007431   Thumb Code    36  os_flag.o(.text)
    OSFlagDel                                0x080074a7   Thumb Code   224  os_flag.o(.text)
    OSFlagNameGet                            0x08007587   Thumb Code   100  os_flag.o(.text)
    OSFlagNameSet                            0x080075eb   Thumb Code    82  os_flag.o(.text)
    OSFlagPend                               0x080076d5   Thumb Code   626  os_flag.o(.text)
    OSFlagPendGetFlagsRdy                    0x08007947   Thumb Code    26  os_flag.o(.text)
    OSFlagPost                               0x08007961   Thumb Code   322  os_flag.o(.text)
    OSFlagQuery                              0x08007aa3   Thumb Code    58  os_flag.o(.text)
    OS_FlagInit                              0x08007add   Thumb Code    78  os_flag.o(.text)
    OSMemCreate                              0x08007b39   Thumb Code   164  os_mem.o(.text)
    OSMemGet                                 0x08007bdd   Thumb Code    72  os_mem.o(.text)
    OSMemNameGet                             0x08007c25   Thumb Code    80  os_mem.o(.text)
    OSMemNameSet                             0x08007c75   Thumb Code    64  os_mem.o(.text)
    OSMemPut                                 0x08007cb5   Thumb Code    66  os_mem.o(.text)
    OSMemQuery                               0x08007cf7   Thumb Code    64  os_mem.o(.text)
    OS_MemInit                               0x08007d37   Thumb Code    74  os_mem.o(.text)
    OSMutexAccept                            0x08007d91   Thumb Code   146  os_mutex.o(.text)
    OSMutexCreate                            0x08007e23   Thumb Code   150  os_mutex.o(.text)
    OSMutexDel                               0x08007f2b   Thumb Code   284  os_mutex.o(.text)
    OSMutexPend                              0x08008047   Thumb Code   594  os_mutex.o(.text)
    OSMutexPost                              0x08008299   Thumb Code   192  os_mutex.o(.text)
    OSMutexQuery                             0x08008359   Thumb Code   118  os_mutex.o(.text)
    OSQAccept                                0x080083dd   Thumb Code    98  os_q.o(.text)
    OSQCreate                                0x0800843f   Thumb Code   144  os_q.o(.text)
    OSQDel                                   0x080084cf   Thumb Code   254  os_q.o(.text)
    OSQFlush                                 0x080085cd   Thumb Code    52  os_q.o(.text)
    OSQPend                                  0x08008601   Thumb Code   288  os_q.o(.text)
    OSQPendAbort                             0x08008721   Thumb Code   138  os_q.o(.text)
    OSQPost                                  0x080087ab   Thumb Code   120  os_q.o(.text)
    OSQPostFront                             0x08008823   Thumb Code   146  os_q.o(.text)
    OSQPostOpt                               0x080088b5   Thumb Code   188  os_q.o(.text)
    OSQQuery                                 0x08008971   Thumb Code   110  os_q.o(.text)
    OS_QInit                                 0x080089df   Thumb Code    72  os_q.o(.text)
    OSSemAccept                              0x08008a31   Thumb Code    48  os_sem.o(.text)
    OSSemCreate                              0x08008a61   Thumb Code    72  os_sem.o(.text)
    OSSemDel                                 0x08008aa9   Thumb Code   220  os_sem.o(.text)
    OSSemPend                                0x08008b85   Thumb Code   236  os_sem.o(.text)
    OSSemPendAbort                           0x08008c71   Thumb Code   138  os_sem.o(.text)
    OSSemPost                                0x08008cfb   Thumb Code    94  os_sem.o(.text)
    OSSemQuery                               0x08008d59   Thumb Code    88  os_sem.o(.text)
    OSSemSet                                 0x08008db1   Thumb Code    74  os_sem.o(.text)
    OSTaskChangePrio                         0x08008e11   Thumb Code   418  os_task.o(.text)
    OSTaskCreate                             0x08008fb3   Thumb Code   156  os_task.o(.text)
    OS_TaskStkClr                            0x0800904f   Thumb Code    26  os_task.o(.text)
    OSTaskCreateExt                          0x08009069   Thumb Code   178  os_task.o(.text)
    OSTaskDel                                0x0800911b   Thumb Code   354  os_task.o(.text)
    OSTaskDelReq                             0x0800927d   Thumb Code   112  os_task.o(.text)
    OSTaskNameGet                            0x080092ed   Thumb Code   140  os_task.o(.text)
    OSTaskNameSet                            0x08009379   Thumb Code   120  os_task.o(.text)
    OSTaskResume                             0x080093f1   Thumb Code   162  os_task.o(.text)
    OSTaskStkChk                             0x08009493   Thumb Code   150  os_task.o(.text)
    OSTaskSuspend                            0x08009529   Thumb Code   172  os_task.o(.text)
    OSTaskQuery                              0x080095d5   Thumb Code   132  os_task.o(.text)
    OSTaskRegGet                             0x08009659   Thumb Code    86  os_task.o(.text)
    OSTaskRegSet                             0x080096af   Thumb Code    84  os_task.o(.text)
    OS_TaskReturn                            0x08009703   Thumb Code    18  os_task.o(.text)
    OSTimeDly                                0x0800971d   Thumb Code   100  os_time.o(.text)
    OSTimeDlyHMSM                            0x08009781   Thumb Code   124  os_time.o(.text)
    OSTimeDlyResume                          0x080097fd   Thumb Code   168  os_time.o(.text)
    OSTimeGet                                0x080098a5   Thumb Code    24  os_time.o(.text)
    OSTimeSet                                0x080098bd   Thumb Code    24  os_time.o(.text)
    OSTmrCreate                              0x08009923   Thumb Code   142  os_tmr.o(.text)
    OSTmrDel                                 0x08009a29   Thumb Code   134  os_tmr.o(.text)
    OSTmrNameGet                             0x08009aaf   Thumb Code   134  os_tmr.o(.text)
    OSTmrRemainGet                           0x08009b35   Thumb Code   172  os_tmr.o(.text)
    OSTmrStateGet                            0x08009be1   Thumb Code    96  os_tmr.o(.text)
    OSTmrStart                               0x08009ca5   Thumb Code   166  os_tmr.o(.text)
    OSTmrStop                                0x08009d4b   Thumb Code   190  os_tmr.o(.text)
    OSTmrSignal                              0x08009e09   Thumb Code    16  os_tmr.o(.text)
    OSTmr_Init                               0x08009ebd   Thumb Code   172  os_tmr.o(.text)
    OSTaskReturnHook                         0x08009fd1   Thumb Code     2  os_apphooks.o(.text)
    App_TaskCreateHook                       0x08009fd3   Thumb Code     2  os_apphooks.o(.text)
    App_TaskDelHook                          0x08009fd5   Thumb Code     2  os_apphooks.o(.text)
    App_TaskIdleHook                         0x08009fd7   Thumb Code     2  os_apphooks.o(.text)
    App_TaskReturnHook                       0x08009fd9   Thumb Code     2  os_apphooks.o(.text)
    App_TaskStatHook                         0x08009fdb   Thumb Code     2  os_apphooks.o(.text)
    App_TaskSwHook                           0x08009fdd   Thumb Code     2  os_apphooks.o(.text)
    App_TCBInitHook                          0x08009fdf   Thumb Code     2  os_apphooks.o(.text)
    App_TimeTickHook                         0x08009fe1   Thumb Code     2  os_apphooks.o(.text)
    GPIO_DeInit                              0x08009fe5   Thumb Code   220  stm32f4xx_gpio.o(.text)
    GPIO_Init                                0x0800a0c1   Thumb Code   144  stm32f4xx_gpio.o(.text)
    GPIO_StructInit                          0x0800a151   Thumb Code    18  stm32f4xx_gpio.o(.text)
    GPIO_PinLockConfig                       0x0800a163   Thumb Code    34  stm32f4xx_gpio.o(.text)
    GPIO_ReadInputDataBit                    0x0800a185   Thumb Code    18  stm32f4xx_gpio.o(.text)
    GPIO_ReadInputData                       0x0800a197   Thumb Code     8  stm32f4xx_gpio.o(.text)
    GPIO_ReadOutputDataBit                   0x0800a19f   Thumb Code    18  stm32f4xx_gpio.o(.text)
    GPIO_ReadOutputData                      0x0800a1b1   Thumb Code     8  stm32f4xx_gpio.o(.text)
    GPIO_SetBits                             0x0800a1b9   Thumb Code     4  stm32f4xx_gpio.o(.text)
    GPIO_ResetBits                           0x0800a1bd   Thumb Code     4  stm32f4xx_gpio.o(.text)
    GPIO_WriteBit                            0x0800a1c1   Thumb Code    10  stm32f4xx_gpio.o(.text)
    GPIO_Write                               0x0800a1cb   Thumb Code     4  stm32f4xx_gpio.o(.text)
    GPIO_ToggleBits                          0x0800a1cf   Thumb Code     8  stm32f4xx_gpio.o(.text)
    GPIO_PinAFConfig                         0x0800a1d7   Thumb Code    70  stm32f4xx_gpio.o(.text)
    RCC_DeInit                               0x0800a241   Thumb Code    60  stm32f4xx_rcc.o(.text)
    RCC_HSEConfig                            0x0800a27d   Thumb Code    14  stm32f4xx_rcc.o(.text)
    RCC_GetFlagStatus                        0x0800a28b   Thumb Code    60  stm32f4xx_rcc.o(.text)
    RCC_WaitForHSEStartUp                    0x0800a2c7   Thumb Code    56  stm32f4xx_rcc.o(.text)
    RCC_AdjustHSICalibrationValue            0x0800a2ff   Thumb Code    20  stm32f4xx_rcc.o(.text)
    RCC_HSICmd                               0x0800a313   Thumb Code     6  stm32f4xx_rcc.o(.text)
    RCC_LSEConfig                            0x0800a319   Thumb Code    46  stm32f4xx_rcc.o(.text)
    RCC_LSICmd                               0x0800a347   Thumb Code     6  stm32f4xx_rcc.o(.text)
    RCC_PLLConfig                            0x0800a34d   Thumb Code    32  stm32f4xx_rcc.o(.text)
    RCC_PLLCmd                               0x0800a36d   Thumb Code     6  stm32f4xx_rcc.o(.text)
    RCC_PLLI2SConfig                         0x0800a373   Thumb Code    14  stm32f4xx_rcc.o(.text)
    RCC_PLLI2SCmd                            0x0800a381   Thumb Code     6  stm32f4xx_rcc.o(.text)
    RCC_ClockSecuritySystemCmd               0x0800a387   Thumb Code     6  stm32f4xx_rcc.o(.text)
    RCC_MCO1Config                           0x0800a38d   Thumb Code    28  stm32f4xx_rcc.o(.text)
    RCC_MCO2Config                           0x0800a3a9   Thumb Code    28  stm32f4xx_rcc.o(.text)
    RCC_SYSCLKConfig                         0x0800a3c5   Thumb Code    20  stm32f4xx_rcc.o(.text)
    RCC_GetSYSCLKSource                      0x0800a3d9   Thumb Code    12  stm32f4xx_rcc.o(.text)
    RCC_HCLKConfig                           0x0800a3e5   Thumb Code    20  stm32f4xx_rcc.o(.text)
    RCC_PCLK1Config                          0x0800a3f9   Thumb Code    20  stm32f4xx_rcc.o(.text)
    RCC_PCLK2Config                          0x0800a40d   Thumb Code    22  stm32f4xx_rcc.o(.text)
    RCC_GetClocksFreq                        0x0800a423   Thumb Code   222  stm32f4xx_rcc.o(.text)
    RCC_RTCCLKConfig                         0x0800a501   Thumb Code    54  stm32f4xx_rcc.o(.text)
    RCC_RTCCLKCmd                            0x0800a537   Thumb Code     8  stm32f4xx_rcc.o(.text)
    RCC_BackupResetCmd                       0x0800a53f   Thumb Code     8  stm32f4xx_rcc.o(.text)
    RCC_I2SCLKConfig                         0x0800a547   Thumb Code     6  stm32f4xx_rcc.o(.text)
    RCC_AHB1PeriphClockCmd                   0x0800a54d   Thumb Code    34  stm32f4xx_rcc.o(.text)
    RCC_AHB2PeriphClockCmd                   0x0800a56f   Thumb Code    34  stm32f4xx_rcc.o(.text)
    RCC_AHB3PeriphClockCmd                   0x0800a591   Thumb Code    34  stm32f4xx_rcc.o(.text)
    RCC_APB1PeriphClockCmd                   0x0800a5b3   Thumb Code    34  stm32f4xx_rcc.o(.text)
    RCC_APB2PeriphClockCmd                   0x0800a5d5   Thumb Code    34  stm32f4xx_rcc.o(.text)
    RCC_AHB1PeriphResetCmd                   0x0800a5f7   Thumb Code    34  stm32f4xx_rcc.o(.text)
    RCC_AHB2PeriphResetCmd                   0x0800a619   Thumb Code    72  stm32f4xx_rcc.o(.text)
    RCC_AHB3PeriphResetCmd                   0x0800a661   Thumb Code    34  stm32f4xx_rcc.o(.text)
    RCC_APB1PeriphResetCmd                   0x0800a683   Thumb Code    34  stm32f4xx_rcc.o(.text)
    RCC_APB2PeriphResetCmd                   0x0800a6a5   Thumb Code    34  stm32f4xx_rcc.o(.text)
    RCC_AHB1PeriphClockLPModeCmd             0x0800a6c7   Thumb Code    34  stm32f4xx_rcc.o(.text)
    RCC_AHB2PeriphClockLPModeCmd             0x0800a6e9   Thumb Code    34  stm32f4xx_rcc.o(.text)
    RCC_AHB3PeriphClockLPModeCmd             0x0800a70b   Thumb Code    34  stm32f4xx_rcc.o(.text)
    RCC_APB1PeriphClockLPModeCmd             0x0800a72d   Thumb Code    34  stm32f4xx_rcc.o(.text)
    RCC_APB2PeriphClockLPModeCmd             0x0800a74f   Thumb Code    34  stm32f4xx_rcc.o(.text)
    RCC_ITConfig                             0x0800a771   Thumb Code    34  stm32f4xx_rcc.o(.text)
    RCC_ClearFlag                            0x0800a793   Thumb Code    18  stm32f4xx_rcc.o(.text)
    RCC_GetITStatus                          0x0800a7a5   Thumb Code    22  stm32f4xx_rcc.o(.text)
    RCC_ClearITPendingBit                    0x0800a7bb   Thumb Code     8  stm32f4xx_rcc.o(.text)
    NVIC_PriorityGroupConfig                 0x0800a7c9   Thumb Code    10  misc.o(.text)
    NVIC_Init                                0x0800a7d3   Thumb Code   106  misc.o(.text)
    NVIC_SetVectorTable                      0x0800a83d   Thumb Code    14  misc.o(.text)
    NVIC_SystemLPConfig                      0x0800a84b   Thumb Code    34  misc.o(.text)
    SysTick_CLKSourceConfig                  0x0800a86d   Thumb Code    40  misc.o(.text)
    TIM_DeInit                               0x0800a8a9   Thumb Code   346  stm32f4xx_tim.o(.text)
    TIM_TimeBaseInit                         0x0800aa03   Thumb Code   104  stm32f4xx_tim.o(.text)
    TIM_TimeBaseStructInit                   0x0800aa6b   Thumb Code    18  stm32f4xx_tim.o(.text)
    TIM_PrescalerConfig                      0x0800aa7d   Thumb Code     6  stm32f4xx_tim.o(.text)
    TIM_CounterModeConfig                    0x0800aa83   Thumb Code    18  stm32f4xx_tim.o(.text)
    TIM_SetCounter                           0x0800aa95   Thumb Code     4  stm32f4xx_tim.o(.text)
    TIM_SetAutoreload                        0x0800aa99   Thumb Code     4  stm32f4xx_tim.o(.text)
    TIM_GetCounter                           0x0800aa9d   Thumb Code     6  stm32f4xx_tim.o(.text)
    TIM_GetPrescaler                         0x0800aaa3   Thumb Code     6  stm32f4xx_tim.o(.text)
    TIM_UpdateDisableConfig                  0x0800aaa9   Thumb Code    24  stm32f4xx_tim.o(.text)
    TIM_UpdateRequestConfig                  0x0800aac1   Thumb Code    24  stm32f4xx_tim.o(.text)
    TIM_ARRPreloadConfig                     0x0800aad9   Thumb Code    24  stm32f4xx_tim.o(.text)
    TIM_SelectOnePulseMode                   0x0800aaf1   Thumb Code    18  stm32f4xx_tim.o(.text)
    TIM_SetClockDivision                     0x0800ab03   Thumb Code    18  stm32f4xx_tim.o(.text)
    TIM_Cmd                                  0x0800ab15   Thumb Code    24  stm32f4xx_tim.o(.text)
    TIM_OC1Init                              0x0800ab2d   Thumb Code   114  stm32f4xx_tim.o(.text)
    TIM_OC2Init                              0x0800ab9f   Thumb Code   154  stm32f4xx_tim.o(.text)
    TIM_OC3Init                              0x0800ac39   Thumb Code   204  stm32f4xx_tim.o(.text)
    TIM_OC4Init                              0x0800ad05   Thumb Code   112  stm32f4xx_tim.o(.text)
    TIM_OCStructInit                         0x0800ad75   Thumb Code    20  stm32f4xx_tim.o(.text)
    TIM_SelectOCxM                           0x0800ad89   Thumb Code    86  stm32f4xx_tim.o(.text)
    TIM_SetCompare1                          0x0800addf   Thumb Code     4  stm32f4xx_tim.o(.text)
    TIM_SetCompare2                          0x0800ade3   Thumb Code     4  stm32f4xx_tim.o(.text)
    TIM_SetCompare3                          0x0800ade7   Thumb Code     4  stm32f4xx_tim.o(.text)
    TIM_SetCompare4                          0x0800adeb   Thumb Code     4  stm32f4xx_tim.o(.text)
    TIM_ForcedOC1Config                      0x0800adef   Thumb Code    18  stm32f4xx_tim.o(.text)
    TIM_ForcedOC2Config                      0x0800ae01   Thumb Code    26  stm32f4xx_tim.o(.text)
    TIM_ForcedOC3Config                      0x0800ae1b   Thumb Code    18  stm32f4xx_tim.o(.text)
    TIM_ForcedOC4Config                      0x0800ae2d   Thumb Code    26  stm32f4xx_tim.o(.text)
    TIM_OC1PreloadConfig                     0x0800ae47   Thumb Code    18  stm32f4xx_tim.o(.text)
    TIM_OC2PreloadConfig                     0x0800ae59   Thumb Code    26  stm32f4xx_tim.o(.text)
    TIM_OC3PreloadConfig                     0x0800ae73   Thumb Code    18  stm32f4xx_tim.o(.text)
    TIM_OC4PreloadConfig                     0x0800ae85   Thumb Code    26  stm32f4xx_tim.o(.text)
    TIM_OC1FastConfig                        0x0800ae9f   Thumb Code    18  stm32f4xx_tim.o(.text)
    TIM_OC2FastConfig                        0x0800aeb1   Thumb Code    26  stm32f4xx_tim.o(.text)
    TIM_OC3FastConfig                        0x0800aecb   Thumb Code    18  stm32f4xx_tim.o(.text)
    TIM_OC4FastConfig                        0x0800aedd   Thumb Code    26  stm32f4xx_tim.o(.text)
    TIM_ClearOC1Ref                          0x0800aef7   Thumb Code    18  stm32f4xx_tim.o(.text)
    TIM_ClearOC2Ref                          0x0800af09   Thumb Code    24  stm32f4xx_tim.o(.text)
    TIM_ClearOC3Ref                          0x0800af21   Thumb Code    18  stm32f4xx_tim.o(.text)
    TIM_ClearOC4Ref                          0x0800af33   Thumb Code    24  stm32f4xx_tim.o(.text)
    TIM_OC1PolarityConfig                    0x0800af4b   Thumb Code    18  stm32f4xx_tim.o(.text)
    TIM_OC1NPolarityConfig                   0x0800af5d   Thumb Code    18  stm32f4xx_tim.o(.text)
    TIM_OC2PolarityConfig                    0x0800af6f   Thumb Code    26  stm32f4xx_tim.o(.text)
    TIM_OC2NPolarityConfig                   0x0800af89   Thumb Code    26  stm32f4xx_tim.o(.text)
    TIM_OC3PolarityConfig                    0x0800afa3   Thumb Code    26  stm32f4xx_tim.o(.text)
    TIM_OC3NPolarityConfig                   0x0800afbd   Thumb Code    26  stm32f4xx_tim.o(.text)
    TIM_OC4PolarityConfig                    0x0800afd7   Thumb Code    26  stm32f4xx_tim.o(.text)
    TIM_CCxCmd                               0x0800aff1   Thumb Code    30  stm32f4xx_tim.o(.text)
    TIM_CCxNCmd                              0x0800b00f   Thumb Code    30  stm32f4xx_tim.o(.text)
    TIM_SetIC4Prescaler                      0x0800b02d   Thumb Code    26  stm32f4xx_tim.o(.text)
    TIM_SetIC3Prescaler                      0x0800b097   Thumb Code    18  stm32f4xx_tim.o(.text)
    TIM_SetIC2Prescaler                      0x0800b0f1   Thumb Code    26  stm32f4xx_tim.o(.text)
    TIM_SetIC1Prescaler                      0x0800b165   Thumb Code    18  stm32f4xx_tim.o(.text)
    TIM_ICInit                               0x0800b1b1   Thumb Code   110  stm32f4xx_tim.o(.text)
    TIM_ICStructInit                         0x0800b21f   Thumb Code    18  stm32f4xx_tim.o(.text)
    TIM_PWMIConfig                           0x0800b231   Thumb Code   124  stm32f4xx_tim.o(.text)
    TIM_GetCapture1                          0x0800b2ad   Thumb Code     6  stm32f4xx_tim.o(.text)
    TIM_GetCapture2                          0x0800b2b3   Thumb Code     6  stm32f4xx_tim.o(.text)
    TIM_GetCapture3                          0x0800b2b9   Thumb Code     6  stm32f4xx_tim.o(.text)
    TIM_GetCapture4                          0x0800b2bf   Thumb Code     6  stm32f4xx_tim.o(.text)
    TIM_BDTRConfig                           0x0800b2c5   Thumb Code    32  stm32f4xx_tim.o(.text)
    TIM_BDTRStructInit                       0x0800b2e5   Thumb Code    18  stm32f4xx_tim.o(.text)
    TIM_CtrlPWMOutputs                       0x0800b2f7   Thumb Code    30  stm32f4xx_tim.o(.text)
    TIM_SelectCOM                            0x0800b315   Thumb Code    24  stm32f4xx_tim.o(.text)
    TIM_CCPreloadControl                     0x0800b32d   Thumb Code    24  stm32f4xx_tim.o(.text)
    TIM_ITConfig                             0x0800b345   Thumb Code    18  stm32f4xx_tim.o(.text)
    TIM_GenerateEvent                        0x0800b357   Thumb Code     4  stm32f4xx_tim.o(.text)
    TIM_GetFlagStatus                        0x0800b35b   Thumb Code    18  stm32f4xx_tim.o(.text)
    TIM_ClearFlag                            0x0800b36d   Thumb Code     6  stm32f4xx_tim.o(.text)
    TIM_GetITStatus                          0x0800b373   Thumb Code    34  stm32f4xx_tim.o(.text)
    TIM_ClearITPendingBit                    0x0800b395   Thumb Code     6  stm32f4xx_tim.o(.text)
    TIM_DMAConfig                            0x0800b39b   Thumb Code    10  stm32f4xx_tim.o(.text)
    TIM_DMACmd                               0x0800b3a5   Thumb Code    18  stm32f4xx_tim.o(.text)
    TIM_SelectCCDMA                          0x0800b3b7   Thumb Code    24  stm32f4xx_tim.o(.text)
    TIM_InternalClockConfig                  0x0800b3cf   Thumb Code    12  stm32f4xx_tim.o(.text)
    TIM_SelectInputTrigger                   0x0800b3db   Thumb Code    18  stm32f4xx_tim.o(.text)
    TIM_ITRxExternalClockConfig              0x0800b3ed   Thumb Code    24  stm32f4xx_tim.o(.text)
    TIM_TIxExternalClockConfig               0x0800b405   Thumb Code    62  stm32f4xx_tim.o(.text)
    TIM_ETRConfig                            0x0800b443   Thumb Code    28  stm32f4xx_tim.o(.text)
    TIM_ETRClockMode1Config                  0x0800b45f   Thumb Code    54  stm32f4xx_tim.o(.text)
    TIM_ETRClockMode2Config                  0x0800b495   Thumb Code    32  stm32f4xx_tim.o(.text)
    TIM_SelectOutputTrigger                  0x0800b4b5   Thumb Code    18  stm32f4xx_tim.o(.text)
    TIM_SelectSlaveMode                      0x0800b4c7   Thumb Code    18  stm32f4xx_tim.o(.text)
    TIM_SelectMasterSlaveMode                0x0800b4d9   Thumb Code    18  stm32f4xx_tim.o(.text)
    TIM_EncoderInterfaceConfig               0x0800b4eb   Thumb Code    66  stm32f4xx_tim.o(.text)
    TIM_SelectHallSensor                     0x0800b52d   Thumb Code    24  stm32f4xx_tim.o(.text)
    TIM_RemapConfig                          0x0800b545   Thumb Code     6  stm32f4xx_tim.o(.text)
    USART_DeInit                             0x0800b54d   Thumb Code   156  stm32f4xx_usart.o(.text)
    USART_Init                               0x0800b5e9   Thumb Code   204  stm32f4xx_usart.o(.text)
    USART_StructInit                         0x0800b6b5   Thumb Code    24  stm32f4xx_usart.o(.text)
    USART_ClockInit                          0x0800b6cd   Thumb Code    32  stm32f4xx_usart.o(.text)
    USART_ClockStructInit                    0x0800b6ed   Thumb Code    12  stm32f4xx_usart.o(.text)
    USART_Cmd                                0x0800b6f9   Thumb Code    24  stm32f4xx_usart.o(.text)
    USART_SetPrescaler                       0x0800b711   Thumb Code    16  stm32f4xx_usart.o(.text)
    USART_OverSampling8Cmd                   0x0800b721   Thumb Code    22  stm32f4xx_usart.o(.text)
    USART_OneBitMethodCmd                    0x0800b737   Thumb Code    24  stm32f4xx_usart.o(.text)
    USART_ClearFlag                          0x0800b74f   Thumb Code    18  stm32f4xx_usart.o(.text)
    USART_GetFlagStatus                      0x0800b761   Thumb Code    26  stm32f4xx_usart.o(.text)
    USART_SendData                           0x0800b77b   Thumb Code    44  stm32f4xx_usart.o(.text)
    USART_ReceiveData                        0x0800b7a7   Thumb Code    10  stm32f4xx_usart.o(.text)
    USART_SetAddress                         0x0800b7b1   Thumb Code    18  stm32f4xx_usart.o(.text)
    USART_ReceiverWakeUpCmd                  0x0800b7c3   Thumb Code    24  stm32f4xx_usart.o(.text)
    USART_WakeUpConfig                       0x0800b7db   Thumb Code    18  stm32f4xx_usart.o(.text)
    USART_LINBreakDetectLengthConfig         0x0800b7ed   Thumb Code    18  stm32f4xx_usart.o(.text)
    USART_LINCmd                             0x0800b7ff   Thumb Code    24  stm32f4xx_usart.o(.text)
    USART_SendBreak                          0x0800b817   Thumb Code    10  stm32f4xx_usart.o(.text)
    USART_HalfDuplexCmd                      0x0800b821   Thumb Code    24  stm32f4xx_usart.o(.text)
    USART_SetGuardTime                       0x0800b839   Thumb Code    16  stm32f4xx_usart.o(.text)
    USART_SmartCardCmd                       0x0800b849   Thumb Code    24  stm32f4xx_usart.o(.text)
    USART_SmartCardNACKCmd                   0x0800b861   Thumb Code    24  stm32f4xx_usart.o(.text)
    USART_IrDAConfig                         0x0800b879   Thumb Code    18  stm32f4xx_usart.o(.text)
    USART_IrDACmd                            0x0800b88b   Thumb Code    24  stm32f4xx_usart.o(.text)
    USART_DMACmd                             0x0800b8a3   Thumb Code    18  stm32f4xx_usart.o(.text)
    USART_ITConfig                           0x0800b8b5   Thumb Code    74  stm32f4xx_usart.o(.text)
    USART_GetITStatus                        0x0800b8ff   Thumb Code   110  stm32f4xx_usart.o(.text)
    USART_ClearITPendingBit                  0x0800b96d   Thumb Code    30  stm32f4xx_usart.o(.text)
    CAN_DeInit                               0x0800b98d   Thumb Code    50  stm32f4xx_can.o(.text)
    CAN_Init                                 0x0800b9bf   Thumb Code   276  stm32f4xx_can.o(.text)
    CAN_FilterInit                           0x0800bad3   Thumb Code   258  stm32f4xx_can.o(.text)
    CAN_StructInit                           0x0800bbd5   Thumb Code    32  stm32f4xx_can.o(.text)
    CAN_SlaveStartBank                       0x0800bbf5   Thumb Code    48  stm32f4xx_can.o(.text)
    CAN_DBGFreeze                            0x0800bc25   Thumb Code    22  stm32f4xx_can.o(.text)
    CAN_TTComModeCmd                         0x0800bc3b   Thumb Code   118  stm32f4xx_can.o(.text)
    CAN_Transmit                             0x0800bcb1   Thumb Code   304  stm32f4xx_can.o(.text)
    CAN_TransmitStatus                       0x0800bde1   Thumb Code   138  stm32f4xx_can.o(.text)
    CAN_CancelTransmit                       0x0800be6b   Thumb Code    48  stm32f4xx_can.o(.text)
    CAN_Receive                              0x0800be9b   Thumb Code   240  stm32f4xx_can.o(.text)
    CAN_FIFORelease                          0x0800bf8b   Thumb Code    22  stm32f4xx_can.o(.text)
    CAN_MessagePending                       0x0800bfa1   Thumb Code    30  stm32f4xx_can.o(.text)
    CAN_OperatingModeRequest                 0x0800bfbf   Thumb Code   162  stm32f4xx_can.o(.text)
    CAN_Sleep                                0x0800c061   Thumb Code    30  stm32f4xx_can.o(.text)
    CAN_WakeUp                               0x0800c07f   Thumb Code    48  stm32f4xx_can.o(.text)
    CAN_GetLastErrorCode                     0x0800c0af   Thumb Code    12  stm32f4xx_can.o(.text)
    CAN_GetReceiveErrorCounter               0x0800c0bb   Thumb Code    10  stm32f4xx_can.o(.text)
    CAN_GetLSBTransmitErrorCounter           0x0800c0c5   Thumb Code    12  stm32f4xx_can.o(.text)
    CAN_ITConfig                             0x0800c0d1   Thumb Code    18  stm32f4xx_can.o(.text)
    CAN_GetFlagStatus                        0x0800c0e3   Thumb Code   120  stm32f4xx_can.o(.text)
    CAN_ClearFlag                            0x0800c15b   Thumb Code    52  stm32f4xx_can.o(.text)
    CAN_GetITStatus                          0x0800c1a1   Thumb Code   310  stm32f4xx_can.o(.text)
    CAN_ClearITPendingBit                    0x0800c2d7   Thumb Code   162  stm32f4xx_can.o(.text)
    DMA_DeInit                               0x0800c37d   Thumb Code   324  stm32f4xx_dma.o(.text)
    DMA_Init                                 0x0800c4c1   Thumb Code    82  stm32f4xx_dma.o(.text)
    DMA_StructInit                           0x0800c513   Thumb Code    34  stm32f4xx_dma.o(.text)
    DMA_Cmd                                  0x0800c535   Thumb Code    22  stm32f4xx_dma.o(.text)
    DMA_PeriphIncOffsetSizeConfig            0x0800c54b   Thumb Code    22  stm32f4xx_dma.o(.text)
    DMA_FlowControllerConfig                 0x0800c561   Thumb Code    22  stm32f4xx_dma.o(.text)
    DMA_SetCurrDataCounter                   0x0800c577   Thumb Code     4  stm32f4xx_dma.o(.text)
    DMA_GetCurrDataCounter                   0x0800c57b   Thumb Code     8  stm32f4xx_dma.o(.text)
    DMA_DoubleBufferModeConfig               0x0800c583   Thumb Code    24  stm32f4xx_dma.o(.text)
    DMA_DoubleBufferModeCmd                  0x0800c59b   Thumb Code    22  stm32f4xx_dma.o(.text)
    DMA_MemoryTargetConfig                   0x0800c5b1   Thumb Code    10  stm32f4xx_dma.o(.text)
    DMA_GetCurrentMemoryTarget               0x0800c5bb   Thumb Code    20  stm32f4xx_dma.o(.text)
    DMA_GetCmdStatus                         0x0800c5cf   Thumb Code    20  stm32f4xx_dma.o(.text)
    DMA_GetFIFOStatus                        0x0800c5e3   Thumb Code    12  stm32f4xx_dma.o(.text)
    DMA_GetFlagStatus                        0x0800c5ef   Thumb Code    56  stm32f4xx_dma.o(.text)
    DMA_ClearFlag                            0x0800c627   Thumb Code    40  stm32f4xx_dma.o(.text)
    DMA_ITConfig                             0x0800c64f   Thumb Code    58  stm32f4xx_dma.o(.text)
    DMA_GetITStatus                          0x0800c689   Thumb Code    84  stm32f4xx_dma.o(.text)
    DMA_ClearITPendingBit                    0x0800c6dd   Thumb Code    40  stm32f4xx_dma.o(.text)
    ADC_DeInit                               0x0800c725   Thumb Code    22  stm32f4xx_adc.o(.text)
    ADC_Init                                 0x0800c73b   Thumb Code    74  stm32f4xx_adc.o(.text)
    ADC_StructInit                           0x0800c785   Thumb Code    20  stm32f4xx_adc.o(.text)
    ADC_CommonInit                           0x0800c799   Thumb Code    34  stm32f4xx_adc.o(.text)
    ADC_CommonStructInit                     0x0800c7bb   Thumb Code    12  stm32f4xx_adc.o(.text)
    ADC_Cmd                                  0x0800c7c7   Thumb Code    22  stm32f4xx_adc.o(.text)
    ADC_AnalogWatchdogCmd                    0x0800c7dd   Thumb Code    16  stm32f4xx_adc.o(.text)
    ADC_AnalogWatchdogThresholdsConfig       0x0800c7ed   Thumb Code     6  stm32f4xx_adc.o(.text)
    ADC_AnalogWatchdogSingleChannelConfig    0x0800c7f3   Thumb Code    16  stm32f4xx_adc.o(.text)
    ADC_TempSensorVrefintCmd                 0x0800c803   Thumb Code    34  stm32f4xx_adc.o(.text)
    ADC_VBATCmd                              0x0800c825   Thumb Code    34  stm32f4xx_adc.o(.text)
    ADC_RegularChannelConfig                 0x0800c847   Thumb Code   184  stm32f4xx_adc.o(.text)
    ADC_SoftwareStartConv                    0x0800c8ff   Thumb Code    10  stm32f4xx_adc.o(.text)
    ADC_GetSoftwareStartConvStatus           0x0800c909   Thumb Code    20  stm32f4xx_adc.o(.text)
    ADC_EOCOnEachRegularChannelCmd           0x0800c91d   Thumb Code    22  stm32f4xx_adc.o(.text)
    ADC_ContinuousModeCmd                    0x0800c933   Thumb Code    22  stm32f4xx_adc.o(.text)
    ADC_DiscModeChannelCountConfig           0x0800c949   Thumb Code    24  stm32f4xx_adc.o(.text)
    ADC_DiscModeCmd                          0x0800c961   Thumb Code    22  stm32f4xx_adc.o(.text)
    ADC_GetConversionValue                   0x0800c977   Thumb Code     8  stm32f4xx_adc.o(.text)
    ADC_GetMultiModeConversionValue          0x0800c97f   Thumb Code     8  stm32f4xx_adc.o(.text)
    ADC_DMACmd                               0x0800c987   Thumb Code    22  stm32f4xx_adc.o(.text)
    ADC_DMARequestAfterLastTransferCmd       0x0800c99d   Thumb Code    22  stm32f4xx_adc.o(.text)
    ADC_MultiModeDMARequestAfterLastTransferCmd 0x0800c9b3   Thumb Code    34  stm32f4xx_adc.o(.text)
    ADC_InjectedChannelConfig                0x0800c9d5   Thumb Code   130  stm32f4xx_adc.o(.text)
    ADC_InjectedSequencerLengthConfig        0x0800ca57   Thumb Code    24  stm32f4xx_adc.o(.text)
    ADC_SetInjectedOffset                    0x0800ca6f   Thumb Code    20  stm32f4xx_adc.o(.text)
    ADC_ExternalTrigInjectedConvConfig       0x0800ca83   Thumb Code    16  stm32f4xx_adc.o(.text)
    ADC_ExternalTrigInjectedConvEdgeConfig   0x0800ca93   Thumb Code    16  stm32f4xx_adc.o(.text)
    ADC_SoftwareStartInjectedConv            0x0800caa3   Thumb Code    10  stm32f4xx_adc.o(.text)
    ADC_GetSoftwareStartInjectedConvCmdStatus 0x0800caad   Thumb Code    20  stm32f4xx_adc.o(.text)
    ADC_AutoInjectedConvCmd                  0x0800cac1   Thumb Code    22  stm32f4xx_adc.o(.text)
    ADC_InjectedDiscModeCmd                  0x0800cad7   Thumb Code    22  stm32f4xx_adc.o(.text)
    ADC_GetInjectedConversionValue           0x0800caed   Thumb Code    28  stm32f4xx_adc.o(.text)
    ADC_ITConfig                             0x0800cb09   Thumb Code    56  stm32f4xx_adc.o(.text)
    ADC_GetFlagStatus                        0x0800cb41   Thumb Code    18  stm32f4xx_adc.o(.text)
    ADC_ClearFlag                            0x0800cb53   Thumb Code     6  stm32f4xx_adc.o(.text)
    ADC_GetITStatus                          0x0800cb59   Thumb Code    38  stm32f4xx_adc.o(.text)
    ADC_ClearITPendingBit                    0x0800cb7f   Thumb Code    10  stm32f4xx_adc.o(.text)
    __2sprintf                               0x0800cb89   Thumb Code    34  noretval__2sprintf.o(.text)
    _printf_pre_padding                      0x0800cbb1   Thumb Code    44  _printf_pad.o(.text)
    _printf_post_padding                     0x0800cbdd   Thumb Code    34  _printf_pad.o(.text)
    _printf_int_dec                          0x0800cc01   Thumb Code   104  _printf_dec.o(.text)
    __printf                                 0x0800cc79   Thumb Code   308  __printf_flags_wp.o(.text)
    strcpy                                   0x0800cdb1   Thumb Code    72  strcpy.o(.text)
    strlen                                   0x0800cdf9   Thumb Code    62  strlen.o(.text)
    strncmp                                  0x0800ce37   Thumb Code   150  strncmp.o(.text)
    __aeabi_memcpy                           0x0800cecd   Thumb Code     0  rt_memcpy_v6.o(.text)
    __rt_memcpy                              0x0800cecd   Thumb Code   138  rt_memcpy_v6.o(.text)
    _memcpy_lastbytes                        0x0800cf33   Thumb Code     0  rt_memcpy_v6.o(.text)
    __aeabi_memcpy4                          0x0800cf57   Thumb Code     0  rt_memcpy_w.o(.text)
    __aeabi_memcpy8                          0x0800cf57   Thumb Code     0  rt_memcpy_w.o(.text)
    __rt_memcpy_w                            0x0800cf57   Thumb Code   100  rt_memcpy_w.o(.text)
    _memcpy_lastbytes_aligned                0x0800cf9f   Thumb Code     0  rt_memcpy_w.o(.text)
    strcmp                                   0x0800cfbd   Thumb Code   128  strcmpv7m.o(.text)
    __use_two_region_memory                  0x0800d03d   Thumb Code     2  heapauxi.o(.text)
    __rt_heap_escrow$2region                 0x0800d03f   Thumb Code     2  heapauxi.o(.text)
    __rt_heap_expand$2region                 0x0800d041   Thumb Code     2  heapauxi.o(.text)
    __read_errno                             0x0800d043   Thumb Code    10  _rserrno.o(.text)
    __set_errno                              0x0800d04d   Thumb Code    12  _rserrno.o(.text)
    _printf_int_common                       0x0800d059   Thumb Code   178  _printf_intcommon.o(.text)
    _printf_char_common                      0x0800d117   Thumb Code    32  _printf_char_common.o(.text)
    _sputc                                   0x0800d13d   Thumb Code    10  _sputc.o(.text)
    __strtod_int                             0x0800d185   Thumb Code    90  strtod.o(.text)
    __aeabi_errno_addr                       0x0800d1ed   Thumb Code     8  rt_errno_addr_intlibspace.o(.text)
    __errno$intlibspace                      0x0800d1ed   Thumb Code     0  rt_errno_addr_intlibspace.o(.text)
    __rt_errno_addr$intlibspace              0x0800d1ed   Thumb Code     0  rt_errno_addr_intlibspace.o(.text)
    isspace                                  0x0800d1f5   Thumb Code    18  isspace.o(.text)
    _sgetc                                   0x0800d207   Thumb Code    30  _sgetc.o(.text)
    _sbackspace                              0x0800d225   Thumb Code    34  _sgetc.o(.text)
    __user_libspace                          0x0800d249   Thumb Code     8  libspace.o(.text)
    __user_perproc_libspace                  0x0800d249   Thumb Code     0  libspace.o(.text)
    __user_perthread_libspace                0x0800d249   Thumb Code     0  libspace.o(.text)
    __user_setup_stackheap                   0x0800d251   Thumb Code    74  sys_stackheap_outer.o(.text)
    __rt_ctype_table                         0x0800d29d   Thumb Code    16  rt_ctype_table.o(.text)
    _scanf_really_real                       0x0800d4a9   Thumb Code   668  scanf_fp.o(.text)
    exit                                     0x0800d751   Thumb Code    18  exit.o(.text)
    __rt_locale                              0x0800d765   Thumb Code     8  rt_locale_intlibspace.o(.text)
    _btod_etento                             0x0800d76d   Thumb Code   216  bigflt0.o(.text)
    _scanf_really_hex_real                   0x0800d849   Thumb Code   786  scanf_hexfp.o(.text)
    _scanf_really_infnan                     0x0800db69   Thumb Code   292  scanf_infnan.o(.text)
    _sys_exit                                0x0800dc9d   Thumb Code     8  sys_exit.o(.text)
    __aeabi_llsl                             0x0800dca9   Thumb Code     0  llshl.o(.text)
    _ll_shift_l                              0x0800dca9   Thumb Code    38  llshl.o(.text)
    _chval                                   0x0800dccf   Thumb Code    28  _chval.o(.text)
    __I$use$semihosting                      0x0800dceb   Thumb Code     0  use_no_semi.o(.text)
    __use_no_semihosting_swi                 0x0800dceb   Thumb Code     2  use_no_semi.o(.text)
    __btod_div_common                        0x0800dced   Thumb Code   696  btod.o(CL$$btod_div_common)
    __semihosting_library_function           0x0800dced   Thumb Code     0  indicate_semi.o(.text)
    _e2d                                     0x0800e025   Thumb Code    80  btod.o(CL$$btod_e2d)
    _e2e                                     0x0800e079   Thumb Code   198  btod.o(CL$$btod_e2e)
    _btod_ediv                               0x0800e13f   Thumb Code    40  btod.o(CL$$btod_ediv)
    _btod_edivd                              0x0800e167   Thumb Code    40  btod.o(CL$$btod_edivd)
    _btod_emul                               0x0800e18f   Thumb Code    40  btod.o(CL$$btod_emul)
    _btod_emuld                              0x0800e1b7   Thumb Code    40  btod.o(CL$$btod_emuld)
    __btod_mult_common                       0x0800e1df   Thumb Code   580  btod.o(CL$$btod_mult_common)
    __ARM_fpclassify                         0x0800e423   Thumb Code    48  fpclassify.o(i.__ARM_fpclassify)
    __hardfp_atof                            0x0800e459   Thumb Code    44  atof.o(i.__hardfp_atof)
    __hardfp_fabs                            0x0800e491   Thumb Code    20  fabs.o(i.__hardfp_fabs)
    __hardfp_ldexp                           0x0800e4a9   Thumb Code   200  ldexp.o(i.__hardfp_ldexp)
    __hardfp_pow                             0x0800e579   Thumb Code  3072  pow.o(i.__hardfp_pow)
    __kernel_poly                            0x0800f1c9   Thumb Code   248  poly.o(i.__kernel_poly)
    __mathlib_dbl_divzero                    0x0800f2c1   Thumb Code    28  dunder.o(i.__mathlib_dbl_divzero)
    __mathlib_dbl_infnan2                    0x0800f2f1   Thumb Code    20  dunder.o(i.__mathlib_dbl_infnan2)
    __mathlib_dbl_invalid                    0x0800f309   Thumb Code    24  dunder.o(i.__mathlib_dbl_invalid)
    __mathlib_dbl_overflow                   0x0800f329   Thumb Code    24  dunder.o(i.__mathlib_dbl_overflow)
    __mathlib_dbl_underflow                  0x0800f349   Thumb Code    24  dunder.o(i.__mathlib_dbl_underflow)
    __mathlib_narrow                         0x0800f369   Thumb Code   166  narrow.o(i.__mathlib_narrow)
    __support_ldexp                          0x0800f421   Thumb Code    20  ldexp.o(i.__support_ldexp)
    _is_digit                                0x0800f435   Thumb Code    14  __printf_wp.o(i._is_digit)
    fabs                                     0x0800f443   Thumb Code    24  fabs.o(i.fabs)
    frexp                                    0x0800f461   Thumb Code   118  frexp.o(i.frexp)
    sqrt                                     0x0800f4ed   Thumb Code   110  sqrt.o(i.sqrt)
    _get_lc_numeric                          0x0800f55d   Thumb Code    44  lc_numeric_c.o(locale$$code)
    _get_lc_ctype                            0x0800f589   Thumb Code    44  lc_ctype_c.o(locale$$code)
    __aeabi_dneg                             0x0800f5b5   Thumb Code     0  basic.o(x$fpl$basic)
    _dneg                                    0x0800f5b5   Thumb Code     6  basic.o(x$fpl$basic)
    __aeabi_fneg                             0x0800f5bb   Thumb Code     0  basic.o(x$fpl$basic)
    _fneg                                    0x0800f5bb   Thumb Code     6  basic.o(x$fpl$basic)
    _dabs                                    0x0800f5c1   Thumb Code     6  basic.o(x$fpl$basic)
    _fabs                                    0x0800f5c7   Thumb Code     6  basic.o(x$fpl$basic)
    __aeabi_d2f                              0x0800f5cd   Thumb Code     0  d2f.o(x$fpl$d2f)
    _d2f                                     0x0800f5cd   Thumb Code    98  d2f.o(x$fpl$d2f)
    __aeabi_dadd                             0x0800f631   Thumb Code     0  daddsub_clz.o(x$fpl$dadd)
    _dadd                                    0x0800f631   Thumb Code   332  daddsub_clz.o(x$fpl$dadd)
    __fpl_dcheck_NaN1                        0x0800f781   Thumb Code    10  dcheck1.o(x$fpl$dcheck1)
    __fpl_dcmp_Inf                           0x0800f791   Thumb Code    24  dcmpi.o(x$fpl$dcmpinf)
    __aeabi_ddiv                             0x0800f7a9   Thumb Code     0  ddiv.o(x$fpl$ddiv)
    _ddiv                                    0x0800f7a9   Thumb Code   552  ddiv.o(x$fpl$ddiv)
    __aeabi_cdcmpeq                          0x0800fa59   Thumb Code     0  deqf.o(x$fpl$deqf)
    _dcmpeq                                  0x0800fa59   Thumb Code   120  deqf.o(x$fpl$deqf)
    __aeabi_d2iz                             0x0800fad1   Thumb Code     0  dfix.o(x$fpl$dfix)
    _dfix                                    0x0800fad1   Thumb Code    94  dfix.o(x$fpl$dfix)
    __aeabi_d2uiz                            0x0800fb31   Thumb Code     0  dfixu.o(x$fpl$dfixu)
    _dfixu                                   0x0800fb31   Thumb Code    90  dfixu.o(x$fpl$dfixu)
    __aeabi_i2d                              0x0800fb8b   Thumb Code     0  dflt_clz.o(x$fpl$dflt)
    _dflt                                    0x0800fb8b   Thumb Code    46  dflt_clz.o(x$fpl$dflt)
    __aeabi_cdcmple                          0x0800fbb9   Thumb Code     0  dleqf.o(x$fpl$dleqf)
    _dcmple                                  0x0800fbb9   Thumb Code   120  dleqf.o(x$fpl$dleqf)
    __fpl_dcmple_InfNaN                      0x0800fc1b   Thumb Code     0  dleqf.o(x$fpl$dleqf)
    __aeabi_dmul                             0x0800fc31   Thumb Code     0  dmul.o(x$fpl$dmul)
    _dmul                                    0x0800fc31   Thumb Code   332  dmul.o(x$fpl$dmul)
    __fpl_dnaninf                            0x0800fd85   Thumb Code   156  dnaninf.o(x$fpl$dnaninf)
    __fpl_dretinf                            0x0800fe21   Thumb Code    12  dretinf.o(x$fpl$dretinf)
    __aeabi_cdrcmple                         0x0800fe2d   Thumb Code     0  drleqf.o(x$fpl$drleqf)
    _drcmple                                 0x0800fe2d   Thumb Code   108  drleqf.o(x$fpl$drleqf)
    __aeabi_drsub                            0x0800fe99   Thumb Code     0  daddsub_clz.o(x$fpl$drsb)
    _drsb                                    0x0800fe99   Thumb Code    22  daddsub_clz.o(x$fpl$drsb)
    _dsqrt                                   0x0800feb1   Thumb Code   404  dsqrt_umaal.o(x$fpl$dsqrt)
    __aeabi_dsub                             0x08010049   Thumb Code     0  daddsub_clz.o(x$fpl$dsub)
    _dsub                                    0x08010049   Thumb Code   464  daddsub_clz.o(x$fpl$dsub)
    __aeabi_f2d                              0x0801021d   Thumb Code     0  f2d.o(x$fpl$f2d)
    _f2d                                     0x0801021d   Thumb Code    86  f2d.o(x$fpl$f2d)
    __fpl_fnaninf                            0x08010273   Thumb Code   140  fnaninf.o(x$fpl$fnaninf)
    _fp_init                                 0x080102ff   Thumb Code    10  fpinit.o(x$fpl$fpinit)
    __fplib_config_fpu_vfp                   0x08010307   Thumb Code     0  fpinit.o(x$fpl$fpinit)
    __fplib_config_pureend_doubles           0x08010307   Thumb Code     0  fpinit.o(x$fpl$fpinit)
    __fpl_fretinf                            0x08010309   Thumb Code    10  fretinf.o(x$fpl$fretinf)
    __fpl_return_NaN                         0x08010313   Thumb Code   100  retnan.o(x$fpl$retnan)
    __ARM_scalbn                             0x08010377   Thumb Code    92  scalbn.o(x$fpl$scalbn)
    _scanf_real                              0x080103d3   Thumb Code     4  scanf1.o(x$fpl$scanf1)
    _scanf_hex_real                          0x080103d7   Thumb Code     4  scanf2.o(x$fpl$scanf2)
    _scanf_infnan                            0x080103db   Thumb Code     4  scanf2.o(x$fpl$scanf2)
    __fpl_cmpreturn                          0x080103df   Thumb Code    48  trapv.o(x$fpl$trapveneer)
    __I$use$fp                               0x0801040e   Number         0  usenofp.o(x$fpl$usenofp)
    OSDebugEn                                0x080104f0   Data           2  os_dbg.o(.constdata)
    OSEndiannessTest                         0x080104f4   Data           4  os_dbg.o(.constdata)
    OSEventEn                                0x080104f8   Data           2  os_dbg.o(.constdata)
    OSEventMax                               0x080104fa   Data           2  os_dbg.o(.constdata)
    OSEventNameEn                            0x080104fc   Data           2  os_dbg.o(.constdata)
    OSEventSize                              0x080104fe   Data           2  os_dbg.o(.constdata)
    OSEventTblSize                           0x08010500   Data           2  os_dbg.o(.constdata)
    OSEventMultiEn                           0x08010502   Data           2  os_dbg.o(.constdata)
    OSFlagEn                                 0x08010504   Data           2  os_dbg.o(.constdata)
    OSFlagGrpSize                            0x08010506   Data           2  os_dbg.o(.constdata)
    OSFlagNodeSize                           0x08010508   Data           2  os_dbg.o(.constdata)
    OSFlagWidth                              0x0801050a   Data           2  os_dbg.o(.constdata)
    OSFlagMax                                0x0801050c   Data           2  os_dbg.o(.constdata)
    OSFlagNameEn                             0x0801050e   Data           2  os_dbg.o(.constdata)
    OSLowestPrio                             0x08010510   Data           2  os_dbg.o(.constdata)
    OSMboxEn                                 0x08010512   Data           2  os_dbg.o(.constdata)
    OSMemEn                                  0x08010514   Data           2  os_dbg.o(.constdata)
    OSMemMax                                 0x08010516   Data           2  os_dbg.o(.constdata)
    OSMemNameEn                              0x08010518   Data           2  os_dbg.o(.constdata)
    OSMemSize                                0x0801051a   Data           2  os_dbg.o(.constdata)
    OSMemTblSize                             0x0801051c   Data           2  os_dbg.o(.constdata)
    OSMutexEn                                0x0801051e   Data           2  os_dbg.o(.constdata)
    OSPtrSize                                0x08010520   Data           2  os_dbg.o(.constdata)
    OSQEn                                    0x08010522   Data           2  os_dbg.o(.constdata)
    OSQMax                                   0x08010524   Data           2  os_dbg.o(.constdata)
    OSQSize                                  0x08010526   Data           2  os_dbg.o(.constdata)
    OSRdyTblSize                             0x08010528   Data           2  os_dbg.o(.constdata)
    OSSemEn                                  0x0801052a   Data           2  os_dbg.o(.constdata)
    OSStkWidth                               0x0801052c   Data           2  os_dbg.o(.constdata)
    OSTaskCreateEn                           0x0801052e   Data           2  os_dbg.o(.constdata)
    OSTaskCreateExtEn                        0x08010530   Data           2  os_dbg.o(.constdata)
    OSTaskDelEn                              0x08010532   Data           2  os_dbg.o(.constdata)
    OSTaskIdleStkSize                        0x08010534   Data           2  os_dbg.o(.constdata)
    OSTaskProfileEn                          0x08010536   Data           2  os_dbg.o(.constdata)
    OSTaskMax                                0x08010538   Data           2  os_dbg.o(.constdata)
    OSTaskNameEn                             0x0801053a   Data           2  os_dbg.o(.constdata)
    OSTaskStatEn                             0x0801053c   Data           2  os_dbg.o(.constdata)
    OSTaskStatStkSize                        0x0801053e   Data           2  os_dbg.o(.constdata)
    OSTaskStatStkChkEn                       0x08010540   Data           2  os_dbg.o(.constdata)
    OSTaskSwHookEn                           0x08010542   Data           2  os_dbg.o(.constdata)
    OSTaskRegTblSize                         0x08010544   Data           2  os_dbg.o(.constdata)
    OSTCBPrioTblMax                          0x08010546   Data           2  os_dbg.o(.constdata)
    OSTCBSize                                0x08010548   Data           2  os_dbg.o(.constdata)
    OSTicksPerSec                            0x0801054a   Data           2  os_dbg.o(.constdata)
    OSTimeTickHookEn                         0x0801054c   Data           2  os_dbg.o(.constdata)
    OSVersionNbr                             0x0801054e   Data           2  os_dbg.o(.constdata)
    OSTmrEn                                  0x08010550   Data           2  os_dbg.o(.constdata)
    OSTmrCfgMax                              0x08010552   Data           2  os_dbg.o(.constdata)
    OSTmrCfgNameEn                           0x08010554   Data           2  os_dbg.o(.constdata)
    OSTmrCfgWheelSize                        0x08010556   Data           2  os_dbg.o(.constdata)
    OSTmrCfgTicksPerSec                      0x08010558   Data           2  os_dbg.o(.constdata)
    OSTmrSize                                0x0801055a   Data           2  os_dbg.o(.constdata)
    OSTmrTblSize                             0x0801055c   Data           2  os_dbg.o(.constdata)
    OSTmrWheelSize                           0x0801055e   Data           2  os_dbg.o(.constdata)
    OSTmrWheelTblSize                        0x08010560   Data           2  os_dbg.o(.constdata)
    OSDataSize                               0x08010562   Data           2  os_dbg.o(.constdata)
    OSUnMapTbl                               0x08010564   Data         256  os_core.o(.constdata)
    __mathlib_zero                           0x08010700   Data           8  qnan.o(.constdata)
    Region$$Table$$Base                      0x0801079c   Number         0  anon$$obj.o(Region$$Table)
    Region$$Table$$Limit                     0x080107bc   Number         0  anon$$obj.o(Region$$Table)
    __aeabi_HUGE_VAL                         0x080107bc   Data           0  fpconst.o(c$$dinf)
    __aeabi_HUGE_VALL                        0x080107bc   Data           0  fpconst.o(c$$dinf)
    __aeabi_INFINITY                         0x080107bc   Data           0  fpconst.o(c$$dinf)
    __dInf                                   0x080107bc   Data           0  fpconst.o(c$$dinf)
    __huge_val                               0x080107bc   Data           0  fpconst.o(c$$dinf)
    __ctype                                  0x080107ed   Data           0  lc_ctype_c.o(locale$$data)
    PeriodSem                                0x20000000   Data           4  task.o(.data)
    CANSendMutex                             0x20000004   Data           4  task.o(.data)
    msg                                      0x20000008   Data           8  stm32f4xx_it.o(.data)
    msg4                                     0x20000010   Data           4  stm32f4xx_it.o(.data)
    gunTimCnt                                0x2000006c   Data           4  timer.o(.data)
    SystemCoreClock                          0x2000007c   Data           4  system_stm32f4xx.o(.data)
    AHBPrescTable                            0x20000080   Data          16  system_stm32f4xx.o(.data)
    OS_CPU_ExceptStkBase                     0x20000090   Data           4  os_cpu_c.o(.data)
    OSCtxSwCtr                               0x20000098   Data           4  os_core.o(.data)
    OSEventFreeList                          0x2000009c   Data           4  os_core.o(.data)
    OSFlagFreeList                           0x200000a0   Data           4  os_core.o(.data)
    OSCPUUsage                               0x200000a4   Data           1  os_core.o(.data)
    OSIdleCtrMax                             0x200000a8   Data           4  os_core.o(.data)
    OSIdleCtrRun                             0x200000ac   Data           4  os_core.o(.data)
    OSStatRdy                                0x200000b0   Data           1  os_core.o(.data)
    OSIntNesting                             0x200000b1   Data           1  os_core.o(.data)
    OSLockNesting                            0x200000b2   Data           1  os_core.o(.data)
    OSPrioCur                                0x200000b3   Data           1  os_core.o(.data)
    OSPrioHighRdy                            0x200000b4   Data           1  os_core.o(.data)
    OSRdyGrp                                 0x200000b5   Data           1  os_core.o(.data)
    OSRdyTbl                                 0x200000b6   Data           8  os_core.o(.data)
    OSRunning                                0x200000be   Data           1  os_core.o(.data)
    OSTaskCtr                                0x200000bf   Data           1  os_core.o(.data)
    OSIdleCtr                                0x200000c0   Data           4  os_core.o(.data)
    OSTCBCur                                 0x200000c4   Data           4  os_core.o(.data)
    OSTCBFreeList                            0x200000c8   Data           4  os_core.o(.data)
    OSTCBHighRdy                             0x200000cc   Data           4  os_core.o(.data)
    OSTCBList                                0x200000d0   Data           4  os_core.o(.data)
    OSTickStepState                          0x200000d4   Data           1  os_core.o(.data)
    OSMemFreeList                            0x200000d8   Data           4  os_core.o(.data)
    OSQFreeList                              0x200000dc   Data           4  os_core.o(.data)
    OSTime                                   0x200000e0   Data           4  os_core.o(.data)
    OSTmrFree                                0x200000e4   Data           2  os_core.o(.data)
    OSTmrUsed                                0x200000e6   Data           2  os_core.o(.data)
    OSTmrTime                                0x200000e8   Data           4  os_core.o(.data)
    OSTmrSem                                 0x200000ec   Data           4  os_core.o(.data)
    OSTmrSemSignal                           0x200000f0   Data           4  os_core.o(.data)
    OSTmrFreeList                            0x200000f4   Data           4  os_core.o(.data)
    gRobot                                   0x20001908   Data         216  task.o(.bss)
    OS_CPU_ExceptStk                         0x20002438   Data         512  os_cpu_c.o(.bss)
    OSEventTbl                               0x20002638   Data        1440  os_core.o(.bss)
    OSFlagTbl                                0x20002bd8   Data          80  os_core.o(.bss)
    OSTaskStatStk                            0x20002c28   Data         512  os_core.o(.bss)
    OSTaskIdleStk                            0x20002e28   Data         512  os_core.o(.bss)
    OSTCBPrioTbl                             0x20003028   Data         256  os_core.o(.bss)
    OSTCBTbl                                 0x20003128   Data        2816  os_core.o(.bss)
    OSMemTbl                                 0x20003c28   Data         120  os_core.o(.bss)
    OSQTbl                                   0x20003ca0   Data          96  os_core.o(.bss)
    OSTmrTbl                                 0x20003d00   Data         640  os_core.o(.bss)
    OSTmrTaskStk                             0x20003f80   Data         512  os_core.o(.bss)
    OSTmrWheelTbl                            0x20004180   Data          64  os_core.o(.bss)
    __libspace_start                         0x200041c0   Data          96  libspace.o(.bss)
    __temporary_stack_top$libspace           0x20004220   Data           0  libspace.o(.bss)



==============================================================================

Memory Map of the image

  Image Entry point : 0x08000189

  Load Region LR_IROM1 (Base: 0x08000000, Size: 0x000109f8, Max: 0x00080000, ABSOLUTE)

    Execution Region ER_IROM1 (Base: 0x08000000, Size: 0x000108f0, Max: 0x00080000, ABSOLUTE)

    Base Addr    Size         Type   Attr      Idx    E Section Name        Object

    0x08000000   0x00000188   Data   RO          658    RESET               startup_stm32f4xx.o
    0x08000188   0x00000008   Code   RO         1218  * !!!main             c_w.l(__main.o)
    0x08000190   0x00000034   Code   RO         1604    !!!scatter          c_w.l(__scatter.o)
    0x080001c4   0x0000001a   Code   RO         1606    !!handler_copy      c_w.l(__scatter_copy.o)
    0x080001de   0x00000002   PAD
    0x080001e0   0x0000001c   Code   RO         1608    !!handler_zi        c_w.l(__scatter_zi.o)
    0x080001fc   0x00000000   Code   RO         1203    .ARM.Collect$$_printf_percent$$00000000  c_w.l(_printf_percent.o)
    0x080001fc   0x00000006   Code   RO         1202    .ARM.Collect$$_printf_percent$$00000009  c_w.l(_printf_d.o)
    0x08000202   0x00000004   Code   RO         1281    .ARM.Collect$$_printf_percent$$00000017  c_w.l(_printf_percent_end.o)
    0x08000206   0x00000002   Code   RO         1387    .ARM.Collect$$libinit$$00000000  c_w.l(libinit.o)
    0x08000208   0x00000004   Code   RO         1388    .ARM.Collect$$libinit$$00000001  c_w.l(libinit2.o)
    0x0800020c   0x00000000   Code   RO         1391    .ARM.Collect$$libinit$$00000004  c_w.l(libinit2.o)
    0x0800020c   0x00000000   Code   RO         1394    .ARM.Collect$$libinit$$0000000A  c_w.l(libinit2.o)
    0x0800020c   0x00000000   Code   RO         1396    .ARM.Collect$$libinit$$0000000C  c_w.l(libinit2.o)
    0x0800020c   0x00000000   Code   RO         1398    .ARM.Collect$$libinit$$0000000E  c_w.l(libinit2.o)
    0x0800020c   0x00000006   Code   RO         1399    .ARM.Collect$$libinit$$0000000F  c_w.l(libinit2.o)
    0x08000212   0x00000000   Code   RO         1401    .ARM.Collect$$libinit$$00000011  c_w.l(libinit2.o)
    0x08000212   0x0000000c   Code   RO         1402    .ARM.Collect$$libinit$$00000012  c_w.l(libinit2.o)
    0x0800021e   0x00000000   Code   RO         1403    .ARM.Collect$$libinit$$00000013  c_w.l(libinit2.o)
    0x0800021e   0x00000000   Code   RO         1405    .ARM.Collect$$libinit$$00000015  c_w.l(libinit2.o)
    0x0800021e   0x0000000a   Code   RO         1406    .ARM.Collect$$libinit$$00000016  c_w.l(libinit2.o)
    0x08000228   0x00000000   Code   RO         1407    .ARM.Collect$$libinit$$00000017  c_w.l(libinit2.o)
    0x08000228   0x00000000   Code   RO         1409    .ARM.Collect$$libinit$$00000019  c_w.l(libinit2.o)
    0x08000228   0x00000000   Code   RO         1411    .ARM.Collect$$libinit$$0000001B  c_w.l(libinit2.o)
    0x08000228   0x00000000   Code   RO         1413    .ARM.Collect$$libinit$$0000001D  c_w.l(libinit2.o)
    0x08000228   0x00000000   Code   RO         1415    .ARM.Collect$$libinit$$0000001F  c_w.l(libinit2.o)
    0x08000228   0x00000000   Code   RO         1417    .ARM.Collect$$libinit$$00000021  c_w.l(libinit2.o)
    0x08000228   0x00000000   Code   RO         1419    .ARM.Collect$$libinit$$00000023  c_w.l(libinit2.o)
    0x08000228   0x00000000   Code   RO         1421    .ARM.Collect$$libinit$$00000025  c_w.l(libinit2.o)
    0x08000228   0x00000000   Code   RO         1425    .ARM.Collect$$libinit$$0000002C  c_w.l(libinit2.o)
    0x08000228   0x00000000   Code   RO         1427    .ARM.Collect$$libinit$$0000002E  c_w.l(libinit2.o)
    0x08000228   0x00000000   Code   RO         1429    .ARM.Collect$$libinit$$00000030  c_w.l(libinit2.o)
    0x08000228   0x00000000   Code   RO         1431    .ARM.Collect$$libinit$$00000032  c_w.l(libinit2.o)
    0x08000228   0x00000002   Code   RO         1432    .ARM.Collect$$libinit$$00000033  c_w.l(libinit2.o)
    0x0800022a   0x00000002   Code   RO         1536    .ARM.Collect$$libshutdown$$00000000  c_w.l(libshutdown.o)
    0x0800022c   0x00000000   Code   RO         1563    .ARM.Collect$$libshutdown$$00000002  c_w.l(libshutdown2.o)
    0x0800022c   0x00000000   Code   RO         1565    .ARM.Collect$$libshutdown$$00000004  c_w.l(libshutdown2.o)
    0x0800022c   0x00000000   Code   RO         1568    .ARM.Collect$$libshutdown$$00000007  c_w.l(libshutdown2.o)
    0x0800022c   0x00000000   Code   RO         1571    .ARM.Collect$$libshutdown$$0000000A  c_w.l(libshutdown2.o)
    0x0800022c   0x00000000   Code   RO         1573    .ARM.Collect$$libshutdown$$0000000C  c_w.l(libshutdown2.o)
    0x0800022c   0x00000000   Code   RO         1576    .ARM.Collect$$libshutdown$$0000000F  c_w.l(libshutdown2.o)
    0x0800022c   0x00000002   Code   RO         1577    .ARM.Collect$$libshutdown$$00000010  c_w.l(libshutdown2.o)
    0x0800022e   0x00000000   Code   RO         1272    .ARM.Collect$$rtentry$$00000000  c_w.l(__rtentry.o)
    0x0800022e   0x00000000   Code   RO         1335    .ARM.Collect$$rtentry$$00000002  c_w.l(__rtentry2.o)
    0x0800022e   0x00000006   Code   RO         1347    .ARM.Collect$$rtentry$$00000004  c_w.l(__rtentry4.o)
    0x08000234   0x00000000   Code   RO         1337    .ARM.Collect$$rtentry$$00000009  c_w.l(__rtentry2.o)
    0x08000234   0x00000004   Code   RO         1338    .ARM.Collect$$rtentry$$0000000A  c_w.l(__rtentry2.o)
    0x08000238   0x00000000   Code   RO         1340    .ARM.Collect$$rtentry$$0000000C  c_w.l(__rtentry2.o)
    0x08000238   0x00000008   Code   RO         1341    .ARM.Collect$$rtentry$$0000000D  c_w.l(__rtentry2.o)
    0x08000240   0x00000002   Code   RO         1437    .ARM.Collect$$rtexit$$00000000  c_w.l(rtexit.o)
    0x08000242   0x00000000   Code   RO         1498    .ARM.Collect$$rtexit$$00000002  c_w.l(rtexit2.o)
    0x08000242   0x00000004   Code   RO         1499    .ARM.Collect$$rtexit$$00000003  c_w.l(rtexit2.o)
    0x08000246   0x00000006   Code   RO         1500    .ARM.Collect$$rtexit$$00000004  c_w.l(rtexit2.o)
    0x0800024c   0x00000074   Code   RO            4    .text               main.o
    0x080002c0   0x000002b0   Code   RO          102    .text               task.o
    0x08000570   0x000007c0   Code   RO          200    .text               stm32f4xx_it.o
    0x08000d30   0x000006d0   Code   RO          241    .text               customer.o
    0x08001400   0x0000092c   Code   RO          276    .text               process.o
    0x08001d2c   0x00000444   Code   RO          302    .text               shoot.o
    0x08002170   0x00000040   Code   RO          330    .text               gasvalvecontrol.o
    0x080021b0   0x00000c18   Code   RO          358    .text               steer.o
    0x08002dc8   0x00000570   Code   RO          400    .text               can.o
    0x08003338   0x00000344   Code   RO          432    .text               dma.o
    0x0800367c   0x00001434   Code   RO          462    .text               elmo.o
    0x08004ab0   0x00000148   Code   RO          487    .text               gpio.o
    0x08004bf8   0x000008e8   Code   RO          511    .text               timer.o
    0x080054e0   0x00000860   Code   RO          543    .text               usart.o
    0x08005d40   0x00000108   Code   RO          580    .text               adc.o
    0x08005e48   0x00000210   Code   RO          629    .text               system_stm32f4xx.o
    0x08006058   0x00000050   Code   RO          659    .text               startup_stm32f4xx.o
    0x080060a8   0x000002c8   Code   RO          666    .text               os_cpu_c.o
    0x08006370   0x000000b8   Code   RO          698    .text               os_cpu_a.o
    0x08006428   0x0000015c   Code   RO          701    .text               os_dbg.o
    0x08006584   0x00000d50   Code   RO          716    .text               os_core.o
    0x080072d4   0x00000864   Code   RO          736    .text               os_flag.o
    0x08007b38   0x00000258   Code   RO          760    .text               os_mem.o
    0x08007d90   0x0000064c   Code   RO          772    .text               os_mutex.o
    0x080083dc   0x00000654   Code   RO          784    .text               os_q.o
    0x08008a30   0x000003e0   Code   RO          796    .text               os_sem.o
    0x08008e10   0x0000090c   Code   RO          808    .text               os_task.o
    0x0800971c   0x000001d4   Code   RO          820    .text               os_time.o
    0x080098f0   0x000006e0   Code   RO          832    .text               os_tmr.o
    0x08009fd0   0x00000012   Code   RO          847    .text               os_apphooks.o
    0x08009fe2   0x00000002   PAD
    0x08009fe4   0x0000025c   Code   RO          871    .text               stm32f4xx_gpio.o
    0x0800a240   0x00000588   Code   RO          895    .text               stm32f4xx_rcc.o
    0x0800a7c8   0x000000e0   Code   RO          921    .text               misc.o
    0x0800a8a8   0x00000ca2   Code   RO          945    .text               stm32f4xx_tim.o
    0x0800b54a   0x00000002   PAD
    0x0800b54c   0x0000043e   Code   RO          969    .text               stm32f4xx_usart.o
    0x0800b98a   0x00000002   PAD
    0x0800b98c   0x000009f0   Code   RO          993    .text               stm32f4xx_can.o
    0x0800c37c   0x000003a8   Code   RO         1017    .text               stm32f4xx_dma.o
    0x0800c724   0x00000464   Code   RO         1095    .text               stm32f4xx_adc.o
    0x0800cb88   0x00000028   Code   RO         1174    .text               c_w.l(noretval__2sprintf.o)
    0x0800cbb0   0x0000004e   Code   RO         1178    .text               c_w.l(_printf_pad.o)
    0x0800cbfe   0x00000002   PAD
    0x0800cc00   0x00000078   Code   RO         1180    .text               c_w.l(_printf_dec.o)
    0x0800cc78   0x00000138   Code   RO         1194    .text               c_w.l(__printf_flags_wp.o)
    0x0800cdb0   0x00000048   Code   RO         1204    .text               c_w.l(strcpy.o)
    0x0800cdf8   0x0000003e   Code   RO         1206    .text               c_w.l(strlen.o)
    0x0800ce36   0x00000096   Code   RO         1208    .text               c_w.l(strncmp.o)
    0x0800cecc   0x0000008a   Code   RO         1210    .text               c_w.l(rt_memcpy_v6.o)
    0x0800cf56   0x00000064   Code   RO         1212    .text               c_w.l(rt_memcpy_w.o)
    0x0800cfba   0x00000002   PAD
    0x0800cfbc   0x00000080   Code   RO         1214    .text               c_w.l(strcmpv7m.o)
    0x0800d03c   0x00000006   Code   RO         1216    .text               c_w.l(heapauxi.o)
    0x0800d042   0x00000016   Code   RO         1273    .text               c_w.l(_rserrno.o)
    0x0800d058   0x000000b2   Code   RO         1275    .text               c_w.l(_printf_intcommon.o)
    0x0800d10a   0x00000002   PAD
    0x0800d10c   0x00000030   Code   RO         1277    .text               c_w.l(_printf_char_common.o)
    0x0800d13c   0x0000000a   Code   RO         1279    .text               c_w.l(_sputc.o)
    0x0800d146   0x00000002   PAD
    0x0800d148   0x000000a4   Code   RO         1282    .text               c_w.l(strtod.o)
    0x0800d1ec   0x00000008   Code   RO         1352    .text               c_w.l(rt_errno_addr_intlibspace.o)
    0x0800d1f4   0x00000012   Code   RO         1354    .text               c_w.l(isspace.o)
    0x0800d206   0x00000040   Code   RO         1358    .text               c_w.l(_sgetc.o)
    0x0800d246   0x00000002   PAD
    0x0800d248   0x00000008   Code   RO         1371    .text               c_w.l(libspace.o)
    0x0800d250   0x0000004a   Code   RO         1374    .text               c_w.l(sys_stackheap_outer.o)
    0x0800d29a   0x00000002   PAD
    0x0800d29c   0x00000010   Code   RO         1376    .text               c_w.l(rt_ctype_table.o)
    0x0800d2ac   0x000004a4   Code   RO         1378    .text               c_w.l(scanf_fp.o)
    0x0800d750   0x00000012   Code   RO         1380    .text               c_w.l(exit.o)
    0x0800d762   0x00000002   PAD
    0x0800d764   0x00000008   Code   RO         1442    .text               c_w.l(rt_locale_intlibspace.o)
    0x0800d76c   0x000000dc   Code   RO         1444    .text               c_w.l(bigflt0.o)
    0x0800d848   0x00000320   Code   RO         1504    .text               c_w.l(scanf_hexfp.o)
    0x0800db68   0x00000134   Code   RO         1506    .text               c_w.l(scanf_infnan.o)
    0x0800dc9c   0x0000000c   Code   RO         1522    .text               c_w.l(sys_exit.o)
    0x0800dca8   0x00000026   Code   RO         1526    .text               c_w.l(llshl.o)
    0x0800dcce   0x0000001c   Code   RO         1528    .text               c_w.l(_chval.o)
    0x0800dcea   0x00000002   Code   RO         1553    .text               c_w.l(use_no_semi.o)
    0x0800dcec   0x00000000   Code   RO         1555    .text               c_w.l(indicate_semi.o)
    0x0800dcec   0x00000338   Code   RO         1457    CL$$btod_div_common  c_w.l(btod.o)
    0x0800e024   0x00000054   Code   RO         1455    CL$$btod_e2d        c_w.l(btod.o)
    0x0800e078   0x000000c6   Code   RO         1454    CL$$btod_e2e        c_w.l(btod.o)
    0x0800e13e   0x00000028   Code   RO         1451    CL$$btod_ediv       c_w.l(btod.o)
    0x0800e166   0x00000028   Code   RO         1453    CL$$btod_edivd      c_w.l(btod.o)
    0x0800e18e   0x00000028   Code   RO         1450    CL$$btod_emul       c_w.l(btod.o)
    0x0800e1b6   0x00000028   Code   RO         1452    CL$$btod_emuld      c_w.l(btod.o)
    0x0800e1de   0x00000244   Code   RO         1456    CL$$btod_mult_common  c_w.l(btod.o)
    0x0800e422   0x00000030   Code   RO         1317    i.__ARM_fpclassify  m_wm.l(fpclassify.o)
    0x0800e452   0x00000006   PAD
    0x0800e458   0x00000038   Code   RO         1246    i.__hardfp_atof     m_wm.l(atof.o)
    0x0800e490   0x00000014   Code   RO         1252    i.__hardfp_fabs     m_wm.l(fabs.o)
    0x0800e4a4   0x00000004   PAD
    0x0800e4a8   0x000000d0   Code   RO         1537    i.__hardfp_ldexp    m_wm.l(ldexp.o)
    0x0800e578   0x00000c50   Code   RO         1258    i.__hardfp_pow      m_wm.l(pow.o)
    0x0800f1c8   0x000000f8   Code   RO         1319    i.__kernel_poly     m_wm.l(poly.o)
    0x0800f2c0   0x00000030   Code   RO         1303    i.__mathlib_dbl_divzero  m_wm.l(dunder.o)
    0x0800f2f0   0x00000014   Code   RO         1305    i.__mathlib_dbl_infnan2  m_wm.l(dunder.o)
    0x0800f304   0x00000004   PAD
    0x0800f308   0x00000020   Code   RO         1306    i.__mathlib_dbl_invalid  m_wm.l(dunder.o)
    0x0800f328   0x00000020   Code   RO         1307    i.__mathlib_dbl_overflow  m_wm.l(dunder.o)
    0x0800f348   0x00000020   Code   RO         1309    i.__mathlib_dbl_underflow  m_wm.l(dunder.o)
    0x0800f368   0x000000b8   Code   RO         1490    i.__mathlib_narrow  m_wm.l(narrow.o)
    0x0800f420   0x00000014   Code   RO         1539    i.__support_ldexp   m_wm.l(ldexp.o)
    0x0800f434   0x0000000e   Code   RO         1192    i._is_digit         c_w.l(__printf_wp.o)
    0x0800f442   0x00000018   Code   RO         1254    i.fabs              m_wm.l(fabs.o)
    0x0800f45a   0x00000006   PAD
    0x0800f460   0x0000008c   Code   RO         1516    i.frexp             m_wm.l(frexp.o)
    0x0800f4ec   0x0000006e   Code   RO         1324    i.sqrt              m_wm.l(sqrt.o)
    0x0800f55a   0x00000002   PAD
    0x0800f55c   0x0000002c   Code   RO         1361    locale$$code        c_w.l(lc_numeric_c.o)
    0x0800f588   0x0000002c   Code   RO         1470    locale$$code        c_w.l(lc_ctype_c.o)
    0x0800f5b4   0x00000018   Code   RO         1284    x$fpl$basic         fz_wm.l(basic.o)
    0x0800f5cc   0x00000062   Code   RO         1220    x$fpl$d2f           fz_wm.l(d2f.o)
    0x0800f62e   0x00000002   PAD
    0x0800f630   0x00000150   Code   RO         1222    x$fpl$dadd          fz_wm.l(daddsub_clz.o)
    0x0800f780   0x00000010   Code   RO         1363    x$fpl$dcheck1       fz_wm.l(dcheck1.o)
    0x0800f790   0x00000018   Code   RO         1433    x$fpl$dcmpinf       fz_wm.l(dcmpi.o)
    0x0800f7a8   0x000002b0   Code   RO         1287    x$fpl$ddiv          fz_wm.l(ddiv.o)
    0x0800fa58   0x00000078   Code   RO         1512    x$fpl$deqf          fz_wm.l(deqf.o)
    0x0800fad0   0x0000005e   Code   RO         1228    x$fpl$dfix          fz_wm.l(dfix.o)
    0x0800fb2e   0x00000002   PAD
    0x0800fb30   0x0000005a   Code   RO         1232    x$fpl$dfixu         fz_wm.l(dfixu.o)
    0x0800fb8a   0x0000002e   Code   RO         1237    x$fpl$dflt          fz_wm.l(dflt_clz.o)
    0x0800fbb8   0x00000078   Code   RO         1365    x$fpl$dleqf         fz_wm.l(dleqf.o)
    0x0800fc30   0x00000154   Code   RO         1242    x$fpl$dmul          fz_wm.l(dmul.o)
    0x0800fd84   0x0000009c   Code   RO         1290    x$fpl$dnaninf       fz_wm.l(dnaninf.o)
    0x0800fe20   0x0000000c   Code   RO         1292    x$fpl$dretinf       fz_wm.l(dretinf.o)
    0x0800fe2c   0x0000006c   Code   RO         1294    x$fpl$drleqf        fz_wm.l(drleqf.o)
    0x0800fe98   0x00000016   Code   RO         1223    x$fpl$drsb          fz_wm.l(daddsub_clz.o)
    0x0800feae   0x00000002   PAD
    0x0800feb0   0x00000198   Code   RO         1367    x$fpl$dsqrt         fz_wm.l(dsqrt_umaal.o)
    0x08010048   0x000001d4   Code   RO         1224    x$fpl$dsub          fz_wm.l(daddsub_clz.o)
    0x0801021c   0x00000056   Code   RO         1244    x$fpl$f2d           fz_wm.l(f2d.o)
    0x08010272   0x0000008c   Code   RO         1296    x$fpl$fnaninf       fz_wm.l(fnaninf.o)
    0x080102fe   0x0000000a   Code   RO         1477    x$fpl$fpinit        fz_wm.l(fpinit.o)
    0x08010308   0x0000000a   Code   RO         1298    x$fpl$fretinf       fz_wm.l(fretinf.o)
    0x08010312   0x00000064   Code   RO         1435    x$fpl$retnan        fz_wm.l(retnan.o)
    0x08010376   0x0000005c   Code   RO         1300    x$fpl$scalbn        fz_wm.l(scalbn.o)
    0x080103d2   0x00000004   Code   RO         1369    x$fpl$scanf1        fz_wm.l(scanf1.o)
    0x080103d6   0x00000008   Code   RO         1481    x$fpl$scanf2        fz_wm.l(scanf2.o)
    0x080103de   0x00000030   Code   RO         1487    x$fpl$trapveneer    fz_wm.l(trapv.o)
    0x0801040e   0x00000000   Code   RO         1302    x$fpl$usenofp       fz_wm.l(usenofp.o)
    0x0801040e   0x00000002   PAD
    0x08010410   0x000000e0   Data   RO          463    .constdata          elmo.o
    0x080104f0   0x00000074   Data   RO          702    .constdata          os_dbg.o
    0x08010564   0x00000100   Data   RO          718    .constdata          os_core.o
    0x08010664   0x00000011   Data   RO         1195    .constdata          c_w.l(__printf_flags_wp.o)
    0x08010675   0x00000003   PAD
    0x08010678   0x00000088   Data   RO         1261    .constdata          m_wm.l(pow.o)
    0x08010700   0x00000008   Data   RO         1321    .constdata          m_wm.l(qnan.o)
    0x08010708   0x00000094   Data   RO         1445    .constdata          c_w.l(bigflt0.o)
    0x0801079c   0x00000020   Data   RO         1602    Region$$Table       anon$$obj.o
    0x080107bc   0x00000008   Data   RO         1474    c$$dinf             fz_wm.l(fpconst.o)
    0x080107c4   0x0000001c   Data   RO         1360    locale$$data        c_w.l(lc_numeric_c.o)
    0x080107e0   0x00000110   Data   RO         1469    locale$$data        c_w.l(lc_ctype_c.o)


    Execution Region RW_IRAM1 (Base: 0x20000000, Size: 0x0000a620, Max: 0x00020000, ABSOLUTE)

    Base Addr    Size         Type   Attr      Idx    E Section Name        Object

    0x20000000   0x00000008   Data   RW          104    .data               task.o
    0x20000008   0x00000014   Data   RW          201    .data               stm32f4xx_it.o
    0x2000001c   0x0000000c   Data   RW          243    .data               customer.o
    0x20000028   0x00000008   Data   RW          277    .data               process.o
    0x20000030   0x00000038   Data   RW          359    .data               steer.o
    0x20000068   0x00000001   Data   RW          401    .data               can.o
    0x20000069   0x00000001   PAD
    0x2000006a   0x00000002   Data   RW          434    .data               dma.o
    0x2000006c   0x00000004   Data   RW          513    .data               timer.o
    0x20000070   0x00000009   Data   RW          545    .data               usart.o
    0x20000079   0x00000003   PAD
    0x2000007c   0x00000014   Data   RW          630    .data               system_stm32f4xx.o
    0x20000090   0x00000006   Data   RW          668    .data               os_cpu_c.o
    0x20000096   0x00000002   PAD
    0x20000098   0x00000060   Data   RW          719    .data               os_core.o
    0x200000f8   0x00000010   Data   RW          896    .data               stm32f4xx_rcc.o
    0x20000108   0x00000400   Zero   RW            5    .bss                main.o
    0x20000508   0x000014d8   Zero   RW          103    .bss                task.o
    0x200019e0   0x00000028   Zero   RW          242    .bss                customer.o
    0x20001a08   0x00000320   Zero   RW          433    .bss                dma.o
    0x20001d28   0x000000d0   Zero   RW          512    .bss                timer.o
    0x20001df8   0x00000640   Zero   RW          544    .bss                usart.o
    0x20002438   0x00000200   Zero   RW          667    .bss                os_cpu_c.o
    0x20002638   0x00001b88   Zero   RW          717    .bss                os_core.o
    0x200041c0   0x00000060   Zero   RW         1372    .bss                c_w.l(libspace.o)
    0x20004220   0x00006000   Zero   RW          657    HEAP                startup_stm32f4xx.o
    0x2000a220   0x00000400   Zero   RW          656    STACK               startup_stm32f4xx.o


==============================================================================

Image component sizes


      Code (inc. data)   RO Data    RW Data    ZI Data      Debug   Object Name

       264         32          0          0          0       1229   adc.o
      1392         92          0          1          0       3807   can.o
      1744        202          0         12         40       3494   customer.o
       836         26          0          2        800      14750   dma.o
      5172        768        224          0          0      13765   elmo.o
        64          4          0          0          0        762   gasvalvecontrol.o
       328         20          0          0          0       1626   gpio.o
       116         18          0          0       1024     229922   main.o
       224         20          0          0          0       1949   misc.o
        18          0          0          0          0       1515   os_apphooks.o
      3408        290        256         96       7048      19395   os_core.o
       184         32          0          0          0        308   os_cpu_a.o
       712         28          0          6        512      12359   os_cpu_c.o
       348        230        116          0          0       3366   os_dbg.o
      2148         44          0          0          0       7320   os_flag.o
       600         16          0          0          0       3488   os_mem.o
      1612         50          0          0          0       4690   os_mutex.o
      1620         34          0          0          0       5997   os_q.o
       992         22          0          0          0       4150   os_sem.o
      2316         76          0          0          0       8469   os_task.o
       468         28          0          0          0       1926   os_time.o
      1760        132          0          0          0       5869   os_tmr.o
      2348        642          0          8          0       2932   process.o
      1092        134          0          0          0       2406   shoot.o
        80         32        392          0      25600        868   startup_stm32f4xx.o
      3096        538          0         56          0       5458   steer.o
      1124         24          0          0          0      10818   stm32f4xx_adc.o
      2544         38          0          0          0       8272   stm32f4xx_can.o
       936         32          0          0          0       6525   stm32f4xx_dma.o
       604         36          0          0          0       4253   stm32f4xx_gpio.o
      1984        354          0         20          0       9834   stm32f4xx_it.o
      1416         48          0         16          0      11187   stm32f4xx_rcc.o
      3234         60          0          0          0      23140   stm32f4xx_tim.o
      1086         26          0          0          0       8052   stm32f4xx_usart.o
       528         46          0         20          0       1843   system_stm32f4xx.o
       688         70          0          8       5336      74474   task.o
      2280         68          0          4        208       6533   timer.o
      2144        336          0          9       1600       7516   usart.o

    ----------------------------------------------------------------------
     51516       4648       1020        264      42168     534267   Object Totals
         0          0         32          0          0          0   (incl. Generated)
         6          0          0          6          0          0   (incl. Padding)

    ----------------------------------------------------------------------

      Code (inc. data)   RO Data    RW Data    ZI Data      Debug   Library Member Name

         8          0          0          0          0         68   __main.o
       312          4         17          0          0         92   __printf_flags_wp.o
        14          0          0          0          0         68   __printf_wp.o
         0          0          0          0          0          0   __rtentry.o
        12          0          0          0          0          0   __rtentry2.o
         6          0          0          0          0          0   __rtentry4.o
        52          8          0          0          0          0   __scatter.o
        26          0          0          0          0          0   __scatter_copy.o
        28          0          0          0          0          0   __scatter_zi.o
        28          0          0          0          0         68   _chval.o
        48          6          0          0          0         96   _printf_char_common.o
         6          0          0          0          0          0   _printf_d.o
       120         16          0          0          0         92   _printf_dec.o
       178          0          0          0          0         88   _printf_intcommon.o
        78          0          0          0          0        108   _printf_pad.o
         0          0          0          0          0          0   _printf_percent.o
         4          0          0          0          0          0   _printf_percent_end.o
        22          0          0          0          0        100   _rserrno.o
        64          0          0          0          0         84   _sgetc.o
        10          0          0          0          0         68   _sputc.o
       220          4        148          0          0         96   bigflt0.o
      1846        132          0          0          0        736   btod.o
        18          0          0          0          0         80   exit.o
         6          0          0          0          0        152   heapauxi.o
         0          0          0          0          0          0   indicate_semi.o
        18          0          0          0          0         76   isspace.o
        44         10        272          0          0         76   lc_ctype_c.o
        44         10         28          0          0         76   lc_numeric_c.o
         2          0          0          0          0          0   libinit.o
        34          0          0          0          0          0   libinit2.o
         2          0          0          0          0          0   libshutdown.o
         2          0          0          0          0          0   libshutdown2.o
         8          4          0          0         96         68   libspace.o
        38          0          0          0          0         68   llshl.o
        40          6          0          0          0         84   noretval__2sprintf.o
        16          4          0          0          0         76   rt_ctype_table.o
         8          4          0          0          0         68   rt_errno_addr_intlibspace.o
         8          4          0          0          0         68   rt_locale_intlibspace.o
       138          0          0          0          0         68   rt_memcpy_v6.o
       100          0          0          0          0         80   rt_memcpy_w.o
         2          0          0          0          0          0   rtexit.o
        10          0          0          0          0          0   rtexit2.o
      1188         12          0          0          0        148   scanf_fp.o
       800         14          0          0          0        100   scanf_hexfp.o
       308         16          0          0          0        100   scanf_infnan.o
       128          0          0          0          0         68   strcmpv7m.o
        72          0          0          0          0         80   strcpy.o
        62          0          0          0          0         76   strlen.o
       150          0          0          0          0         80   strncmp.o
       164         14          0          0          0        120   strtod.o
        12          4          0          0          0         68   sys_exit.o
        74          0          0          0          0         80   sys_stackheap_outer.o
         2          0          0          0          0         68   use_no_semi.o
        24          0          0          0          0        164   basic.o
        98          4          0          0          0        140   d2f.o
       826         16          0          0          0        492   daddsub_clz.o
        16          4          0          0          0        116   dcheck1.o
        24          0          0          0          0        116   dcmpi.o
       688        140          0          0          0        256   ddiv.o
       120          4          0          0          0        140   deqf.o
        94          4          0          0          0        140   dfix.o
        90          4          0          0          0        140   dfixu.o
        46          0          0          0          0        116   dflt_clz.o
       120          4          0          0          0        140   dleqf.o
       340         12          0          0          0        152   dmul.o
       156          4          0          0          0        140   dnaninf.o
        12          0          0          0          0        116   dretinf.o
       108          0          0          0          0        128   drleqf.o
       408         56          0          0          0        168   dsqrt_umaal.o
        86          4          0          0          0        132   f2d.o
       140          4          0          0          0        132   fnaninf.o
         0          0          8          0          0          0   fpconst.o
        10          0          0          0          0        116   fpinit.o
        10          0          0          0          0        116   fretinf.o
       100          0          0          0          0        116   retnan.o
        92          0          0          0          0        116   scalbn.o
         4          0          0          0          0        116   scanf1.o
         8          0          0          0          0        132   scanf2.o
        48          0          0          0          0        116   trapv.o
         0          0          0          0          0          0   usenofp.o
        56         12          0          0          0        132   atof.o
       164         44          0          0          0        620   dunder.o
        44          0          0          0          0        248   fabs.o
        48          0          0          0          0        124   fpclassify.o
       140         22          0          0          0        132   frexp.o
       228          8          0          0          0        308   ldexp.o
       184         18          0          0          0        152   narrow.o
       248          0          0          0          0        152   poly.o
      3152        296        136          0          0        352   pow.o
         0          0          8          0          0          0   qnan.o
       110          0          0          0          0        148   sqrt.o

    ----------------------------------------------------------------------
     14668        932        620          0         96       9916   Library Totals
        46          0          3          0          0          0   (incl. Padding)

    ----------------------------------------------------------------------

      Code (inc. data)   RO Data    RW Data    ZI Data      Debug   Library Name

      6580        272        465          0         96       3792   c_w.l
      3668        260          8          0          0       3756   fz_wm.l
      4374        400        144          0          0       2368   m_wm.l

    ----------------------------------------------------------------------
     14668        932        620          0         96       9916   Library Totals

    ----------------------------------------------------------------------

==============================================================================


      Code (inc. data)   RO Data    RW Data    ZI Data      Debug   

     66184       5580       1640        264      42264     530703   Grand Totals
     66184       5580       1640        264      42264     530703   ELF Image Totals
     66184       5580       1640        264          0          0   ROM Totals

==============================================================================

    Total RO  Size (Code + RO Data)                67824 (  66.23kB)
    Total RW  Size (RW Data + ZI Data)             42528 (  41.53kB)
    Total ROM Size (Code + RO Data + RW Data)      68088 (  66.49kB)

==============================================================================

